Archive member included to satisfy reference by file (symbol)

C:/Program Files/SEGGER/SEGGER Embedded Studio for ARM 7.32a/lib/libc_v7em_fpv4_sp_d16_hard_t_le_eabi_balanced.a(prinops.o)
                              Output/Debug/Obj/Plain_starter/bsp.o (printf)
C:/Program Files/SEGGER/SEGGER Embedded Studio for ARM 7.32a/lib/libc_v7em_fpv4_sp_d16_hard_t_le_eabi_balanced.a(__SEGGER_RTL_vfprintf_long.o)
                              (__SEGGER_RTL_vfprintf_long)
C:/Program Files/SEGGER/SEGGER Embedded Studio for ARM 7.32a/lib/libc_v7em_fpv4_sp_d16_hard_t_le_eabi_balanced.a(__SEGGER_RTL_vfscanf_long.o)
                              (__SEGGER_RTL_vfscanf_long)
C:/Program Files/SEGGER/SEGGER Embedded Studio for ARM 7.32a/lib/libc_v7em_fpv4_sp_d16_hard_t_le_eabi_balanced.a(fileops.o)
                              C:/Program Files/SEGGER/SEGGER Embedded Studio for ARM 7.32a/lib/libc_v7em_fpv4_sp_d16_hard_t_le_eabi_balanced.a(prinops.o) (fwrite)
C:/Program Files/SEGGER/SEGGER Embedded Studio for ARM 7.32a/lib/libc_v7em_fpv4_sp_d16_hard_t_le_eabi_balanced.a(mbops.o)
                              C:/Program Files/SEGGER/SEGGER Embedded Studio for ARM 7.32a/lib/libc_v7em_fpv4_sp_d16_hard_t_le_eabi_balanced.a(prinops.o) (__SEGGER_RTL_current_locale)
C:/Program Files/SEGGER/SEGGER Embedded Studio for ARM 7.32a/lib/libc_v7em_fpv4_sp_d16_hard_t_le_eabi_balanced.a(sortops.o)
                              C:/Program Files/SEGGER/SEGGER Embedded Studio for ARM 7.32a/lib/libc_v7em_fpv4_sp_d16_hard_t_le_eabi_balanced.a(mbops.o) (bsearch)
C:/Program Files/SEGGER/SEGGER Embedded Studio for ARM 7.32a/lib/libc_v7em_fpv4_sp_d16_hard_t_le_eabi_balanced.a(timeops.o)
                              C:/Program Files/SEGGER/SEGGER Embedded Studio for ARM 7.32a/lib/libc_v7em_fpv4_sp_d16_hard_t_le_eabi_balanced.a(mbops.o) (__SEGGER_RTL_string_list_encode)
C:/Program Files/SEGGER/SEGGER Embedded Studio for ARM 7.32a/lib/libc_v7em_fpv4_sp_d16_hard_t_le_eabi_balanced.a(utilops.o)
                              C:/Program Files/SEGGER/SEGGER Embedded Studio for ARM 7.32a/lib/libc_v7em_fpv4_sp_d16_hard_t_le_eabi_balanced.a(__SEGGER_RTL_vfscanf_long.o) (__SEGGER_RTL_digit)
C:/Program Files/SEGGER/SEGGER Embedded Studio for ARM 7.32a/lib/libc_v7em_fpv4_sp_d16_hard_t_le_eabi_balanced.a(floatasmops_arm.o)
                              C:/Program Files/SEGGER/SEGGER Embedded Studio for ARM 7.32a/lib/libc_v7em_fpv4_sp_d16_hard_t_le_eabi_balanced.a(utilops.o) (__aeabi_dmul)
C:/Program Files/SEGGER/SEGGER Embedded Studio for ARM 7.32a/lib/libc_v7em_fpv4_sp_d16_hard_t_le_eabi_balanced.a(intasmops_arm.o)
                              C:/Program Files/SEGGER/SEGGER Embedded Studio for ARM 7.32a/lib/libc_v7em_fpv4_sp_d16_hard_t_le_eabi_balanced.a(__SEGGER_RTL_vfprintf_long.o) (__aeabi_uldivmod)
C:/Program Files/SEGGER/SEGGER Embedded Studio for ARM 7.32a/lib/libc_v7em_fpv4_sp_d16_hard_t_le_eabi_balanced.a(errno.o)
                              C:/Program Files/SEGGER/SEGGER Embedded Studio for ARM 7.32a/lib/libc_v7em_fpv4_sp_d16_hard_t_le_eabi_balanced.a(fileops.o) (__aeabi_errno_addr)
C:/Program Files/SEGGER/SEGGER Embedded Studio for ARM 7.32a/lib/libc_v7em_fpv4_sp_d16_hard_t_le_eabi_balanced.a(intops.o)
                              C:/Program Files/SEGGER/SEGGER Embedded Studio for ARM 7.32a/lib/libc_v7em_fpv4_sp_d16_hard_t_le_eabi_balanced.a(timeops.o) (div)
C:/Program Files/SEGGER/SEGGER Embedded Studio for ARM 7.32a/lib/prinops_rtt_v7em_fpv4_sp_d16_hard_t_le_eabi_balanced.a(prinops_rtt.o)
                              C:/Program Files/SEGGER/SEGGER Embedded Studio for ARM 7.32a/lib/libc_v7em_fpv4_sp_d16_hard_t_le_eabi_balanced.a(fileops.o) (__SEGGER_RTL_X_file_stat)
C:/Program Files/SEGGER/SEGGER Embedded Studio for ARM 7.32a/lib/prinops_rtt_v7em_fpv4_sp_d16_hard_t_le_eabi_balanced.a(SEGGER_RTT.o)
                              C:/Program Files/SEGGER/SEGGER Embedded Studio for ARM 7.32a/lib/prinops_rtt_v7em_fpv4_sp_d16_hard_t_le_eabi_balanced.a(prinops_rtt.o) (SEGGER_RTT_Read)
C:/Program Files/SEGGER/SEGGER Embedded Studio for ARM 7.32a/lib/heapops_basic_v7em_fpv4_sp_d16_hard_t_le_eabi_balanced.a(heapops_basic.o)
                              Output/Debug/Obj/Plain_starter/thumb_crt0.o (__SEGGER_RTL_init_heap)
C:/Program Files/SEGGER/SEGGER Embedded Studio for ARM 7.32a/lib/heapops_disable_interrupts_locking_v7em_fpv4_sp_d16_hard_t_le_eabi_balanced.a(heapops.o)
                              C:/Program Files/SEGGER/SEGGER Embedded Studio for ARM 7.32a/lib/libc_v7em_fpv4_sp_d16_hard_t_le_eabi_balanced.a(mbops.o) (malloc)
C:/Program Files/SEGGER/SEGGER Embedded Studio for ARM 7.32a/lib/strops_unaligned_v7em_fpv4_sp_d16_hard_t_le_eabi_balanced.a(strops.o)
                              C:/Program Files/SEGGER/SEGGER Embedded Studio for ARM 7.32a/lib/libc_v7em_fpv4_sp_d16_hard_t_le_eabi_balanced.a(timeops.o) (mempcpy)
[...]
Memory Configuration

Name             Origin             Length             Attributes
UNPLACED_SECTIONS 0x0000000100000000 0x0000000000000000 xw
RAM              0x0000000020000000 0x0000000000010000 xw
FLASH            0x0000000000000000 0x0000000000080000 xw
*default*        0x0000000000000000 0xffffffffffffffff

Linker script and memory map

                0x0000000020000000                __RAM_segment_start__ = 0x20000000
                0x0000000020010000                __RAM_segment_end__ = 0x20010000
                0x0000000000010000                __RAM_segment_size__ = 0x10000
                0x0000000000000000                __FLASH_segment_start__ = 0x0
                0x0000000000080000                __FLASH_segment_end__ = 0x80000
                0x0000000000080000                __FLASH_segment_size__ = 0x80000
                0x0000000000002000                __HEAPSIZE__ = 0x2000
                0x0000000000003418                __SEGGER_RTL_vfprintf = __SEGGER_RTL_vfprintf_long
                0x0000000000000000                __SEGGER_RTL_vfscanf = __SEGGER_RTL_vfscanf_long
                0x0000000000000000                __STACKSIZE_PROCESS__ = 0x0
                0x0000000000002000                __STACKSIZE__ = 0x2000
                0x0000000020000000                __vectors_ram_load_start__ = 0x20000000

.vectors_ram    0x0000000020000000        0x0
                0x0000000020000000                __vectors_ram_start__ = .
                0x0000000020000000                __app_ram_start__ = __vectors_ram_start__
 *(.vectors_ram .vectors_ram.*)
                0x0000000020000000                __vectors_ram_end__ = (__vectors_ram_start__ + SIZEOF (.vectors_ram))
                0x0000000000000000                __vectors_ram_size__ = SIZEOF (.vectors_ram)
                0x0000000020000000                __vectors_ram_load_end__ = __vectors_ram_end__
                0x0000000000000001                . = ASSERT (((__vectors_ram_start__ == __vectors_ram_end__) || ((__vectors_ram_end__ - __RAM_segment_start__) <= __RAM_segment_size__)), error: .vectors_ram is too large to fit in RAM memory segment)
                0x0000000020000000                __nrf_sections_run_load_start__ = ALIGN (__vectors_ram_end__, 0x4)

.nrf_sections_run
                0x0000000020000000        0x0
                0x0000000020000000                __nrf_sections_run_start__ = .
                0x0000000020000000                __start_nrf_sections_run = __nrf_sections_run_start__
 *(.nrf_sections_run .nrf_sections_run.*)
                0x0000000020000000                __nrf_sections_run_end__ = (__nrf_sections_run_start__ + SIZEOF (.nrf_sections_run))
                0x0000000000000000                __nrf_sections_run_size__ = SIZEOF (.nrf_sections_run)
                0x0000000020000000                __nrf_sections_run_load_end__ = __nrf_sections_run_end__
                0x0000000000000001                . = ASSERT (((__nrf_sections_run_start__ == __nrf_sections_run_end__) || ((__nrf_sections_run_end__ - __RAM_segment_start__) <= __RAM_segment_size__)), error: .nrf_sections_run is too large to fit in RAM memory segment)
                0x0000000000000000                __vectors_load_start__ = 0x0

.vectors        0x0000000000000000      0x200
                0x0000000000000000                __vectors_start__ = .
 *(.vectors .vectors.*)
 .vectors       0x0000000000000000      0x200 Output/Debug/Obj/Plain_starter/ses_startup_nrf52.o
                0x0000000000000000                _vectors
                0x0000000000000200                __vectors_end__ = (__vectors_start__ + SIZEOF (.vectors))
                0x0000000000000200                __vectors_size__ = SIZEOF (.vectors)
                0x0000000000000200                __vectors_load_end__ = __vectors_end__
                0x0000000000000001                . = ASSERT (((__vectors_start__ == __vectors_end__) || ((__vectors_end__ - __FLASH_segment_start__) <= __FLASH_segment_size__)), error: .vectors is too large to fit in FLASH memory segment)
                0x0000000000000200                __init_load_start__ = ALIGN (__vectors_end__, 0x4)

.init           0x0000000000000200      0x1e4
                0x0000000000000200                __init_start__ = .
 *(.init .init.*)
 .init          0x0000000000000200      0x170 Output/Debug/Obj/Plain_starter/thumb_crt0.o
                0x0000000000000200                _start
                0x00000000000002ae                exit
                0x00000000000002ae                _Exit
 .init          0x0000000000000370       0x18 Output/Debug/Obj/Plain_starter/ses_startup_nrf52.o
                0x0000000000000370                NMI_Handler
                0x0000000000000372                HardFault_Handler
                0x0000000000000374                MemoryManagement_Handler
                0x0000000000000376                BusFault_Handler
                0x0000000000000378                UsageFault_Handler
                0x000000000000037a                SVC_Handler
                0x000000000000037c                DebugMon_Handler
                0x000000000000037e                PendSV_Handler
                0x0000000000000382                PWM1_IRQHandler
                0x0000000000000382                GPIOTE_IRQHandler
                0x0000000000000382                SWI0_EGU0_IRQHandler
                0x0000000000000382                POWER_CLOCK_IRQHandler
                0x0000000000000382                RADIO_IRQHandler
                0x0000000000000382                PDM_IRQHandler
                0x0000000000000382                TEMP_IRQHandler
                0x0000000000000382                QDEC_IRQHandler
                0x0000000000000382                TIMER3_IRQHandler
                0x0000000000000382                RTC0_IRQHandler
                0x0000000000000382                SPIM0_SPIS0_TWIM0_TWIS0_SPI0_TWI0_IRQHandler
                0x0000000000000382                SWI2_EGU2_IRQHandler
                0x0000000000000382                UARTE0_UART0_IRQHandler
                0x0000000000000382                TIMER4_IRQHandler
                0x0000000000000382                I2S_IRQHandler
                0x0000000000000382                SWI4_EGU4_IRQHandler
                0x0000000000000382                TIMER0_IRQHandler
                0x0000000000000382                Dummy_Handler
                0x0000000000000382                TIMER1_IRQHandler
                0x0000000000000382                PWM2_IRQHandler
                0x0000000000000382                ECB_IRQHandler
                0x0000000000000382                SPIM1_SPIS1_TWIM1_TWIS1_SPI1_TWI1_IRQHandler
                0x0000000000000382                SAADC_IRQHandler
                0x0000000000000382                CCM_AAR_IRQHandler
                0x0000000000000382                WDT_IRQHandler
                0x0000000000000382                FPU_IRQHandler
                0x0000000000000382                SWI5_EGU5_IRQHandler
                0x0000000000000382                RNG_IRQHandler
                0x0000000000000382                RTC2_IRQHandler
                0x0000000000000382                PWM0_IRQHandler
                0x0000000000000382                SWI3_EGU3_IRQHandler
                0x0000000000000382                RTC1_IRQHandler
                0x0000000000000382                SWI1_EGU1_IRQHandler
                0x0000000000000382                SPIM2_SPIS2_SPI2_IRQHandler
                0x0000000000000382                NFCT_IRQHandler
                0x0000000000000382                TIMER2_IRQHandler
                0x0000000000000382                MWU_IRQHandler
                0x0000000000000382                COMP_LPCOMP_IRQHandler
                0x0000000000000384                nRFInitialize
 .init          0x0000000000000388       0x5c Output/Debug/Obj/Plain_starter/ses_startup_nrf_common.o
                0x0000000000000388                Reset_Handler
                0x000000000000038c                afterInitialize
                0x00000000000003b0                InitializeUserMemorySections
                0x00000000000003e4                __init_end__ = (__init_start__ + SIZEOF (.init))
                0x00000000000001e4                __init_size__ = SIZEOF (.init)
                0x00000000000003e4                __init_load_end__ = __init_end__
                0x0000000000000001                . = ASSERT (((__init_start__ == __init_end__) || ((__init_end__ - __FLASH_segment_start__) <= __FLASH_segment_size__)), error: .init is too large to fit in FLASH memory segment)
                0x00000000000003e4                __init_rodata_load_start__ = ALIGN (__init_end__, 0x4)

.init_rodata    0x00000000000003e4        0x0
                0x00000000000003e4                __init_rodata_start__ = .
 *(.init_rodata .init_rodata.*)
                0x00000000000003e4                __init_rodata_end__ = (__init_rodata_start__ + SIZEOF (.init_rodata))
                0x0000000000000000                __init_rodata_size__ = SIZEOF (.init_rodata)
                0x00000000000003e4                __init_rodata_load_end__ = __init_rodata_end__
                0x0000000000000001                . = ASSERT (((__init_rodata_start__ == __init_rodata_end__) || ((__init_rodata_end__ - __FLASH_segment_start__) <= __FLASH_segment_size__)), error: .init_rodata is too large to fit in FLASH memory segment)
                0x00000000000003e4                __text_load_start__ = ALIGN (__init_rodata_end__, 0x4)

.text           0x00000000000003e4     0x3ac4
                0x00000000000003e4                __text_start__ = .
 *(.text .text.* .gnu.linkonce.t.* .glue_7t .glue_7 .gcc_except_table .ARM.extab* .gnu.linkonce.armextab.*)
 .glue_7        0x00000000000003e4        0x0 linker stubs
 .glue_7t       0x00000000000003e4        0x0 linker stubs
 .text.NVIC_SetPriorityGrouping
                0x00000000000003e4       0x40 Output/Debug/Obj/Plain_starter/bsp.o
 .text.NVIC_SetPriority
                0x0000000000000424       0x50 Output/Debug/Obj/Plain_starter/bsp.o
 .text.SysTick_Config
                0x0000000000000474       0x40 Output/Debug/Obj/Plain_starter/bsp.o
 .text.nrf_gpio_pin_port_decode
                0x00000000000004b4       0x28 Output/Debug/Obj/Plain_starter/bsp.o
 .text.nrf_gpio_cfg
                0x00000000000004dc       0x62 Output/Debug/Obj/Plain_starter/bsp.o
 .text.nrf_gpio_cfg_output
                0x000000000000053e       0x22 Output/Debug/Obj/Plain_starter/bsp.o
 .text.nrf_gpio_pin_toggle
                0x0000000000000560       0x44 Output/Debug/Obj/Plain_starter/bsp.o
 .text.Q_onError
                0x00000000000005a4        0x8 Output/Debug/Obj/Plain_starter/bsp.o
                0x00000000000005a4                Q_onError
 .text.SysTick_Handler
                0x00000000000005ac       0x58 Output/Debug/Obj/Plain_starter/bsp.o
                0x00000000000005ac                SysTick_Handler
 .text.BSP_init
                0x0000000000000604       0x18 Output/Debug/Obj/Plain_starter/bsp.o
                0x0000000000000604                BSP_init
 .text.BSP_start
                0x000000000000061c       0xb0 Output/Debug/Obj/Plain_starter/bsp.o
                0x000000000000061c                BSP_start
 .text.BSP_displayPhilStat
                0x00000000000006cc       0x6c Output/Debug/Obj/Plain_starter/bsp.o
                0x00000000000006cc                BSP_displayPhilStat
 .text.BSP_displayPaused
                0x0000000000000738        0xe Output/Debug/Obj/Plain_starter/bsp.o
                0x0000000000000738                BSP_displayPaused
 *fill*         0x0000000000000746        0x2 
 .text.BSP_randomSeed
                0x0000000000000748       0x14 Output/Debug/Obj/Plain_starter/bsp.o
                0x0000000000000748                BSP_randomSeed
 .text.BSP_random
                0x000000000000075c       0x28 Output/Debug/Obj/Plain_starter/bsp.o
                0x000000000000075c                BSP_random
 .text.QF_onStartup
                0x0000000000000784       0x30 Output/Debug/Obj/Plain_starter/bsp.o
                0x0000000000000784                QF_onStartup
 .text.QV_onIdle
                0x00000000000007b4        0xa Output/Debug/Obj/Plain_starter/bsp.o
                0x00000000000007b4                QV_onIdle
 *fill*         0x00000000000007be        0x2 
 .text.think_time
                0x00000000000007c0       0x24 Output/Debug/Obj/Plain_starter/philo.o
 .text.eat_time
                0x00000000000007e4       0x24 Output/Debug/Obj/Plain_starter/philo.o
 .text.Philo_ctor
                0x0000000000000808       0x44 Output/Debug/Obj/Plain_starter/philo.o
                0x0000000000000808                Philo_ctor
 .text.Philo_initial
                0x000000000000084c       0x30 Output/Debug/Obj/Plain_starter/philo.o
 .text.Philo_thinking
                0x000000000000087c       0xf8 Output/Debug/Obj/Plain_starter/philo.o
 .text.Philo_hungry
                0x0000000000000974       0xc4 Output/Debug/Obj/Plain_starter/philo.o
 .text.Philo_eating
                0x0000000000000a38      0x114 Output/Debug/Obj/Plain_starter/philo.o
 .text.right    0x0000000000000b4c       0x2c Output/Debug/Obj/Plain_starter/table.o
 .text.left     0x0000000000000b78       0x2c Output/Debug/Obj/Plain_starter/table.o
 .text.Table_ctor
                0x0000000000000ba4       0x5c Output/Debug/Obj/Plain_starter/table.o
                0x0000000000000ba4                Table_ctor
 .text.Table_initial
                0x0000000000000c00       0x8c Output/Debug/Obj/Plain_starter/table.o
 .text.Table_active
                0x0000000000000c8c       0x4c Output/Debug/Obj/Plain_starter/table.o
 .text.Table_serving
                0x0000000000000cd8      0x3ec Output/Debug/Obj/Plain_starter/table.o
 .text.Table_paused
                0x00000000000010c4      0x198 Output/Debug/Obj/Plain_starter/table.o
 .text.main     0x000000000000125c       0x18 Output/Debug/Obj/Plain_starter/main.o
                0x000000000000125c                main
 .text.app_error_save_and_stop
                0x0000000000001274       0x9c Output/Debug/Obj/Plain_starter/app_error.o
                0x0000000000001274                app_error_save_and_stop
 .text.app_error_fault_handler
                0x0000000000001310       0x54 Output/Debug/Obj/Plain_starter/app_error_weak.o
                0x0000000000001310                app_error_fault_handler
 .text.assert_nrf_callback
                0x0000000000001364       0x2e Output/Debug/Obj/Plain_starter/nrf_assert.o
                0x0000000000001364                assert_nrf_callback
 .text.QEvt_verify_
                0x0000000000001392       0x28 Output/Debug/Obj/Plain_starter/qep_hsm.o
 *fill*         0x00000000000013ba        0x2 
 .text.QHsm_ctor
                0x00000000000013bc       0x28 Output/Debug/Obj/Plain_starter/qep_hsm.o
                0x00000000000013bc                QHsm_ctor
 .text.QHsm_init_
                0x00000000000013e4      0x154 Output/Debug/Obj/Plain_starter/qep_hsm.o
                0x00000000000013e4                QHsm_init_
 .text.QHsm_dispatch_
                0x0000000000001538      0x214 Output/Debug/Obj/Plain_starter/qep_hsm.o
                0x0000000000001538                QHsm_dispatch_
 .text.QHsm_isIn_
                0x000000000000174c       0xb0 Output/Debug/Obj/Plain_starter/qep_hsm.o
                0x000000000000174c                QHsm_isIn_
 .text.QHsm_tran_
                0x00000000000017fc      0x21c Output/Debug/Obj/Plain_starter/qep_hsm.o
                0x00000000000017fc                QHsm_tran_
 .text.QHsm_top
                0x0000000000001a18        0xe Output/Debug/Obj/Plain_starter/qep_hsm.o
                0x0000000000001a18                QHsm_top
 .text.QF_bzero_
                0x0000000000001a26       0x30 Output/Debug/Obj/Plain_starter/qf_act.o
                0x0000000000001a26                QF_bzero_
 .text.QEvt_verify_
                0x0000000000001a56       0x28 Output/Debug/Obj/Plain_starter/qf_actq.o
 .text.QEvt_getPoolNum_
                0x0000000000001a7e       0x12 Output/Debug/Obj/Plain_starter/qf_actq.o
 .text.QPSet_insert
                0x0000000000001a90       0x20 Output/Debug/Obj/Plain_starter/qf_actq.o
 .text.QPSet_update_
                0x0000000000001ab0       0x16 Output/Debug/Obj/Plain_starter/qf_actq.o
 .text.QEvt_refCtr_inc_
                0x0000000000001ac6       0x18 Output/Debug/Obj/Plain_starter/qf_actq.o
 *fill*         0x0000000000001ade        0x2 
 .text.QActive_post_
                0x0000000000001ae0      0x148 Output/Debug/Obj/Plain_starter/qf_actq.o
                0x0000000000001ae0                QActive_post_
 .text.QActive_get_
                0x0000000000001c28       0xa8 Output/Debug/Obj/Plain_starter/qf_actq.o
                0x0000000000001c28                QActive_get_
 .text.QEvt_verify_
                0x0000000000001cd0       0x28 Output/Debug/Obj/Plain_starter/qf_dyn.o
 .text.QEvt_getPoolNum_
                0x0000000000001cf8       0x12 Output/Debug/Obj/Plain_starter/qf_dyn.o
 .text.QEvt_refCtr_dec_
                0x0000000000001d0a       0x18 Output/Debug/Obj/Plain_starter/qf_dyn.o
 *fill*         0x0000000000001d22        0x2 
 .text.QF_poolInit
                0x0000000000001d24       0x80 Output/Debug/Obj/Plain_starter/qf_dyn.o
                0x0000000000001d24                QF_poolInit
 .text.QF_newX_
                0x0000000000001da4       0xdc Output/Debug/Obj/Plain_starter/qf_dyn.o
                0x0000000000001da4                QF_newX_
 .text.QF_gc    0x0000000000001e80       0x94 Output/Debug/Obj/Plain_starter/qf_dyn.o
                0x0000000000001e80                QF_gc
 .text.QMPool_init
                0x0000000000001f14      0x108 Output/Debug/Obj/Plain_starter/qf_mem.o
                0x0000000000001f14                QMPool_init
 .text.QMPool_get
                0x000000000000201c       0xd4 Output/Debug/Obj/Plain_starter/qf_mem.o
                0x000000000000201c                QMPool_get
 .text.QMPool_put
                0x00000000000020f0       0x74 Output/Debug/Obj/Plain_starter/qf_mem.o
                0x00000000000020f0                QMPool_put
 .text.QEvt_getPoolNum_
                0x0000000000002164       0x12 Output/Debug/Obj/Plain_starter/qf_ps.o
 .text.QPSet_setEmpty
                0x0000000000002176       0x10 Output/Debug/Obj/Plain_starter/qf_ps.o
 .text.QPSet_notEmpty
                0x0000000000002186       0x18 Output/Debug/Obj/Plain_starter/qf_ps.o
 .text.QPSet_insert
                0x000000000000219e       0x20 Output/Debug/Obj/Plain_starter/qf_ps.o
 .text.QPSet_remove
                0x00000000000021be       0x22 Output/Debug/Obj/Plain_starter/qf_ps.o
 .text.QPSet_findMax
                0x00000000000021e0       0x16 Output/Debug/Obj/Plain_starter/qf_ps.o
 .text.QPSet_update_
                0x00000000000021f6       0x16 Output/Debug/Obj/Plain_starter/qf_ps.o
 .text.QPSet_verify_
                0x000000000000220c       0x20 Output/Debug/Obj/Plain_starter/qf_ps.o
 .text.QEvt_refCtr_inc_
                0x000000000000222c       0x18 Output/Debug/Obj/Plain_starter/qf_ps.o
 .text.QActive_psInit
                0x0000000000002244       0x64 Output/Debug/Obj/Plain_starter/qf_ps.o
                0x0000000000002244                QActive_psInit
 .text.QActive_publish_
                0x00000000000022a8      0x15c Output/Debug/Obj/Plain_starter/qf_ps.o
                0x00000000000022a8                QActive_publish_
 .text.QActive_subscribe
                0x0000000000002404       0xc0 Output/Debug/Obj/Plain_starter/qf_ps.o
                0x0000000000002404                QActive_subscribe
 .text.QActive_ctor
                0x00000000000024c4       0x2c Output/Debug/Obj/Plain_starter/qf_qact.o
                0x00000000000024c4                QActive_ctor
 .text.QActive_register_
                0x00000000000024f0      0x120 Output/Debug/Obj/Plain_starter/qf_qact.o
                0x00000000000024f0                QActive_register_
 .text.QEQueue_init
                0x0000000000002610       0x4a Output/Debug/Obj/Plain_starter/qf_qeq.o
                0x0000000000002610                QEQueue_init
 .text.QEvt_verify_
                0x000000000000265a       0x28 Output/Debug/Obj/Plain_starter/qf_time.o
 *fill*         0x0000000000002682        0x2 
 .text.QTimeEvt_ctorX
                0x0000000000002684       0x64 Output/Debug/Obj/Plain_starter/qf_time.o
                0x0000000000002684                QTimeEvt_ctorX
 .text.QTimeEvt_armX
                0x00000000000026e8       0xb4 Output/Debug/Obj/Plain_starter/qf_time.o
                0x00000000000026e8                QTimeEvt_armX
 .text.QTimeEvt_disarm
                0x000000000000279c       0x56 Output/Debug/Obj/Plain_starter/qf_time.o
                0x000000000000279c                QTimeEvt_disarm
 *fill*         0x00000000000027f2        0x2 
 .text.QTimeEvt_tick_
                0x00000000000027f4      0x16c Output/Debug/Obj/Plain_starter/qf_time.o
                0x00000000000027f4                QTimeEvt_tick_
 .text.QPSet_notEmpty
                0x0000000000002960       0x18 Output/Debug/Obj/Plain_starter/qv.o
 .text.QPSet_remove
                0x0000000000002978       0x22 Output/Debug/Obj/Plain_starter/qv.o
 .text.QPSet_findMax
                0x000000000000299a       0x16 Output/Debug/Obj/Plain_starter/qv.o
 .text.QPSet_update_
                0x00000000000029b0       0x16 Output/Debug/Obj/Plain_starter/qv.o
 .text.QPSet_verify_
                0x00000000000029c6       0x20 Output/Debug/Obj/Plain_starter/qv.o
 *fill*         0x00000000000029e6        0x2 
 .text.QF_init  0x00000000000029e8       0x78 Output/Debug/Obj/Plain_starter/qv.o
                0x00000000000029e8                QF_init
 .text.QF_run   0x0000000000002a60       0xc8 Output/Debug/Obj/Plain_starter/qv.o
                0x0000000000002a60                QF_run
 .text.QActive_start_
                0x0000000000002b28       0x68 Output/Debug/Obj/Plain_starter/qv.o
                0x0000000000002b28                QActive_start_
 .text.QF_int_disable_
                0x0000000000002b90       0x24 Output/Debug/Obj/Plain_starter/qv_port.o
                0x0000000000002b90                QF_int_disable_
 .text.QF_int_enable_
                0x0000000000002bb4       0x24 Output/Debug/Obj/Plain_starter/qv_port.o
                0x0000000000002bb4                QF_int_enable_
 .text.QF_crit_entry_
                0x0000000000002bd8       0x24 Output/Debug/Obj/Plain_starter/qv_port.o
                0x0000000000002bd8                QF_crit_entry_
 .text.QF_crit_exit_
                0x0000000000002bfc       0x24 Output/Debug/Obj/Plain_starter/qv_port.o
                0x0000000000002bfc                QF_crit_exit_
 .text.QV_init  0x0000000000002c20       0x5c Output/Debug/Obj/Plain_starter/qv_port.o
                0x0000000000002c20                QV_init
 .text.NVIC_SystemReset
                0x0000000000002c7c       0x2c Output/Debug/Obj/Plain_starter/system_nrf52.o
 .text.SystemCoreClockUpdate
                0x0000000000002ca8       0x14 Output/Debug/Obj/Plain_starter/system_nrf52.o
                0x0000000000002ca8                SystemCoreClockUpdate
 .text.SystemInit
                0x0000000000002cbc      0x2d8 Output/Debug/Obj/Plain_starter/system_nrf52.o
                0x0000000000002cbc                SystemInit
 .text.errata_12
                0x0000000000002f94       0x58 Output/Debug/Obj/Plain_starter/system_nrf52.o
 .text.errata_16
                0x0000000000002fec       0x38 Output/Debug/Obj/Plain_starter/system_nrf52.o
 .text.errata_31
                0x0000000000003024       0x58 Output/Debug/Obj/Plain_starter/system_nrf52.o
 .text.errata_32
                0x000000000000307c       0x38 Output/Debug/Obj/Plain_starter/system_nrf52.o
 .text.errata_36
                0x00000000000030b4       0x58 Output/Debug/Obj/Plain_starter/system_nrf52.o
 .text.errata_37
                0x000000000000310c       0x38 Output/Debug/Obj/Plain_starter/system_nrf52.o
 .text.errata_57
                0x0000000000003144       0x38 Output/Debug/Obj/Plain_starter/system_nrf52.o
 .text.errata_66
                0x000000000000317c       0x38 Output/Debug/Obj/Plain_starter/system_nrf52.o
 .text.errata_108
                0x00000000000031b4       0x58 Output/Debug/Obj/Plain_starter/system_nrf52.o
 .text.errata_136
                0x000000000000320c       0x58 Output/Debug/Obj/Plain_starter/system_nrf52.o
 .text.errata_182
                0x0000000000003264       0x24 Output/Debug/Obj/Plain_starter/system_nrf52.o
 .text.libc.__SEGGER_RTL_putc
                0x0000000000003288       0x84 C:/Program Files/SEGGER/SEGGER Embedded Studio for ARM 7.32a/lib/libc_v7em_fpv4_sp_d16_hard_t_le_eabi_balanced.a(prinops.o)
                0x0000000000003288                __SEGGER_RTL_putc
 .text.libc.__SEGGER_RTL_prin_flush
                0x000000000000330c       0x1c C:/Program Files/SEGGER/SEGGER Embedded Studio for ARM 7.32a/lib/libc_v7em_fpv4_sp_d16_hard_t_le_eabi_balanced.a(prinops.o)
                0x000000000000330c                __SEGGER_RTL_prin_flush
 .text.libc.__SEGGER_RTL_print_padding
                0x0000000000003328       0x1e C:/Program Files/SEGGER/SEGGER Embedded Studio for ARM 7.32a/lib/libc_v7em_fpv4_sp_d16_hard_t_le_eabi_balanced.a(prinops.o)
                0x0000000000003328                __SEGGER_RTL_print_padding
 .text.libc.__SEGGER_RTL_pre_padding
                0x0000000000003346       0x12 C:/Program Files/SEGGER/SEGGER Embedded Studio for ARM 7.32a/lib/libc_v7em_fpv4_sp_d16_hard_t_le_eabi_balanced.a(prinops.o)
                0x0000000000003346                __SEGGER_RTL_pre_padding
 .text.libc.vfprintf
                0x0000000000003358       0x1c C:/Program Files/SEGGER/SEGGER Embedded Studio for ARM 7.32a/lib/libc_v7em_fpv4_sp_d16_hard_t_le_eabi_balanced.a(prinops.o)
                0x0000000000003358                vfprintf
 .text.libc.vfprintf_l
                0x0000000000003374       0x6c C:/Program Files/SEGGER/SEGGER Embedded Studio for ARM 7.32a/lib/libc_v7em_fpv4_sp_d16_hard_t_le_eabi_balanced.a(prinops.o)
                0x0000000000003374                vfprintf_l
 .text.libc.__SEGGER_RTL_stream_write
                0x00000000000033e0        0xa C:/Program Files/SEGGER/SEGGER Embedded Studio for ARM 7.32a/lib/libc_v7em_fpv4_sp_d16_hard_t_le_eabi_balanced.a(prinops.o)
 .text.libc.printf
                0x00000000000033ea       0x2c C:/Program Files/SEGGER/SEGGER Embedded Studio for ARM 7.32a/lib/libc_v7em_fpv4_sp_d16_hard_t_le_eabi_balanced.a(prinops.o)
                0x00000000000033ea                printf
 *fill*         0x0000000000003416        0x2 
 .text.libc.__SEGGER_RTL_vfprintf_long
                0x0000000000003418      0x52a C:/Program Files/SEGGER/SEGGER Embedded Studio for ARM 7.32a/lib/libc_v7em_fpv4_sp_d16_hard_t_le_eabi_balanced.a(__SEGGER_RTL_vfprintf_long.o)
                0x0000000000003418                __SEGGER_RTL_vfprintf_long
 .text.libc.fwrite
                0x0000000000003942       0x2e C:/Program Files/SEGGER/SEGGER Embedded Studio for ARM 7.32a/lib/libc_v7em_fpv4_sp_d16_hard_t_le_eabi_balanced.a(fileops.o)
                0x0000000000003942                fwrite
 .text.libc.__SEGGER_RTL_current_locale
                0x0000000000003970       0x1a C:/Program Files/SEGGER/SEGGER Embedded Studio for ARM 7.32a/lib/libc_v7em_fpv4_sp_d16_hard_t_le_eabi_balanced.a(mbops.o)
                0x0000000000003970                __SEGGER_RTL_current_locale
 .text.libc.__SEGGER_RTL_ascii_mbtowc
                0x000000000000398a       0x34 C:/Program Files/SEGGER/SEGGER Embedded Studio for ARM 7.32a/lib/libc_v7em_fpv4_sp_d16_hard_t_le_eabi_balanced.a(mbops.o)
                0x000000000000398a                __SEGGER_RTL_ascii_mbtowc
 .text.libc.__SEGGER_RTL_ascii_wctomb
                0x00000000000039be        0xe C:/Program Files/SEGGER/SEGGER Embedded Studio for ARM 7.32a/lib/libc_v7em_fpv4_sp_d16_hard_t_le_eabi_balanced.a(mbops.o)
                0x00000000000039be                __SEGGER_RTL_ascii_wctomb
 .text.libc.__SEGGER_RTL_ascii_isctype
                0x00000000000039cc       0x20 C:/Program Files/SEGGER/SEGGER Embedded Studio for ARM 7.32a/lib/libc_v7em_fpv4_sp_d16_hard_t_le_eabi_balanced.a(mbops.o)
 .text.libc.__SEGGER_RTL_ascii_toupper
                0x00000000000039ec        0xc C:/Program Files/SEGGER/SEGGER Embedded Studio for ARM 7.32a/lib/libc_v7em_fpv4_sp_d16_hard_t_le_eabi_balanced.a(mbops.o)
 .text.libc.__SEGGER_RTL_ascii_tolower
                0x00000000000039f8        0xc C:/Program Files/SEGGER/SEGGER Embedded Studio for ARM 7.32a/lib/libc_v7em_fpv4_sp_d16_hard_t_le_eabi_balanced.a(mbops.o)
 .text.libc.__SEGGER_RTL_ascii_iswctype
                0x0000000000003a04       0x20 C:/Program Files/SEGGER/SEGGER Embedded Studio for ARM 7.32a/lib/libc_v7em_fpv4_sp_d16_hard_t_le_eabi_balanced.a(mbops.o)
 .text.libc.__SEGGER_RTL_ascii_towupper
                0x0000000000003a24        0xc C:/Program Files/SEGGER/SEGGER Embedded Studio for ARM 7.32a/lib/libc_v7em_fpv4_sp_d16_hard_t_le_eabi_balanced.a(mbops.o)
 .text.libc.__SEGGER_RTL_ascii_towlower
                0x0000000000003a30        0xc C:/Program Files/SEGGER/SEGGER Embedded Studio for ARM 7.32a/lib/libc_v7em_fpv4_sp_d16_hard_t_le_eabi_balanced.a(mbops.o)
 .text.libc.__aeabi_uldivmod
                0x0000000000003a3c      0x130 C:/Program Files/SEGGER/SEGGER Embedded Studio for ARM 7.32a/lib/libc_v7em_fpv4_sp_d16_hard_t_le_eabi_balanced.a(intasmops_arm.o)
                0x0000000000003a3c                __aeabi_uldivmod
 .text.libc.__SEGGER_RTL_X_file_stat
                0x0000000000003b6c       0x38 C:/Program Files/SEGGER/SEGGER Embedded Studio for ARM 7.32a/lib/prinops_rtt_v7em_fpv4_sp_d16_hard_t_le_eabi_balanced.a(prinops_rtt.o)
                0x0000000000003b6c                __SEGGER_RTL_X_file_stat
 .text.libc.__SEGGER_RTL_X_file_bufsize
                0x0000000000003ba4        0x4 C:/Program Files/SEGGER/SEGGER Embedded Studio for ARM 7.32a/lib/prinops_rtt_v7em_fpv4_sp_d16_hard_t_le_eabi_balanced.a(prinops_rtt.o)
                0x0000000000003ba4                __SEGGER_RTL_X_file_bufsize
 .text.libc.__SEGGER_RTL_X_file_write
                0x0000000000003ba8        0x6 C:/Program Files/SEGGER/SEGGER Embedded Studio for ARM 7.32a/lib/prinops_rtt_v7em_fpv4_sp_d16_hard_t_le_eabi_balanced.a(prinops_rtt.o)
                0x0000000000003ba8                __SEGGER_RTL_X_file_write
 .text.libc._DoInit
                0x0000000000003bae       0x64 C:/Program Files/SEGGER/SEGGER Embedded Studio for ARM 7.32a/lib/prinops_rtt_v7em_fpv4_sp_d16_hard_t_le_eabi_balanced.a(SEGGER_RTT.o)
 .text.libc._GetAvailWriteSpace
                0x0000000000003c12       0x14 C:/Program Files/SEGGER/SEGGER Embedded Studio for ARM 7.32a/lib/prinops_rtt_v7em_fpv4_sp_d16_hard_t_le_eabi_balanced.a(SEGGER_RTT.o)
 .text.libc._WriteNoCheck
                0x0000000000003c26       0x44 C:/Program Files/SEGGER/SEGGER Embedded Studio for ARM 7.32a/lib/prinops_rtt_v7em_fpv4_sp_d16_hard_t_le_eabi_balanced.a(SEGGER_RTT.o)
 .text.libc._WriteBlocking
                0x0000000000003c6a       0x58 C:/Program Files/SEGGER/SEGGER Embedded Studio for ARM 7.32a/lib/prinops_rtt_v7em_fpv4_sp_d16_hard_t_le_eabi_balanced.a(SEGGER_RTT.o)
 .text.libc.SEGGER_RTT_WriteNoLock
                0x0000000000003cc2       0x5a C:/Program Files/SEGGER/SEGGER Embedded Studio for ARM 7.32a/lib/prinops_rtt_v7em_fpv4_sp_d16_hard_t_le_eabi_balanced.a(SEGGER_RTT.o)
                0x0000000000003cc2                SEGGER_RTT_WriteNoLock
 .text.libc.SEGGER_RTT_Write
                0x0000000000003d1c       0x36 C:/Program Files/SEGGER/SEGGER Embedded Studio for ARM 7.32a/lib/prinops_rtt_v7em_fpv4_sp_d16_hard_t_le_eabi_balanced.a(SEGGER_RTT.o)
                0x0000000000003d1c                SEGGER_RTT_Write
 .text.libc.__SEGGER_RTL_init_heap
                0x0000000000003d52       0x18 C:/Program Files/SEGGER/SEGGER Embedded Studio for ARM 7.32a/lib/heapops_basic_v7em_fpv4_sp_d16_hard_t_le_eabi_balanced.a(heapops_basic.o)
                0x0000000000003d52                __SEGGER_RTL_init_heap
 .text.libc.strlen
                0x0000000000003d6a       0x2c C:/Program Files/SEGGER/SEGGER Embedded Studio for ARM 7.32a/lib/strops_unaligned_v7em_fpv4_sp_d16_hard_t_le_eabi_balanced.a(strops.o)
                0x0000000000003d6a                strlen
 .text.libc.strnlen
                0x0000000000003d96       0x4c C:/Program Files/SEGGER/SEGGER Embedded Studio for ARM 7.32a/lib/strops_unaligned_v7em_fpv4_sp_d16_hard_t_le_eabi_balanced.a(strops.o)
                0x0000000000003d96                strnlen
 *fill*         0x0000000000003de2        0x2 
 .text.libc.memcpy
                0x0000000000003de4       0x5c C:/Program Files/SEGGER/SEGGER Embedded Studio for ARM 7.32a/lib/strops_unaligned_v7em_fpv4_sp_d16_hard_t_le_eabi_balanced.a(strasmops_arm.o)
                0x0000000000003de4                __aeabi_memcpy
                0x0000000000003de4                memcpy
                0x0000000000003e02                __aeabi_memcpy8
                0x0000000000003e02                __aeabi_memcpy4
 .text.libc.__aeabi_memclr
                0x0000000000003e40       0x68 C:/Program Files/SEGGER/SEGGER Embedded Studio for ARM 7.32a/lib/strops_unaligned_v7em_fpv4_sp_d16_hard_t_le_eabi_balanced.a(strasmops_arm.o)
                0x0000000000003e40                __aeabi_memclr8
                0x0000000000003e40                __aeabi_memclr
                0x0000000000003e40                __aeabi_memclr4
                0x0000000000003e42                __aeabi_memset4
                0x0000000000003e42                __aeabi_memset8
                0x0000000000003e42                __aeabi_memset
                0x0000000000003e48                memset
                0x0000000000003ea8                __text_end__ = (__text_start__ + SIZEOF (.text))
                0x0000000000003ac4                __text_size__ = SIZEOF (.text)
                0x0000000000003ea8                __text_load_end__ = __text_end__

.vfp11_veneer   0x0000000100000000        0x0
 .vfp11_veneer  0x0000000100000000        0x0 linker stubs

.v4_bx          0x0000000100000000        0x0
 .v4_bx         0x0000000100000000        0x0 linker stubs

.iplt           0x0000000100000000        0x0
 .iplt          0x0000000100000000        0x0 Output/Debug/Obj/Plain_starter/bsp.o
                0x0000000000000001                . = ASSERT (((__text_start__ == __text_end__) || ((__text_end__ - __FLASH_segment_start__) <= __FLASH_segment_size__)), error: .text is too large to fit in FLASH memory segment)
                0x0000000000003ea8                __log_const_data_load_start__ = ALIGN (__text_end__, 0x4)

.log_const_data
                0x0000000000003ea8        0x0
                0x0000000000003ea8                __log_const_data_start__ = .
                0x0000000000003ea8                __start_log_const_data = __log_const_data_start__
 *(SORT_BY_NAME(.log_const_data*))
                0x0000000000003ea8                __log_const_data_end__ = (__log_const_data_start__ + SIZEOF (.log_const_data))
                0x0000000000000000                __log_const_data_size__ = SIZEOF (.log_const_data)
                0x0000000000003ea8                __stop_log_const_data = __log_const_data_end__
                0x0000000000003ea8                __log_const_data_load_end__ = __log_const_data_end__
                0x0000000000000001                . = ASSERT (((__log_const_data_start__ == __log_const_data_end__) || ((__log_const_data_end__ - __FLASH_segment_start__) <= __FLASH_segment_size__)), error: .log_const_data is too large to fit in FLASH memory segment)
                0x0000000000003ea8                __log_backends_load_start__ = ALIGN (__log_const_data_end__, 0x4)

.log_backends   0x0000000000003ea8        0x0
                0x0000000000003ea8                __log_backends_start__ = .
                0x0000000000003ea8                __start_log_backends = __log_backends_start__
 *(SORT_BY_NAME(.log_backends*))
                0x0000000000003ea8                __log_backends_end__ = (__log_backends_start__ + SIZEOF (.log_backends))
                0x0000000000000000                __log_backends_size__ = SIZEOF (.log_backends)
                0x0000000000003ea8                __stop_log_backends = __log_backends_end__
                0x0000000000003ea8                __log_backends_load_end__ = __log_backends_end__
                0x0000000000000001                . = ASSERT (((__log_backends_start__ == __log_backends_end__) || ((__log_backends_end__ - __FLASH_segment_start__) <= __FLASH_segment_size__)), error: .log_backends is too large to fit in FLASH memory segment)
                0x0000000000003ea8                __nrf_balloc_load_start__ = ALIGN (__log_backends_end__, 0x4)

.nrf_balloc     0x0000000000003ea8        0x0
                0x0000000000003ea8                __nrf_balloc_start__ = .
                0x0000000000003ea8                __start_nrf_balloc = __nrf_balloc_start__
 *(.nrf_balloc*)
                0x0000000000003ea8                __nrf_balloc_end__ = (__nrf_balloc_start__ + SIZEOF (.nrf_balloc))
                0x0000000000000000                __nrf_balloc_size__ = SIZEOF (.nrf_balloc)
                0x0000000000003ea8                __stop_nrf_balloc = __nrf_balloc_end__
                0x0000000000003ea8                __nrf_balloc_load_end__ = __nrf_balloc_end__
                0x0000000000000001                . = ASSERT (((__nrf_balloc_start__ == __nrf_balloc_end__) || ((__nrf_balloc_end__ - __FLASH_segment_start__) <= __FLASH_segment_size__)), error: .nrf_balloc is too large to fit in FLASH memory segment)
                0x0000000000003ea8                __nrf_sections_load_start__ = ALIGN (__nrf_balloc_end__, 0x4)

.nrf_sections   0x0000000000003ea8        0x0
                0x0000000000003ea8                __nrf_sections_start__ = .
                0x0000000000003ea8                __start_nrf_sections = __nrf_sections_start__
 *(.nrf_sections .nrf_sections.*)
                0x0000000000003ea8                __nrf_sections_end__ = (__nrf_sections_start__ + SIZEOF (.nrf_sections))
                0x0000000000000000                __nrf_sections_size__ = SIZEOF (.nrf_sections)
                0x0000000000003ea8                __nrf_sections_load_end__ = __nrf_sections_end__
                0x0000000000000001                . = ASSERT (((__nrf_sections_start__ == __nrf_sections_end__) || ((__nrf_sections_end__ - __FLASH_segment_start__) <= __FLASH_segment_size__)), error: .nrf_sections is too large to fit in FLASH memory segment)
                0x0000000000003ea8                __log_dynamic_data_load_start__ = ALIGN (__nrf_sections_end__, 0x4)

.log_dynamic_data
                0x0000000020000000        0x0 load address 0x0000000000003ea8
                0x0000000020000000                __log_dynamic_data_start__ = .
 *(SORT_BY_NAME(.log_dynamic_data*))
                0x0000000020000000                __log_dynamic_data_end__ = (__log_dynamic_data_start__ + SIZEOF (.log_dynamic_data))
                0x0000000000000000                __log_dynamic_data_size__ = SIZEOF (.log_dynamic_data)
                0x0000000000003ea8                __log_dynamic_data_load_end__ = (__log_dynamic_data_load_start__ + SIZEOF (.log_dynamic_data))
                0x0000000000000001                . = ASSERT (((__log_dynamic_data_load_start__ == __log_dynamic_data_load_end__) || ((__log_dynamic_data_load_end__ - __FLASH_segment_start__) <= __FLASH_segment_size__)), error: .log_dynamic_data is too large to fit in FLASH memory segment)

.log_dynamic_data_run
                0x0000000020000000        0x0
                0x0000000020000000                __log_dynamic_data_run_start__ = .
                0x0000000020000000                __start_log_dynamic_data = __log_dynamic_data_run_start__
                0x0000000020000000                __log_dynamic_data_run_end__ = (__log_dynamic_data_run_start__ + SIZEOF (.log_dynamic_data))
                0x0000000000000000                __log_dynamic_data_run_size__ = (__log_dynamic_data_run_end__ - __log_dynamic_data_run_start__)
                0x0000000020000000                __stop_log_dynamic_data = __log_dynamic_data_run_end__
                0x0000000020000000                __log_dynamic_data_run_load_end__ = __log_dynamic_data_run_end__
                0x0000000000000001                . = ASSERT (((__log_dynamic_data_run_start__ == __log_dynamic_data_run_end__) || ((__log_dynamic_data_run_end__ - __RAM_segment_start__) <= __RAM_segment_size__)), error: .log_dynamic_data_run is too large to fit in RAM memory segment)
                0x0000000000003ea8                __log_filter_data_load_start__ = ALIGN ((__log_dynamic_data_load_start__ + SIZEOF (.log_dynamic_data)), 0x4)

.log_filter_data
                0x0000000020000000        0x0 load address 0x0000000000003ea8
                0x0000000020000000                __log_filter_data_start__ = .
 *(SORT_BY_NAME(.log_filter_data*))
                0x0000000020000000                __log_filter_data_end__ = (__log_filter_data_start__ + SIZEOF (.log_filter_data))
                0x0000000000000000                __log_filter_data_size__ = SIZEOF (.log_filter_data)
                0x0000000000003ea8                __log_filter_data_load_end__ = (__log_filter_data_load_start__ + SIZEOF (.log_filter_data))
                0x0000000000000001                . = ASSERT (((__log_filter_data_load_start__ == __log_filter_data_load_end__) || ((__log_filter_data_load_end__ - __FLASH_segment_start__) <= __FLASH_segment_size__)), error: .log_filter_data is too large to fit in FLASH memory segment)

.log_filter_data_run
                0x0000000020000000        0x0
                0x0000000020000000                __log_filter_data_run_start__ = .
                0x0000000020000000                __start_log_filter_data = __log_filter_data_run_start__
                0x0000000020000000                __log_filter_data_run_end__ = (__log_filter_data_run_start__ + SIZEOF (.log_filter_data))
                0x0000000000000000                __log_filter_data_run_size__ = (__log_filter_data_run_end__ - __log_filter_data_run_start__)
                0x0000000020000000                __stop_log_filter_data = __log_filter_data_run_end__
                0x0000000020000000                __log_filter_data_run_load_end__ = __log_filter_data_run_end__
                0x0000000000000001                . = ASSERT (((__log_filter_data_run_start__ == __log_filter_data_run_end__) || ((__log_filter_data_run_end__ - __RAM_segment_start__) <= __RAM_segment_size__)), error: .log_filter_data_run is too large to fit in RAM memory segment)
                0x0000000020000000                __nrf_sections_run_end_load_start__ = ALIGN (__log_filter_data_run_end__, 0x4)

.nrf_sections_run_end
                0x0000000020000000        0x0
                0x0000000020000000                __nrf_sections_run_end_start__ = .
                0x0000000020000000                __end_nrf_sections_run = __nrf_sections_run_end_start__
 *(.nrf_sections_run_end .nrf_sections_run_end.*)
                0x0000000020000000                __nrf_sections_run_end_end__ = (__nrf_sections_run_end_start__ + SIZEOF (.nrf_sections_run_end))
                0x0000000000000000                __nrf_sections_run_end_size__ = SIZEOF (.nrf_sections_run_end)
                0x0000000020000000                __nrf_sections_run_end_load_end__ = __nrf_sections_run_end_end__
                0x0000000000000001                . = ASSERT (((__nrf_sections_run_end_start__ == __nrf_sections_run_end_end__) || ((__nrf_sections_run_end_end__ - __RAM_segment_start__) <= __RAM_segment_size__)), error: .nrf_sections_run_end is too large to fit in RAM memory segment)
                0x0000000000003ea8                __dtors_load_start__ = ALIGN ((__log_filter_data_load_start__ + SIZEOF (.log_filter_data)), 0x4)

.dtors          0x0000000000003ea8        0x0
                0x0000000000003ea8                __dtors_start__ = .
 *(SORT_BY_NAME(.dtors.*))
 *(.dtors)
 *(.fini_array)
 *(SORT_BY_NAME(.fini_array.*))
                0x0000000000003ea8                __dtors_end__ = (__dtors_start__ + SIZEOF (.dtors))
                0x0000000000000000                __dtors_size__ = SIZEOF (.dtors)
                0x0000000000003ea8                __dtors_load_end__ = __dtors_end__
                0x0000000000000001                . = ASSERT (((__dtors_start__ == __dtors_end__) || ((__dtors_end__ - __FLASH_segment_start__) <= __FLASH_segment_size__)), error: .dtors is too large to fit in FLASH memory segment)
                0x0000000000003ea8                __ctors_load_start__ = ALIGN (__dtors_end__, 0x4)

.ctors          0x0000000000003ea8        0x0
                0x0000000000003ea8                __ctors_start__ = .
 *(SORT_BY_NAME(.ctors.*))
 *(.ctors)
 *(.init_array)
 *(SORT_BY_NAME(.init_array.*))
                0x0000000000003ea8                __ctors_end__ = (__ctors_start__ + SIZEOF (.ctors))
                0x0000000000000000                __ctors_size__ = SIZEOF (.ctors)
                0x0000000000003ea8                __ctors_load_end__ = __ctors_end__
                0x0000000000000001                . = ASSERT (((__ctors_start__ == __ctors_end__) || ((__ctors_end__ - __FLASH_segment_start__) <= __FLASH_segment_size__)), error: .ctors is too large to fit in FLASH memory segment)
                0x0000000000003ea8                __rodata_load_start__ = ALIGN (__ctors_end__, 0x4)

.rodata         0x0000000000003ea8      0x44f
                0x0000000000003ea8                __rodata_start__ = .
 *(.rodata .rodata.* .gnu.linkonce.r.*)
 .rodata        0x0000000000003ea8       0xa9 Output/Debug/Obj/Plain_starter/bsp.o
 *fill*         0x0000000000003f51        0x3 
 .rodata.Q_this_module_
                0x0000000000003f54       0x4a Output/Debug/Obj/Plain_starter/philo.o
 *fill*         0x0000000000003f9e        0x2 
 .rodata.AO_Philo
                0x0000000000003fa0       0x14 Output/Debug/Obj/Plain_starter/philo.o
                0x0000000000003fa0                AO_Philo
 .rodata.Q_this_module_
                0x0000000000003fb4       0x4a Output/Debug/Obj/Plain_starter/table.o
 *fill*         0x0000000000003ffe        0x2 
 .rodata.AO_Table
                0x0000000000004000        0x4 Output/Debug/Obj/Plain_starter/table.o
                0x0000000000004000                AO_Table
 .rodata        0x0000000000004004       0x21 Output/Debug/Obj/Plain_starter/table.o
 *fill*         0x0000000000004025        0x3 
 .rodata.Q_this_module_
                0x0000000000004028        0x8 Output/Debug/Obj/Plain_starter/qep_hsm.o
 .rodata.QEvt_reserved_
                0x0000000000004030       0x10 Output/Debug/Obj/Plain_starter/qep_hsm.o
                0x0000000000004030                QEvt_reserved_
 .rodata.vtable.0
                0x0000000000004040        0xc Output/Debug/Obj/Plain_starter/qep_hsm.o
 .rodata.Q_this_module_
                0x000000000000404c        0x8 Output/Debug/Obj/Plain_starter/qf_actq.o
 .rodata.Q_this_module_
                0x0000000000004054        0x7 Output/Debug/Obj/Plain_starter/qf_dyn.o
 *fill*         0x000000000000405b        0x1 
 .rodata.Q_this_module_
                0x000000000000405c        0x7 Output/Debug/Obj/Plain_starter/qf_mem.o
 *fill*         0x0000000000004063        0x1 
 .rodata.Q_this_module_
                0x0000000000004064        0x6 Output/Debug/Obj/Plain_starter/qf_ps.o
 *fill*         0x000000000000406a        0x2 
 .rodata.Q_this_module_
                0x000000000000406c        0x8 Output/Debug/Obj/Plain_starter/qf_qact.o
 .rodata.vtable.0
                0x0000000000004074        0xc Output/Debug/Obj/Plain_starter/qf_qact.o
 .rodata.Q_this_module_
                0x0000000000004080        0x8 Output/Debug/Obj/Plain_starter/qf_time.o
 .rodata.Q_this_module_
                0x0000000000004088        0x3 Output/Debug/Obj/Plain_starter/qv.o
 *fill*         0x000000000000408b        0x1 
 .rodata.QF_port_module_
                0x000000000000408c        0x8 Output/Debug/Obj/Plain_starter/qv_port.o
                0x000000000000408c                QF_port_module_
 .rodata.libc.__SEGGER_RTL_hex_uc
                0x0000000000004094       0x10 C:/Program Files/SEGGER/SEGGER Embedded Studio for ARM 7.32a/lib/libc_v7em_fpv4_sp_d16_hard_t_le_eabi_balanced.a(prinops.o)
                0x0000000000004094                __SEGGER_RTL_hex_uc
 .rodata.libc.__SEGGER_RTL_hex_lc
                0x00000000000040a4       0x10 C:/Program Files/SEGGER/SEGGER Embedded Studio for ARM 7.32a/lib/libc_v7em_fpv4_sp_d16_hard_t_le_eabi_balanced.a(prinops.o)
                0x00000000000040a4                __SEGGER_RTL_hex_lc
 .rodata.libc..L.str
                0x00000000000040b4        0x7 C:/Program Files/SEGGER/SEGGER Embedded Studio for ARM 7.32a/lib/libc_v7em_fpv4_sp_d16_hard_t_le_eabi_balanced.a(__SEGGER_RTL_vfprintf_long.o)
 *fill*         0x00000000000040bb        0x1 
 .rodata.libc.__SEGGER_RTL_c_locale
                0x00000000000040bc        0xc C:/Program Files/SEGGER/SEGGER Embedded Studio for ARM 7.32a/lib/libc_v7em_fpv4_sp_d16_hard_t_le_eabi_balanced.a(mbops.o)
                0x00000000000040bc                __SEGGER_RTL_c_locale
 .rodata.libc..L.str
                0x00000000000040c8        0x2 C:/Program Files/SEGGER/SEGGER Embedded Studio for ARM 7.32a/lib/libc_v7em_fpv4_sp_d16_hard_t_le_eabi_balanced.a(mbops.o)
 *fill*         0x00000000000040ca        0x2 
 .rodata.libc.__SEGGER_RTL_codeset_ascii
                0x00000000000040cc       0x20 C:/Program Files/SEGGER/SEGGER Embedded Studio for ARM 7.32a/lib/libc_v7em_fpv4_sp_d16_hard_t_le_eabi_balanced.a(mbops.o)
                0x00000000000040cc                __SEGGER_RTL_codeset_ascii
 .rodata.libc.__SEGGER_RTL_c_locale_abbrev_day_names
                0x00000000000040ec       0x1d C:/Program Files/SEGGER/SEGGER Embedded Studio for ARM 7.32a/lib/libc_v7em_fpv4_sp_d16_hard_t_le_eabi_balanced.a(mbops.o)
                0x00000000000040ec                __SEGGER_RTL_c_locale_abbrev_day_names
 .rodata.libc.__SEGGER_RTL_c_locale_abbrev_month_names
                0x0000000000004109       0x31 C:/Program Files/SEGGER/SEGGER Embedded Studio for ARM 7.32a/lib/libc_v7em_fpv4_sp_d16_hard_t_le_eabi_balanced.a(mbops.o)
                0x0000000000004109                __SEGGER_RTL_c_locale_abbrev_month_names
 .rodata.libc.__SEGGER_RTL_data_utf8_period
                0x000000000000413a        0x2 C:/Program Files/SEGGER/SEGGER Embedded Studio for ARM 7.32a/lib/libc_v7em_fpv4_sp_d16_hard_t_le_eabi_balanced.a(mbops.o)
                0x000000000000413a                __SEGGER_RTL_data_utf8_period
 .rodata.libc.__SEGGER_RTL_data_empty_string
                0x000000000000413c        0x1 C:/Program Files/SEGGER/SEGGER Embedded Studio for ARM 7.32a/lib/libc_v7em_fpv4_sp_d16_hard_t_le_eabi_balanced.a(mbops.o)
                0x000000000000413c                __SEGGER_RTL_data_empty_string
 .rodata.libc.__SEGGER_RTL_c_locale_day_names
                0x000000000000413d       0x3a C:/Program Files/SEGGER/SEGGER Embedded Studio for ARM 7.32a/lib/libc_v7em_fpv4_sp_d16_hard_t_le_eabi_balanced.a(mbops.o)
 .rodata.libc.__SEGGER_RTL_c_locale_month_names
                0x0000000000004177       0x57 C:/Program Files/SEGGER/SEGGER Embedded Studio for ARM 7.32a/lib/libc_v7em_fpv4_sp_d16_hard_t_le_eabi_balanced.a(mbops.o)
 .rodata.libc.__SEGGER_RTL_c_locale_am_pm_indicator
                0x00000000000041ce        0x7 C:/Program Files/SEGGER/SEGGER Embedded Studio for ARM 7.32a/lib/libc_v7em_fpv4_sp_d16_hard_t_le_eabi_balanced.a(mbops.o)
 .rodata.libc.__SEGGER_RTL_c_locale_date_format
                0x00000000000041d5        0x9 C:/Program Files/SEGGER/SEGGER Embedded Studio for ARM 7.32a/lib/libc_v7em_fpv4_sp_d16_hard_t_le_eabi_balanced.a(mbops.o)
 .rodata.libc.__SEGGER_RTL_c_locale_time_format
                0x00000000000041de        0x9 C:/Program Files/SEGGER/SEGGER Embedded Studio for ARM 7.32a/lib/libc_v7em_fpv4_sp_d16_hard_t_le_eabi_balanced.a(mbops.o)
 .rodata.libc.__SEGGER_RTL_c_locale_date_time_format
                0x00000000000041e7        0xf C:/Program Files/SEGGER/SEGGER Embedded Studio for ARM 7.32a/lib/libc_v7em_fpv4_sp_d16_hard_t_le_eabi_balanced.a(mbops.o)
 *fill*         0x00000000000041f6        0x2 
 .rodata.libc.__SEGGER_RTL_c_locale_data
                0x00000000000041f8       0x58 C:/Program Files/SEGGER/SEGGER Embedded Studio for ARM 7.32a/lib/libc_v7em_fpv4_sp_d16_hard_t_le_eabi_balanced.a(mbops.o)
                0x00000000000041f8                __SEGGER_RTL_c_locale_data
 .rodata.libc.__SEGGER_RTL_ascii_ctype_map
                0x0000000000004250       0x80 C:/Program Files/SEGGER/SEGGER Embedded Studio for ARM 7.32a/lib/libc_v7em_fpv4_sp_d16_hard_t_le_eabi_balanced.a(mbops.o)
 .rodata.libc.__SEGGER_RTL_ascii_ctype_mask
                0x00000000000042d0        0xd C:/Program Files/SEGGER/SEGGER Embedded Studio for ARM 7.32a/lib/libc_v7em_fpv4_sp_d16_hard_t_le_eabi_balanced.a(mbops.o)
 .rodata.libc._DoInit._aInitStr
                0x00000000000042dd       0x11 C:/Program Files/SEGGER/SEGGER Embedded Studio for ARM 7.32a/lib/prinops_rtt_v7em_fpv4_sp_d16_hard_t_le_eabi_balanced.a(SEGGER_RTT.o)
 .rodata.libc..L.str
                0x00000000000042ee        0x9 C:/Program Files/SEGGER/SEGGER Embedded Studio for ARM 7.32a/lib/prinops_rtt_v7em_fpv4_sp_d16_hard_t_le_eabi_balanced.a(SEGGER_RTT.o)
                0x00000000000042f7                __rodata_end__ = (__rodata_start__ + SIZEOF (.rodata))
                0x000000000000044f                __rodata_size__ = SIZEOF (.rodata)
                0x00000000000042f7                __rodata_load_end__ = __rodata_end__

.rel.dyn        0x00000000000042f8        0x0
 .rel.iplt      0x00000000000042f8        0x0 Output/Debug/Obj/Plain_starter/bsp.o
                0x0000000000000001                . = ASSERT (((__rodata_start__ == __rodata_end__) || ((__rodata_end__ - __FLASH_segment_start__) <= __FLASH_segment_size__)), error: .rodata is too large to fit in FLASH memory segment)
                0x00000000000042f8                __ARM.exidx_load_start__ = ALIGN (__rodata_end__, 0x4)

.ARM.exidx      0x00000000000042f8        0x0
                0x00000000000042f8                __ARM.exidx_start__ = .
                0x00000000000042f8                __exidx_start = __ARM.exidx_start__
 *(.ARM.exidx .ARM.exidx.*)
                0x00000000000042f8                __ARM.exidx_end__ = (__ARM.exidx_start__ + SIZEOF (.ARM.exidx))
                0x0000000000000000                __ARM.exidx_size__ = SIZEOF (.ARM.exidx)
                0x00000000000042f8                __exidx_end = __ARM.exidx_end__
                0x00000000000042f8                __ARM.exidx_load_end__ = __ARM.exidx_end__
                0x0000000000000001                . = ASSERT (((__ARM.exidx_start__ == __ARM.exidx_end__) || ((__ARM.exidx_end__ - __FLASH_segment_start__) <= __FLASH_segment_size__)), error: .ARM.exidx is too large to fit in FLASH memory segment)
                0x00000000000042f8                __fast_load_start__ = ALIGN (__ARM.exidx_end__, 0x4)

.fast           0x0000000020000000        0x0 load address 0x00000000000042f8
                0x0000000020000000                __fast_start__ = .
 *(.fast .fast.*)
                0x0000000020000000                __fast_end__ = (__fast_start__ + SIZEOF (.fast))
                0x0000000000000000                __fast_size__ = SIZEOF (.fast)
                0x00000000000042f8                __fast_load_end__ = (__fast_load_start__ + SIZEOF (.fast))
                0x0000000000000001                . = ASSERT (((__fast_load_start__ == __fast_load_end__) || ((__fast_load_end__ - __FLASH_segment_start__) <= __FLASH_segment_size__)), error: .fast is too large to fit in FLASH memory segment)

.fast_run       0x0000000020000000        0x0
                0x0000000020000000                __fast_run_start__ = .
                0x0000000020000000                __fast_run_end__ = (__fast_run_start__ + SIZEOF (.fast))
                0x0000000000000000                __fast_run_size__ = (__fast_run_end__ - __fast_run_start__)
                0x0000000020000000                __fast_run_load_end__ = __fast_run_end__
                0x0000000000000001                . = ASSERT (((__fast_run_start__ == __fast_run_end__) || ((__fast_run_end__ - __RAM_segment_start__) <= __RAM_segment_size__)), error: .fast_run is too large to fit in RAM memory segment)
                0x00000000000042f8                __data_load_start__ = ALIGN ((__fast_load_start__ + SIZEOF (.fast)), 0x4)

.data           0x0000000020000000       0x24 load address 0x00000000000042f8
                0x0000000020000000                __data_start__ = .
 *(.data .data.* .gnu.linkonce.d.*)
 .data.SystemCoreClock
                0x0000000020000000        0x4 Output/Debug/Obj/Plain_starter/system_nrf52.o
                0x0000000020000000                SystemCoreClock
 .data.libc.__SEGGER_RTL_global_locale
                0x0000000020000004       0x14 C:/Program Files/SEGGER/SEGGER Embedded Studio for ARM 7.32a/lib/libc_v7em_fpv4_sp_d16_hard_t_le_eabi_balanced.a(mbops.o)
                0x0000000020000004                __SEGGER_RTL_global_locale
                0x0000000020000004                __RAL_global_locale
 .data.libc.stdin
                0x0000000020000018        0x4 C:/Program Files/SEGGER/SEGGER Embedded Studio for ARM 7.32a/lib/prinops_rtt_v7em_fpv4_sp_d16_hard_t_le_eabi_balanced.a(prinops_rtt.o)
                0x0000000020000018                stdin
 .data.libc.stdout
                0x000000002000001c        0x4 C:/Program Files/SEGGER/SEGGER Embedded Studio for ARM 7.32a/lib/prinops_rtt_v7em_fpv4_sp_d16_hard_t_le_eabi_balanced.a(prinops_rtt.o)
                0x000000002000001c                stdout
 .data.libc.stderr
                0x0000000020000020        0x4 C:/Program Files/SEGGER/SEGGER Embedded Studio for ARM 7.32a/lib/prinops_rtt_v7em_fpv4_sp_d16_hard_t_le_eabi_balanced.a(prinops_rtt.o)
                0x0000000020000020                stderr
                0x0000000020000024                __data_end__ = (__data_start__ + SIZEOF (.data))
                0x0000000000000024                __data_size__ = SIZEOF (.data)
                0x000000000000431c                __data_load_end__ = (__data_load_start__ + SIZEOF (.data))

.igot.plt       0x0000000100000000        0x0
 .igot.plt      0x0000000100000000        0x0 Output/Debug/Obj/Plain_starter/bsp.o
                0x0000000000000001                . = ASSERT (((__data_load_start__ == __data_load_end__) || ((__data_load_end__ - __FLASH_segment_start__) <= __FLASH_segment_size__)), error: .data is too large to fit in FLASH memory segment)

.data_run       0x0000000020000000        0x0
                0x0000000020000000                __data_run_start__ = .
                0x0000000020000024                __data_run_end__ = (__data_run_start__ + SIZEOF (.data))
                0x0000000000000024                __data_run_size__ = (__data_run_end__ - __data_run_start__)
                0x0000000020000024                __data_run_load_end__ = __data_run_end__
                0x0000000000000001                . = ASSERT (((__data_run_start__ == __data_run_end__) || ((__data_run_end__ - __RAM_segment_start__) <= __RAM_segment_size__)), error: .data_run is too large to fit in RAM memory segment)
                0x000000000000431c                __tdata_load_start__ = ALIGN ((__data_load_start__ + SIZEOF (.data)), 0x4)

.tdata          0x0000000020000024        0x0 load address 0x000000000000431c
                0x0000000020000024                __tdata_start__ = .
 *(.tdata .tdata.*)
                0x0000000020000024                __tdata_end__ = (__tdata_start__ + SIZEOF (.tdata))
                0x0000000000000000                __tdata_size__ = SIZEOF (.tdata)
                0x000000000000431c                __tdata_load_end__ = (__tdata_load_start__ + SIZEOF (.tdata))
                0x000000000000431c                __FLASH_segment_used_end__ = (ALIGN ((__data_load_start__ + SIZEOF (.data)), 0x4) + SIZEOF (.tdata))
                0x000000000000431c                __FLASH_segment_used_size__ = (__FLASH_segment_used_end__ - __FLASH_segment_start__)
                0x0000000000000001                . = ASSERT (((__tdata_load_start__ == __tdata_load_end__) || ((__tdata_load_end__ - __FLASH_segment_start__) <= __FLASH_segment_size__)), error: .tdata is too large to fit in FLASH memory segment)

.tdata_run      0x0000000020000024        0x0
                0x0000000020000024                __tdata_run_start__ = .
                0x0000000020000024                __tdata_run_end__ = (__tdata_run_start__ + SIZEOF (.tdata))
                0x0000000000000000                __tdata_run_size__ = (__tdata_run_end__ - __tdata_run_start__)
                0x0000000020000024                __tdata_run_load_end__ = __tdata_run_end__
                0x0000000000000001                . = ASSERT (((__tdata_run_start__ == __tdata_run_end__) || ((__tdata_run_end__ - __RAM_segment_start__) <= __RAM_segment_size__)), error: .tdata_run is too large to fit in RAM memory segment)
                0x0000000020000024                __bss_load_start__ = ALIGN (__tdata_run_end__, 0x4)

.bss            0x0000000020000024      0x8d0
                0x0000000020000024                __bss_start__ = .
 *(.bss .bss.* .gnu.linkonce.b.*)
 .bss.l_rndSeed
                0x0000000020000024        0x4 Output/Debug/Obj/Plain_starter/bsp.o
 .bss.counter_10_ms
                0x0000000020000028        0x4 Output/Debug/Obj/Plain_starter/bsp.o
 .bss.counter_ms
                0x000000002000002c        0x4 Output/Debug/Obj/Plain_starter/bsp.o
 .bss.smlPoolSto.3
                0x0000000020000030       0x50 Output/Debug/Obj/Plain_starter/bsp.o
 .bss.subscrSto.2
                0x0000000020000080       0x48 Output/Debug/Obj/Plain_starter/bsp.o
 .bss.philoQueueSto.1
                0x00000000200000c8       0xc8 Output/Debug/Obj/Plain_starter/bsp.o
 .bss.tableQueueSto.0
                0x0000000020000190       0x14 Output/Debug/Obj/Plain_starter/bsp.o
 .bss.Philo_inst
                0x00000000200001a4      0x140 Output/Debug/Obj/Plain_starter/philo.o
                0x00000000200001a4                Philo_inst
 .bss.Table_inst
                0x00000000200002e4       0x34 Output/Debug/Obj/Plain_starter/table.o
                0x00000000200002e4                Table_inst
 .bss.m_error_data.0
                0x0000000020000318       0x20 Output/Debug/Obj/Plain_starter/app_error.o
 .bss.QActive_registry_
                0x0000000020000338       0x84 Output/Debug/Obj/Plain_starter/qf_act.o
                0x0000000020000338                QActive_registry_
 .bss.QF_priv_  0x00000000200003bc       0x40 Output/Debug/Obj/Plain_starter/qf_act.o
                0x00000000200003bc                QF_priv_
 .bss.QActive_subscrList_
                0x00000000200003fc        0x4 Output/Debug/Obj/Plain_starter/qf_ps.o
                0x00000000200003fc                QActive_subscrList_
 .bss.QActive_maxPubSignal_
                0x0000000020000400        0x4 Output/Debug/Obj/Plain_starter/qf_ps.o
                0x0000000020000400                QActive_maxPubSignal_
 .bss.QTimeEvt_timeEvtHead_
                0x0000000020000404       0x14 Output/Debug/Obj/Plain_starter/qf_time.o
                0x0000000020000404                QTimeEvt_timeEvtHead_
 .bss.QV_priv_  0x0000000020000418       0x10 Output/Debug/Obj/Plain_starter/qv.o
                0x0000000020000418                QV_priv_
 .bss.libc.__SEGGER_RTL_locale_ptr
                0x0000000020000428        0x4 C:/Program Files/SEGGER/SEGGER Embedded Studio for ARM 7.32a/lib/libc_v7em_fpv4_sp_d16_hard_t_le_eabi_balanced.a(mbops.o)
                0x0000000020000428                __SEGGER_RTL_locale_ptr
 .bss.libc.__SEGGER_RTL_stdin_file
                0x000000002000042c        0x4 C:/Program Files/SEGGER/SEGGER Embedded Studio for ARM 7.32a/lib/prinops_rtt_v7em_fpv4_sp_d16_hard_t_le_eabi_balanced.a(prinops_rtt.o)
 .bss.libc.__SEGGER_RTL_stdout_file
                0x0000000020000430        0x4 C:/Program Files/SEGGER/SEGGER Embedded Studio for ARM 7.32a/lib/prinops_rtt_v7em_fpv4_sp_d16_hard_t_le_eabi_balanced.a(prinops_rtt.o)
 .bss.libc.__SEGGER_RTL_stderr_file
                0x0000000020000434        0x4 C:/Program Files/SEGGER/SEGGER Embedded Studio for ARM 7.32a/lib/prinops_rtt_v7em_fpv4_sp_d16_hard_t_le_eabi_balanced.a(prinops_rtt.o)
 .bss.libc._SEGGER_RTT
                0x0000000020000438       0xa8 C:/Program Files/SEGGER/SEGGER Embedded Studio for ARM 7.32a/lib/prinops_rtt_v7em_fpv4_sp_d16_hard_t_le_eabi_balanced.a(SEGGER_RTT.o)
                0x0000000020000438                _SEGGER_RTT
 .bss.libc._acUpBuffer
                0x00000000200004e0      0x400 C:/Program Files/SEGGER/SEGGER Embedded Studio for ARM 7.32a/lib/prinops_rtt_v7em_fpv4_sp_d16_hard_t_le_eabi_balanced.a(SEGGER_RTT.o)
 .bss.libc._acDownBuffer
                0x00000000200008e0       0x10 C:/Program Files/SEGGER/SEGGER Embedded Studio for ARM 7.32a/lib/prinops_rtt_v7em_fpv4_sp_d16_hard_t_le_eabi_balanced.a(SEGGER_RTT.o)
 .bss.libc.__SEGGER_RTL_heap_globals.0
                0x00000000200008f0        0x4 C:/Program Files/SEGGER/SEGGER Embedded Studio for ARM 7.32a/lib/heapops_basic_v7em_fpv4_sp_d16_hard_t_le_eabi_balanced.a(heapops_basic.o)
 *(COMMON)
                0x00000000200008f4                __bss_end__ = (__bss_start__ + SIZEOF (.bss))
                0x00000000000008d0                __bss_size__ = SIZEOF (.bss)
                0x00000000200008f4                __bss_load_end__ = __bss_end__
                0x0000000000000001                . = ASSERT (((__bss_start__ == __bss_end__) || ((__bss_end__ - __RAM_segment_start__) <= __RAM_segment_size__)), error: .bss is too large to fit in RAM memory segment)
                0x00000000200008f4                __tbss_load_start__ = ALIGN (__bss_end__, 0x4)

.tbss           0x00000000200008f4        0x0
                0x00000000200008f4                __tbss_start__ = .
 *(.tbss .tbss.*)
                0x00000000200008f4                __tbss_end__ = (__tbss_start__ + SIZEOF (.tbss))
                0x0000000000000000                __tbss_size__ = SIZEOF (.tbss)
                0x00000000200008f4                __tbss_load_end__ = __tbss_end__
                0x0000000000000001                . = ASSERT (((__tbss_start__ == __tbss_end__) || ((__tbss_end__ - __RAM_segment_start__) <= __RAM_segment_size__)), error: .tbss is too large to fit in RAM memory segment)
                0x00000000200008f4                __non_init_load_start__ = ALIGN (__tbss_end__, 0x4)

.non_init       0x00000000200008f4        0x0
                0x00000000200008f4                __non_init_start__ = .
 *(.non_init .non_init.*)
                0x00000000200008f4                __non_init_end__ = (__non_init_start__ + SIZEOF (.non_init))
                0x0000000000000000                __non_init_size__ = SIZEOF (.non_init)
                0x00000000200008f4                __non_init_load_end__ = __non_init_end__
                0x0000000000000001                . = ASSERT (((__non_init_start__ == __non_init_end__) || ((__non_init_end__ - __RAM_segment_start__) <= __RAM_segment_size__)), error: .non_init is too large to fit in RAM memory segment)
                0x00000000200008f4                __heap_load_start__ = ALIGN (__non_init_end__, 0x4)

.heap           0x00000000200008f4     0x2000
                0x00000000200008f4                __heap_start__ = .
 *(.heap .heap.*)
                0x00000000200028f4                . = ALIGN (MAX ((__heap_start__ + __HEAPSIZE__), .), 0x4)
 *fill*         0x00000000200008f4     0x2000 
                0x00000000200028f4                __heap_end__ = (__heap_start__ + SIZEOF (.heap))
                0x0000000000002000                __heap_size__ = SIZEOF (.heap)
                0x00000000200028f4                __heap_load_end__ = __heap_end__
                0x0000000000000001                . = ASSERT (((__heap_start__ == __heap_end__) || ((__heap_end__ - __RAM_segment_start__) <= __RAM_segment_size__)), error: .heap is too large to fit in RAM memory segment)
                0x0000000000000001                . = ASSERT ((__HEAPSIZE__ == ALIGN (__HEAPSIZE__, 0x4)), error: .heap section size does not match alignment)
                0x0000000000000001                . = ASSERT ((__heap_size__ <= __HEAPSIZE__), error: .heap section is larger than specified size)
                0x000000002000e000                __stack_load_start__ = (__RAM_segment_start__ + (__RAM_segment_size__ - 0x2000))

.stack          0x000000002000e000     0x2000
                0x000000002000e000                __stack_start__ = .
                0x000000002000e000                __StackLimit = __stack_start__
 *(.stack .stack.*)
                0x0000000020010000                . = ALIGN (MAX ((__stack_start__ + __STACKSIZE__), .), 0x8)
 *fill*         0x000000002000e000     0x2000 
                0x0000000020010000                __stack_end__ = (__stack_start__ + SIZEOF (.stack))
                0x0000000000002000                __stack_size__ = SIZEOF (.stack)
                0x0000000020010000                __StackTop = __stack_end__
                0x0000000020010000                __stack_load_end__ = __stack_end__
                0x0000000000000001                . = ASSERT (((__stack_start__ == __stack_end__) || ((__stack_end__ - __RAM_segment_start__) <= __RAM_segment_size__)), error: .stack is too large to fit in RAM memory segment)
                0x0000000000000001                . = ASSERT ((__heap_end__ <= __stack_start__), error: section .heap overlaps absolute placed section .stack)
                0x0000000000000001                . = ASSERT ((__STACKSIZE__ == ALIGN (__STACKSIZE__, 0x8)), error: .stack section size does not match alignment)
                0x0000000000000001                . = ASSERT ((__stack_size__ <= __STACKSIZE__), error: .stack section is larger than specified size)
                0x0000000020010000                __stack_process_load_start__ = ALIGN (__stack_end__, 0x8)

.stack_process  0x0000000020010000        0x0
                0x0000000020010000                __stack_process_start__ = .
 *(.stack_process .stack_process.*)
                0x0000000020010000                . = ALIGN (MAX ((__stack_process_start__ + __STACKSIZE_PROCESS__), .), 0x8)
                0x0000000020010000                __stack_process_end__ = (__stack_process_start__ + SIZEOF (.stack_process))
                0x0000000000000000                __stack_process_size__ = SIZEOF (.stack_process)
                0x0000000020010000                __stack_process_load_end__ = __stack_process_end__
                0x0000000020010000                __RAM_segment_used_end__ = (ALIGN (__stack_end__, 0x8) + SIZEOF (.stack_process))
                0x0000000000010000                __RAM_segment_used_size__ = (__RAM_segment_used_end__ - __RAM_segment_start__)
                0x0000000000000001                . = ASSERT (((__stack_process_start__ == __stack_process_end__) || ((__stack_process_end__ - __RAM_segment_start__) <= __RAM_segment_size__)), error: .stack_process is too large to fit in RAM memory segment)
                0x0000000000000001                . = ASSERT ((__STACKSIZE_PROCESS__ == ALIGN (__STACKSIZE_PROCESS__, 0x8)), error: .stack_process section size does not match alignment)
                0x0000000000000001                . = ASSERT ((__stack_process_size__ <= __STACKSIZE_PROCESS__), error: .stack_process section is larger than specified size)
START GROUP
LOAD Output/Debug/Obj/Plain_starter/bsp.o
LOAD Output/Debug/Obj/Plain_starter/philo.o
LOAD Output/Debug/Obj/Plain_starter/table.o
LOAD Output/Debug/Obj/Plain_starter/main.o
LOAD Output/Debug/Obj/Plain_starter/nrfx_atomic.o
LOAD Output/Debug/Obj/Plain_starter/nrfx_systick.o
LOAD Output/Debug/Obj/Plain_starter/app_error.o
LOAD Output/Debug/Obj/Plain_starter/app_error_handler_gcc.o
LOAD Output/Debug/Obj/Plain_starter/app_error_weak.o
LOAD Output/Debug/Obj/Plain_starter/app_util_platform.o
LOAD Output/Debug/Obj/Plain_starter/nrf_assert.o
LOAD Output/Debug/Obj/Plain_starter/nrf_atomic.o
LOAD Output/Debug/Obj/Plain_starter/nrf_balloc.o
LOAD Output/Debug/Obj/Plain_starter/nrf_fprintf.o
LOAD Output/Debug/Obj/Plain_starter/nrf_fprintf_format.o
LOAD Output/Debug/Obj/Plain_starter/nrf_memobj.o
LOAD Output/Debug/Obj/Plain_starter/nrf_ringbuf.o
LOAD Output/Debug/Obj/Plain_starter/nrf_strerror.o
LOAD Output/Debug/Obj/Plain_starter/nrf_log_frontend.o
LOAD Output/Debug/Obj/Plain_starter/nrf_log_str_formatter.o
LOAD Output/Debug/Obj/Plain_starter/qep_hsm.o
LOAD Output/Debug/Obj/Plain_starter/qep_msm.o
LOAD Output/Debug/Obj/Plain_starter/qf_act.o
LOAD Output/Debug/Obj/Plain_starter/qf_actq.o
LOAD Output/Debug/Obj/Plain_starter/qf_defer.o
LOAD Output/Debug/Obj/Plain_starter/qf_dyn.o
LOAD Output/Debug/Obj/Plain_starter/qf_mem.o
LOAD Output/Debug/Obj/Plain_starter/qf_ps.o
LOAD Output/Debug/Obj/Plain_starter/qf_qact.o
LOAD Output/Debug/Obj/Plain_starter/qf_qeq.o
LOAD Output/Debug/Obj/Plain_starter/qf_qmact.o
LOAD Output/Debug/Obj/Plain_starter/qf_time.o
LOAD Output/Debug/Obj/Plain_starter/qv.o
LOAD Output/Debug/Obj/Plain_starter/qv_port.o
LOAD Output/Debug/Obj/Plain_starter/thumb_crt0.o
LOAD Output/Debug/Obj/Plain_starter/ses_startup_nrf52.o
LOAD Output/Debug/Obj/Plain_starter/ses_startup_nrf_common.o
LOAD Output/Debug/Obj/Plain_starter/system_nrf52.o
LOAD C:/Program Files/SEGGER/SEGGER Embedded Studio for ARM 7.32a/lib/libc_v7em_fpv4_sp_d16_hard_t_le_eabi_balanced.a
LOAD C:/Program Files/SEGGER/SEGGER Embedded Studio for ARM 7.32a/lib/prinops_rtt_v7em_fpv4_sp_d16_hard_t_le_eabi_balanced.a
LOAD C:/Program Files/SEGGER/SEGGER Embedded Studio for ARM 7.32a/lib/heapops_basic_v7em_fpv4_sp_d16_hard_t_le_eabi_balanced.a
LOAD C:/Program Files/SEGGER/SEGGER Embedded Studio for ARM 7.32a/lib/heapops_disable_interrupts_locking_v7em_fpv4_sp_d16_hard_t_le_eabi_balanced.a
LOAD C:/Program Files/SEGGER/SEGGER Embedded Studio for ARM 7.32a/lib/strops_unaligned_v7em_fpv4_sp_d16_hard_t_le_eabi_balanced.a
END GROUP
OUTPUT(C:/nrf_sdk/examples/HSM_experimentations/Start_HSM/pca10040/blank/ses/Output/Debug/Exe/Plain_starter.elf elf32-littlearm)
LOAD linker stubs

.debug_frame    0x0000000000000000     0x1350
 .debug_frame   0x0000000000000000      0x2c0 Output/Debug/Obj/Plain_starter/bsp.o
 .debug_frame   0x00000000000002c0      0x118 Output/Debug/Obj/Plain_starter/philo.o
 .debug_frame   0x00000000000003d8      0x118 Output/Debug/Obj/Plain_starter/table.o
 .debug_frame   0x00000000000004f0       0x2c Output/Debug/Obj/Plain_starter/main.o
 .debug_frame   0x000000000000051c       0x58 Output/Debug/Obj/Plain_starter/app_error.o
 .debug_frame   0x0000000000000574       0x38 Output/Debug/Obj/Plain_starter/app_error_weak.o
 .debug_frame   0x00000000000005ac       0x38 Output/Debug/Obj/Plain_starter/nrf_assert.o
 .debug_frame   0x00000000000005e4      0x138 Output/Debug/Obj/Plain_starter/qep_hsm.o
 .debug_frame   0x000000000000071c       0x30 Output/Debug/Obj/Plain_starter/qf_act.o
 .debug_frame   0x000000000000074c      0x1f0 Output/Debug/Obj/Plain_starter/qf_actq.o
 .debug_frame   0x000000000000093c      0x1a8 Output/Debug/Obj/Plain_starter/qf_dyn.o
 .debug_frame   0x0000000000000ae4       0x88 Output/Debug/Obj/Plain_starter/qf_mem.o
 .debug_frame   0x0000000000000b6c      0x218 Output/Debug/Obj/Plain_starter/qf_ps.o
 .debug_frame   0x0000000000000d84       0x88 Output/Debug/Obj/Plain_starter/qf_qact.o
 .debug_frame   0x0000000000000e0c       0xe8 Output/Debug/Obj/Plain_starter/qf_qeq.o
 .debug_frame   0x0000000000000ef4      0x170 Output/Debug/Obj/Plain_starter/qf_time.o
 .debug_frame   0x0000000000001064      0x180 Output/Debug/Obj/Plain_starter/qv.o
 .debug_frame   0x00000000000011e4       0x70 Output/Debug/Obj/Plain_starter/qv_port.o
 .debug_frame   0x0000000000001254       0xfc Output/Debug/Obj/Plain_starter/system_nrf52.o

.debug_info     0x0000000000000000     0x9420
 .debug_info    0x0000000000000000     0x1387 Output/Debug/Obj/Plain_starter/bsp.o
 .debug_info    0x0000000000001387      0xad3 Output/Debug/Obj/Plain_starter/philo.o
 .debug_info    0x0000000000001e5a      0xaea Output/Debug/Obj/Plain_starter/table.o
 .debug_info    0x0000000000002944       0xd4 Output/Debug/Obj/Plain_starter/main.o
 .debug_info    0x0000000000002a18      0x296 Output/Debug/Obj/Plain_starter/app_error.o
 .debug_info    0x0000000000002cae      0x262 Output/Debug/Obj/Plain_starter/app_error_weak.o
 .debug_info    0x0000000000002f10      0x135 Output/Debug/Obj/Plain_starter/nrf_assert.o
 .debug_info    0x0000000000003045      0x904 Output/Debug/Obj/Plain_starter/qep_hsm.o
 .debug_info    0x0000000000003949      0x713 Output/Debug/Obj/Plain_starter/qf_act.o
 .debug_info    0x000000000000405c      0xac5 Output/Debug/Obj/Plain_starter/qf_actq.o
 .debug_info    0x0000000000004b21      0x5d0 Output/Debug/Obj/Plain_starter/qf_dyn.o
 .debug_info    0x00000000000050f1      0x378 Output/Debug/Obj/Plain_starter/qf_mem.o
 .debug_info    0x0000000000005469      0xaf9 Output/Debug/Obj/Plain_starter/qf_ps.o
 .debug_info    0x0000000000005f62      0x765 Output/Debug/Obj/Plain_starter/qf_qact.o
 .debug_info    0x00000000000066c7      0x427 Output/Debug/Obj/Plain_starter/qf_qeq.o
 .debug_info    0x0000000000006aee      0x9b5 Output/Debug/Obj/Plain_starter/qf_time.o
 .debug_info    0x00000000000074a3      0xc08 Output/Debug/Obj/Plain_starter/qv.o
 .debug_info    0x00000000000080ab      0x163 Output/Debug/Obj/Plain_starter/qv_port.o
 .debug_info    0x000000000000820e       0x22 Output/Debug/Obj/Plain_starter/thumb_crt0.o
 .debug_info    0x0000000000008230       0x23 Output/Debug/Obj/Plain_starter/ses_startup_nrf52.o
 .debug_info    0x0000000000008253       0x23 Output/Debug/Obj/Plain_starter/ses_startup_nrf_common.o
 .debug_info    0x0000000000008276     0x11aa Output/Debug/Obj/Plain_starter/system_nrf52.o

.debug_abbrev   0x0000000000000000     0x2a6a
 .debug_abbrev  0x0000000000000000      0x412 Output/Debug/Obj/Plain_starter/bsp.o
 .debug_abbrev  0x0000000000000412      0x2a1 Output/Debug/Obj/Plain_starter/philo.o
 .debug_abbrev  0x00000000000006b3      0x306 Output/Debug/Obj/Plain_starter/table.o
 .debug_abbrev  0x00000000000009b9       0x94 Output/Debug/Obj/Plain_starter/main.o
 .debug_abbrev  0x0000000000000a4d      0x13f Output/Debug/Obj/Plain_starter/app_error.o
 .debug_abbrev  0x0000000000000b8c      0x159 Output/Debug/Obj/Plain_starter/app_error_weak.o
 .debug_abbrev  0x0000000000000ce5       0xd6 Output/Debug/Obj/Plain_starter/nrf_assert.o
 .debug_abbrev  0x0000000000000dbb      0x2f3 Output/Debug/Obj/Plain_starter/qep_hsm.o
 .debug_abbrev  0x00000000000010ae      0x1f4 Output/Debug/Obj/Plain_starter/qf_act.o
 .debug_abbrev  0x00000000000012a2      0x342 Output/Debug/Obj/Plain_starter/qf_actq.o
 .debug_abbrev  0x00000000000015e4      0x282 Output/Debug/Obj/Plain_starter/qf_dyn.o
 .debug_abbrev  0x0000000000001866      0x193 Output/Debug/Obj/Plain_starter/qf_mem.o
 .debug_abbrev  0x00000000000019f9      0x304 Output/Debug/Obj/Plain_starter/qf_ps.o
 .debug_abbrev  0x0000000000001cfd      0x251 Output/Debug/Obj/Plain_starter/qf_qact.o
 .debug_abbrev  0x0000000000001f4e      0x1d5 Output/Debug/Obj/Plain_starter/qf_qeq.o
 .debug_abbrev  0x0000000000002123      0x2f3 Output/Debug/Obj/Plain_starter/qf_time.o
 .debug_abbrev  0x0000000000002416      0x34a Output/Debug/Obj/Plain_starter/qv.o
 .debug_abbrev  0x0000000000002760       0xcf Output/Debug/Obj/Plain_starter/qv_port.o
 .debug_abbrev  0x000000000000282f       0x12 Output/Debug/Obj/Plain_starter/thumb_crt0.o
 .debug_abbrev  0x0000000000002841       0x14 Output/Debug/Obj/Plain_starter/ses_startup_nrf52.o
 .debug_abbrev  0x0000000000002855       0x14 Output/Debug/Obj/Plain_starter/ses_startup_nrf_common.o
 .debug_abbrev  0x0000000000002869      0x201 Output/Debug/Obj/Plain_starter/system_nrf52.o

.debug_pubnames
                0x0000000000000000     0x20e5
 .debug_pubnames
                0x0000000000000000      0x8b2 Output/Debug/Obj/Plain_starter/bsp.o
 .debug_pubnames
                0x00000000000008b2      0x354 Output/Debug/Obj/Plain_starter/philo.o
 .debug_pubnames
                0x0000000000000c06      0x31e Output/Debug/Obj/Plain_starter/table.o
 .debug_pubnames
                0x0000000000000f24       0x4d Output/Debug/Obj/Plain_starter/main.o
 .debug_pubnames
                0x0000000000000f71       0x88 Output/Debug/Obj/Plain_starter/app_error.o
 .debug_pubnames
                0x0000000000000ff9      0x101 Output/Debug/Obj/Plain_starter/app_error_weak.o
 .debug_pubnames
                0x00000000000010fa       0x46 Output/Debug/Obj/Plain_starter/nrf_assert.o
 .debug_pubnames
                0x0000000000001140      0x248 Output/Debug/Obj/Plain_starter/qep_hsm.o
 .debug_pubnames
                0x0000000000001388       0x66 Output/Debug/Obj/Plain_starter/qf_act.o
 .debug_pubnames
                0x00000000000013ee      0x18a Output/Debug/Obj/Plain_starter/qf_actq.o
 .debug_pubnames
                0x0000000000001578      0x14b Output/Debug/Obj/Plain_starter/qf_dyn.o
 .debug_pubnames
                0x00000000000016c3       0x86 Output/Debug/Obj/Plain_starter/qf_mem.o
 .debug_pubnames
                0x0000000000001749      0x253 Output/Debug/Obj/Plain_starter/qf_ps.o
 .debug_pubnames
                0x000000000000199c       0xe4 Output/Debug/Obj/Plain_starter/qf_qact.o
 .debug_pubnames
                0x0000000000001a80       0xed Output/Debug/Obj/Plain_starter/qf_qeq.o
 .debug_pubnames
                0x0000000000001b6d      0x19f Output/Debug/Obj/Plain_starter/qf_time.o
 .debug_pubnames
                0x0000000000001d0c      0x23c Output/Debug/Obj/Plain_starter/qv.o
 .debug_pubnames
                0x0000000000001f48       0x7e Output/Debug/Obj/Plain_starter/qv_port.o
 .debug_pubnames
                0x0000000000001fc6      0x11f Output/Debug/Obj/Plain_starter/system_nrf52.o

.debug_pubtypes
                0x0000000000000000     0x2759
 .debug_pubtypes
                0x0000000000000000      0x3cc Output/Debug/Obj/Plain_starter/bsp.o
 .debug_pubtypes
                0x00000000000003cc      0x2dc Output/Debug/Obj/Plain_starter/philo.o
 .debug_pubtypes
                0x00000000000006a8      0x2a5 Output/Debug/Obj/Plain_starter/table.o
 .debug_pubtypes
                0x000000000000094d       0xf4 Output/Debug/Obj/Plain_starter/main.o
 .debug_pubtypes
                0x0000000000000a41      0x12d Output/Debug/Obj/Plain_starter/app_error.o
 .debug_pubtypes
                0x0000000000000b6e      0x131 Output/Debug/Obj/Plain_starter/app_error_weak.o
 .debug_pubtypes
                0x0000000000000c9f      0x103 Output/Debug/Obj/Plain_starter/nrf_assert.o
 .debug_pubtypes
                0x0000000000000da2      0x229 Output/Debug/Obj/Plain_starter/qep_hsm.o
 .debug_pubtypes
                0x0000000000000fcb      0x298 Output/Debug/Obj/Plain_starter/qf_act.o
 .debug_pubtypes
                0x0000000000001263      0x28d Output/Debug/Obj/Plain_starter/qf_actq.o
 .debug_pubtypes
                0x00000000000014f0      0x1cb Output/Debug/Obj/Plain_starter/qf_dyn.o
 .debug_pubtypes
                0x00000000000016bb      0x18a Output/Debug/Obj/Plain_starter/qf_mem.o
 .debug_pubtypes
                0x0000000000001845      0x2a1 Output/Debug/Obj/Plain_starter/qf_ps.o
 .debug_pubtypes
                0x0000000000001ae6      0x259 Output/Debug/Obj/Plain_starter/qf_qact.o
 .debug_pubtypes
                0x0000000000001d3f      0x175 Output/Debug/Obj/Plain_starter/qf_qeq.o
 .debug_pubtypes
                0x0000000000001eb4      0x2a3 Output/Debug/Obj/Plain_starter/qf_time.o
 .debug_pubtypes
                0x0000000000002157      0x327 Output/Debug/Obj/Plain_starter/qv.o
 .debug_pubtypes
                0x000000000000247e      0x108 Output/Debug/Obj/Plain_starter/qv_port.o
 .debug_pubtypes
                0x0000000000002586      0x1d3 Output/Debug/Obj/Plain_starter/system_nrf52.o

.debug_aranges  0x0000000000000000      0x6c0
 .debug_aranges
                0x0000000000000000       0xc8 Output/Debug/Obj/Plain_starter/bsp.o
 .debug_aranges
                0x00000000000000c8       0x50 Output/Debug/Obj/Plain_starter/philo.o
 .debug_aranges
                0x0000000000000118       0x50 Output/Debug/Obj/Plain_starter/table.o
 .debug_aranges
                0x0000000000000168       0x20 Output/Debug/Obj/Plain_starter/main.o
 .debug_aranges
                0x0000000000000188       0x28 Output/Debug/Obj/Plain_starter/app_error.o
 .debug_aranges
                0x00000000000001b0       0x20 Output/Debug/Obj/Plain_starter/app_error_weak.o
 .debug_aranges
                0x00000000000001d0       0x20 Output/Debug/Obj/Plain_starter/nrf_assert.o
 .debug_aranges
                0x00000000000001f0       0x58 Output/Debug/Obj/Plain_starter/qep_hsm.o
 .debug_aranges
                0x0000000000000248       0x20 Output/Debug/Obj/Plain_starter/qf_act.o
 .debug_aranges
                0x0000000000000268       0x80 Output/Debug/Obj/Plain_starter/qf_actq.o
 .debug_aranges
                0x00000000000002e8       0x70 Output/Debug/Obj/Plain_starter/qf_dyn.o
 .debug_aranges
                0x0000000000000358       0x30 Output/Debug/Obj/Plain_starter/qf_mem.o
 .debug_aranges
                0x0000000000000388       0x90 Output/Debug/Obj/Plain_starter/qf_ps.o
 .debug_aranges
                0x0000000000000418       0x30 Output/Debug/Obj/Plain_starter/qf_qact.o
 .debug_aranges
                0x0000000000000448       0x48 Output/Debug/Obj/Plain_starter/qf_qeq.o
 .debug_aranges
                0x0000000000000490       0x60 Output/Debug/Obj/Plain_starter/qf_time.o
 .debug_aranges
                0x00000000000004f0       0x70 Output/Debug/Obj/Plain_starter/qv.o
 .debug_aranges
                0x0000000000000560       0x40 Output/Debug/Obj/Plain_starter/qv_port.o
 .debug_aranges
                0x00000000000005a0       0x58 Output/Debug/Obj/Plain_starter/thumb_crt0.o
 .debug_aranges
                0x00000000000005f8       0x20 Output/Debug/Obj/Plain_starter/ses_startup_nrf52.o
 .debug_aranges
                0x0000000000000618       0x20 Output/Debug/Obj/Plain_starter/ses_startup_nrf_common.o
 .debug_aranges
                0x0000000000000638       0x88 Output/Debug/Obj/Plain_starter/system_nrf52.o

.debug_ranges   0x0000000000000000      0x560
 .debug_ranges  0x0000000000000000       0xb8 Output/Debug/Obj/Plain_starter/bsp.o
 .debug_ranges  0x00000000000000b8       0x40 Output/Debug/Obj/Plain_starter/philo.o
 .debug_ranges  0x00000000000000f8       0x40 Output/Debug/Obj/Plain_starter/table.o
 .debug_ranges  0x0000000000000138       0x10 Output/Debug/Obj/Plain_starter/main.o
 .debug_ranges  0x0000000000000148       0x18 Output/Debug/Obj/Plain_starter/app_error.o
 .debug_ranges  0x0000000000000160       0x10 Output/Debug/Obj/Plain_starter/app_error_weak.o
 .debug_ranges  0x0000000000000170       0x10 Output/Debug/Obj/Plain_starter/nrf_assert.o
 .debug_ranges  0x0000000000000180       0x48 Output/Debug/Obj/Plain_starter/qep_hsm.o
 .debug_ranges  0x00000000000001c8       0x10 Output/Debug/Obj/Plain_starter/qf_act.o
 .debug_ranges  0x00000000000001d8       0x70 Output/Debug/Obj/Plain_starter/qf_actq.o
 .debug_ranges  0x0000000000000248       0x60 Output/Debug/Obj/Plain_starter/qf_dyn.o
 .debug_ranges  0x00000000000002a8       0x20 Output/Debug/Obj/Plain_starter/qf_mem.o
 .debug_ranges  0x00000000000002c8       0x80 Output/Debug/Obj/Plain_starter/qf_ps.o
 .debug_ranges  0x0000000000000348       0x20 Output/Debug/Obj/Plain_starter/qf_qact.o
 .debug_ranges  0x0000000000000368       0x38 Output/Debug/Obj/Plain_starter/qf_qeq.o
 .debug_ranges  0x00000000000003a0       0x68 Output/Debug/Obj/Plain_starter/qf_time.o
 .debug_ranges  0x0000000000000408       0x60 Output/Debug/Obj/Plain_starter/qv.o
 .debug_ranges  0x0000000000000468       0x30 Output/Debug/Obj/Plain_starter/qv_port.o
 .debug_ranges  0x0000000000000498       0x50 Output/Debug/Obj/Plain_starter/thumb_crt0.o
 .debug_ranges  0x00000000000004e8       0x78 Output/Debug/Obj/Plain_starter/system_nrf52.o

.debug_macro    0x0000000000000000    0x1413a
 .debug_macro   0x0000000000000000      0x29b Output/Debug/Obj/Plain_starter/bsp.o
 .debug_macro   0x000000000000029b      0xb62 Output/Debug/Obj/Plain_starter/bsp.o
 .debug_macro   0x0000000000000dfd       0x4c Output/Debug/Obj/Plain_starter/bsp.o
 .debug_macro   0x0000000000000e49      0x290 Output/Debug/Obj/Plain_starter/bsp.o
 .debug_macro   0x00000000000010d9      0x64e Output/Debug/Obj/Plain_starter/bsp.o
 .debug_macro   0x0000000000001727       0x16 Output/Debug/Obj/Plain_starter/bsp.o
 .debug_macro   0x000000000000173d      0x269 Output/Debug/Obj/Plain_starter/bsp.o
 .debug_macro   0x00000000000019a6       0x22 Output/Debug/Obj/Plain_starter/bsp.o
 .debug_macro   0x00000000000019c8       0x68 Output/Debug/Obj/Plain_starter/bsp.o
 .debug_macro   0x0000000000001a30       0x10 Output/Debug/Obj/Plain_starter/bsp.o
 .debug_macro   0x0000000000001a40       0x1c Output/Debug/Obj/Plain_starter/bsp.o
 .debug_macro   0x0000000000001a5c      0x1b3 Output/Debug/Obj/Plain_starter/bsp.o
 .debug_macro   0x0000000000001c0f       0x79 Output/Debug/Obj/Plain_starter/bsp.o
 .debug_macro   0x0000000000001c88      0x106 Output/Debug/Obj/Plain_starter/bsp.o
 .debug_macro   0x0000000000001d8e       0x91 Output/Debug/Obj/Plain_starter/bsp.o
 .debug_macro   0x0000000000001e1f       0x10 Output/Debug/Obj/Plain_starter/bsp.o
 .debug_macro   0x0000000000001e2f       0x10 Output/Debug/Obj/Plain_starter/bsp.o
 .debug_macro   0x0000000000001e3f      0x6b9 Output/Debug/Obj/Plain_starter/bsp.o
 .debug_macro   0x00000000000024f8       0x22 Output/Debug/Obj/Plain_starter/bsp.o
 .debug_macro   0x000000000000251a       0x22 Output/Debug/Obj/Plain_starter/bsp.o
 .debug_macro   0x000000000000253c       0x3b Output/Debug/Obj/Plain_starter/bsp.o
 .debug_macro   0x0000000000002577       0x3b Output/Debug/Obj/Plain_starter/bsp.o
 .debug_macro   0x00000000000025b2       0x50 Output/Debug/Obj/Plain_starter/bsp.o
 .debug_macro   0x0000000000002602      0xe66 Output/Debug/Obj/Plain_starter/bsp.o
 .debug_macro   0x0000000000003468      0x392 Output/Debug/Obj/Plain_starter/bsp.o
 .debug_macro   0x00000000000037fa     0xccbe Output/Debug/Obj/Plain_starter/bsp.o
 .debug_macro   0x00000000000104b8     0x1325 Output/Debug/Obj/Plain_starter/bsp.o
 .debug_macro   0x00000000000117dd       0x82 Output/Debug/Obj/Plain_starter/bsp.o
 .debug_macro   0x000000000001185f       0x26 Output/Debug/Obj/Plain_starter/bsp.o
 .debug_macro   0x0000000000011885      0x3b1 Output/Debug/Obj/Plain_starter/bsp.o
 .debug_macro   0x0000000000011c36       0x59 Output/Debug/Obj/Plain_starter/bsp.o
 .debug_macro   0x0000000000011c8f       0x2d Output/Debug/Obj/Plain_starter/bsp.o
 .debug_macro   0x0000000000011cbc      0x131 Output/Debug/Obj/Plain_starter/bsp.o
 .debug_macro   0x0000000000011ded       0x16 Output/Debug/Obj/Plain_starter/bsp.o
 .debug_macro   0x0000000000011e03      0x16d Output/Debug/Obj/Plain_starter/bsp.o
 .debug_macro   0x0000000000011f70      0x7ca Output/Debug/Obj/Plain_starter/bsp.o
 .debug_macro   0x000000000001273a       0x3f Output/Debug/Obj/Plain_starter/bsp.o
 .debug_macro   0x0000000000012779       0x58 Output/Debug/Obj/Plain_starter/bsp.o
 .debug_macro   0x00000000000127d1       0x8e Output/Debug/Obj/Plain_starter/bsp.o
 .debug_macro   0x000000000001285f       0xad Output/Debug/Obj/Plain_starter/bsp.o
 .debug_macro   0x000000000001290c       0x49 Output/Debug/Obj/Plain_starter/bsp.o
 .debug_macro   0x0000000000012955       0x8c Output/Debug/Obj/Plain_starter/bsp.o
 .debug_macro   0x00000000000129e1       0x19 Output/Debug/Obj/Plain_starter/bsp.o
 .debug_macro   0x00000000000129fa       0x1d Output/Debug/Obj/Plain_starter/bsp.o
 .debug_macro   0x0000000000012a17       0x35 Output/Debug/Obj/Plain_starter/bsp.o
 .debug_macro   0x0000000000012a4c       0x7b Output/Debug/Obj/Plain_starter/bsp.o
 .debug_macro   0x0000000000012ac7       0x64 Output/Debug/Obj/Plain_starter/bsp.o
 .debug_macro   0x0000000000012b2b       0x20 Output/Debug/Obj/Plain_starter/bsp.o
 .debug_macro   0x0000000000012b4b       0x1c Output/Debug/Obj/Plain_starter/bsp.o
 .debug_macro   0x0000000000012b67       0xc4 Output/Debug/Obj/Plain_starter/philo.o
 .debug_macro   0x0000000000012c2b       0xe2 Output/Debug/Obj/Plain_starter/table.o
 .debug_macro   0x0000000000012d0d       0xbe Output/Debug/Obj/Plain_starter/main.o
 .debug_macro   0x0000000000012dcb       0x6e Output/Debug/Obj/Plain_starter/main.o
 .debug_macro   0x0000000000012e39      0x12c Output/Debug/Obj/Plain_starter/app_error.o
 .debug_macro   0x0000000000012f65       0x35 Output/Debug/Obj/Plain_starter/app_error.o
 .debug_macro   0x0000000000012f9a       0x64 Output/Debug/Obj/Plain_starter/app_error.o
 .debug_macro   0x0000000000012ffe      0x225 Output/Debug/Obj/Plain_starter/app_error_weak.o
 .debug_macro   0x0000000000013223       0x31 Output/Debug/Obj/Plain_starter/app_error_weak.o
 .debug_macro   0x0000000000013254       0x16 Output/Debug/Obj/Plain_starter/app_error_weak.o
 .debug_macro   0x000000000001326a       0x55 Output/Debug/Obj/Plain_starter/app_error_weak.o
 .debug_macro   0x00000000000132bf      0x17f Output/Debug/Obj/Plain_starter/app_error_weak.o
 .debug_macro   0x000000000001343e       0x9a Output/Debug/Obj/Plain_starter/app_error_weak.o
 .debug_macro   0x00000000000134d8       0x28 Output/Debug/Obj/Plain_starter/app_error_weak.o
 .debug_macro   0x0000000000013500       0x23 Output/Debug/Obj/Plain_starter/app_error_weak.o
 .debug_macro   0x0000000000013523       0x1c Output/Debug/Obj/Plain_starter/app_error_weak.o
 .debug_macro   0x000000000001353f      0x135 Output/Debug/Obj/Plain_starter/nrf_assert.o
 .debug_macro   0x0000000000013674       0x10 Output/Debug/Obj/Plain_starter/nrf_assert.o
 .debug_macro   0x0000000000013684       0xc3 Output/Debug/Obj/Plain_starter/qep_hsm.o
 .debug_macro   0x0000000000013747       0x4b Output/Debug/Obj/Plain_starter/qep_hsm.o
 .debug_macro   0x0000000000013792       0x28 Output/Debug/Obj/Plain_starter/qep_hsm.o
 .debug_macro   0x00000000000137ba      0x19b Output/Debug/Obj/Plain_starter/qep_hsm.o