Archive member included to satisfy reference by file (symbol)

C:/Program Files/SEGGER/SEGGER Embedded Studio for ARM 6.30/lib/libc_v7em_fpv4_sp_d16_hard_t_le_eabi_balanced.a(strasmops_arm.o)
                              Output/Debug/Obj/Plain_starter/nrf_memobj.o (memcpy)
C:/Program Files/SEGGER/SEGGER Embedded Studio for ARM 6.30/lib/libc_v7em_fpv4_sp_d16_hard_t_le_eabi_balanced.a(__SEGGER_RTL_vfprintf_long.o)
                              (__SEGGER_RTL_vfprintf_long)
C:/Program Files/SEGGER/SEGGER Embedded Studio for ARM 6.30/lib/libc_v7em_fpv4_sp_d16_hard_t_le_eabi_balanced.a(__SEGGER_RTL_vfscanf_long.o)
                              (__SEGGER_RTL_vfscanf_long)
C:/Program Files/SEGGER/SEGGER Embedded Studio for ARM 6.30/lib/libc_v7em_fpv4_sp_d16_hard_t_le_eabi_balanced.a(intasmops_arm.o)
                              C:/Program Files/SEGGER/SEGGER Embedded Studio for ARM 6.30/lib/libc_v7em_fpv4_sp_d16_hard_t_le_eabi_balanced.a(__SEGGER_RTL_vfprintf_long.o) (__aeabi_uldivmod)
C:/Program Files/SEGGER/SEGGER Embedded Studio for ARM 6.30/lib/libc_v7em_fpv4_sp_d16_hard_t_le_eabi_balanced.a(mbops.o)
                              C:/Program Files/SEGGER/SEGGER Embedded Studio for ARM 6.30/lib/libc_v7em_fpv4_sp_d16_hard_t_le_eabi_balanced.a(__SEGGER_RTL_vfscanf_long.o) (isdigit)
C:/Program Files/SEGGER/SEGGER Embedded Studio for ARM 6.30/lib/libc_v7em_fpv4_sp_d16_hard_t_le_eabi_balanced.a(sortops.o)
                              C:/Program Files/SEGGER/SEGGER Embedded Studio for ARM 6.30/lib/libc_v7em_fpv4_sp_d16_hard_t_le_eabi_balanced.a(mbops.o) (bsearch)
C:/Program Files/SEGGER/SEGGER Embedded Studio for ARM 6.30/lib/libc_v7em_fpv4_sp_d16_hard_t_le_eabi_balanced.a(strops.o)
                              C:/Program Files/SEGGER/SEGGER Embedded Studio for ARM 6.30/lib/libc_v7em_fpv4_sp_d16_hard_t_le_eabi_balanced.a(mbops.o) (strcat)
C:/Program Files/SEGGER/SEGGER Embedded Studio for ARM 6.30/lib/libc_v7em_fpv4_sp_d16_hard_t_le_eabi_balanced.a(timeops.o)
                              C:/Program Files/SEGGER/SEGGER Embedded Studio for ARM 6.30/lib/libc_v7em_fpv4_sp_d16_hard_t_le_eabi_balanced.a(mbops.o) (__SEGGER_RTL_string_list_encode)
C:/Program Files/SEGGER/SEGGER Embedded Studio for ARM 6.30/lib/libc_v7em_fpv4_sp_d16_hard_t_le_eabi_balanced.a(utilops.o)
                              C:/Program Files/SEGGER/SEGGER Embedded Studio for ARM 6.30/lib/libc_v7em_fpv4_sp_d16_hard_t_le_eabi_balanced.a(__SEGGER_RTL_vfscanf_long.o) (__SEGGER_RTL_digit)
C:/Program Files/SEGGER/SEGGER Embedded Studio for ARM 6.30/lib/libc_v7em_fpv4_sp_d16_hard_t_le_eabi_balanced.a(prinops.o)
                              C:/Program Files/SEGGER/SEGGER Embedded Studio for ARM 6.30/lib/libc_v7em_fpv4_sp_d16_hard_t_le_eabi_balanced.a(__SEGGER_RTL_vfprintf_long.o) (__SEGGER_RTL_putc)
C:/Program Files/SEGGER/SEGGER Embedded Studio for ARM 6.30/lib/libc_v7em_fpv4_sp_d16_hard_t_le_eabi_balanced.a(errno.o)
                              C:/Program Files/SEGGER/SEGGER Embedded Studio for ARM 6.30/lib/libc_v7em_fpv4_sp_d16_hard_t_le_eabi_balanced.a(mbops.o) (__aeabi_errno_addr)
C:/Program Files/SEGGER/SEGGER Embedded Studio for ARM 6.30/lib/libc_v7em_fpv4_sp_d16_hard_t_le_eabi_balanced.a(fileops.o)
                              C:/Program Files/SEGGER/SEGGER Embedded Studio for ARM 6.30/lib/libc_v7em_fpv4_sp_d16_hard_t_le_eabi_balanced.a(prinops.o) (fwrite)
C:/Program Files/SEGGER/SEGGER Embedded Studio for ARM 6.30/lib/libc_v7em_fpv4_sp_d16_hard_t_le_eabi_balanced.a(floatasmops_arm.o)
                              C:/Program Files/SEGGER/SEGGER Embedded Studio for ARM 6.30/lib/libc_v7em_fpv4_sp_d16_hard_t_le_eabi_balanced.a(utilops.o) (__aeabi_dmul)
C:/Program Files/SEGGER/SEGGER Embedded Studio for ARM 6.30/lib/libc_v7em_fpv4_sp_d16_hard_t_le_eabi_balanced.a(heapops.o)
                              C:/Program Files/SEGGER/SEGGER Embedded Studio for ARM 6.30/lib/libc_v7em_fpv4_sp_d16_hard_t_le_eabi_balanced.a(mbops.o) (malloc)
C:/Program Files/SEGGER/SEGGER Embedded Studio for ARM 6.30/lib/libc_v7em_fpv4_sp_d16_hard_t_le_eabi_balanced.a(intops.o)
                              C:/Program Files/SEGGER/SEGGER Embedded Studio for ARM 6.30/lib/libc_v7em_fpv4_sp_d16_hard_t_le_eabi_balanced.a(timeops.o) (div)
C:/Program Files/SEGGER/SEGGER Embedded Studio for ARM 6.30/lib/prinops_rtt_v7em_little.a(prinops_rtt.o)
                              C:/Program Files/SEGGER/SEGGER Embedded Studio for ARM 6.30/lib/libc_v7em_fpv4_sp_d16_hard_t_le_eabi_balanced.a(fileops.o) (__SEGGER_RTL_X_file_stat)
C:/Program Files/SEGGER/SEGGER Embedded Studio for ARM 6.30/lib/prinops_rtt_v7em_little.a(SEGGER_RTT.o)
                              C:/Program Files/SEGGER/SEGGER Embedded Studio for ARM 6.30/lib/prinops_rtt_v7em_little.a(prinops_rtt.o) (SEGGER_RTT_Read)
C:/Program Files/SEGGER/SEGGER Embedded Studio for ARM 6.30/lib/heapops_basic_v7em_little.a(heapops_basic.o)
[...]
Memory Configuration

Name             Origin             Length             Attributes
UNPLACED_SECTIONS 0x0000000100000000 0x0000000000000000 xw
RAM              0x0000000020000000 0x0000000000010000 xw
FLASH            0x0000000000000000 0x0000000000080000 xw
*default*        0x0000000000000000 0xffffffffffffffff

Linker script and memory map

                0x0000000000000000                __SEGGER_RTL_vfprintf = __SEGGER_RTL_vfprintf_long
                0x0000000000000000                __SEGGER_RTL_vfscanf = __SEGGER_RTL_vfscanf_long
                0x0000000020000000                __RAM_segment_start__ = 0x20000000
                0x0000000020010000                __RAM_segment_end__ = 0x20010000
                0x0000000000010000                __RAM_segment_size__ = 0x10000
                0x0000000000000000                __FLASH_segment_start__ = 0x0
                0x0000000000080000                __FLASH_segment_end__ = 0x80000
                0x0000000000080000                __FLASH_segment_size__ = 0x80000
                0x0000000000002000                __HEAPSIZE__ = 0x2000
                0x0000000000000000                __STACKSIZE_PROCESS__ = 0x0
                0x0000000000002000                __STACKSIZE__ = 0x2000
                0x0000000020000000                __vectors_ram_load_start__ = 0x20000000

.vectors_ram    0x0000000020000000        0x0
                0x0000000020000000                __vectors_ram_start__ = .
                0x0000000020000000                __app_ram_start__ = __vectors_ram_start__
 *(.vectors_ram .vectors_ram.*)
                0x0000000020000000                __vectors_ram_end__ = (__vectors_ram_start__ + SIZEOF (.vectors_ram))
                0x0000000000000000                __vectors_ram_size__ = SIZEOF (.vectors_ram)
                0x0000000020000000                __vectors_ram_load_end__ = __vectors_ram_end__
                0x0000000000000001                . = ASSERT (((__vectors_ram_start__ == __vectors_ram_end__) || ((__vectors_ram_end__ - __RAM_segment_start__) <= __RAM_segment_size__)), error: .vectors_ram is too large to fit in RAM memory segment)
                0x0000000020000000                __nrf_sections_run_load_start__ = ALIGN (__vectors_ram_end__, 0x4)

.nrf_sections_run
                0x0000000020000000        0x0
                0x0000000020000000                __nrf_sections_run_start__ = .
                0x0000000020000000                __start_nrf_sections_run = __nrf_sections_run_start__
 *(.nrf_sections_run .nrf_sections_run.*)
                0x0000000020000000                __nrf_sections_run_end__ = (__nrf_sections_run_start__ + SIZEOF (.nrf_sections_run))
                0x0000000000000000                __nrf_sections_run_size__ = SIZEOF (.nrf_sections_run)
                0x0000000020000000                __nrf_sections_run_load_end__ = __nrf_sections_run_end__
                0x0000000000000001                . = ASSERT (((__nrf_sections_run_start__ == __nrf_sections_run_end__) || ((__nrf_sections_run_end__ - __RAM_segment_start__) <= __RAM_segment_size__)), error: .nrf_sections_run is too large to fit in RAM memory segment)
                0x0000000000000000                __vectors_load_start__ = 0x0

.vectors        0x0000000000000000      0x200
                0x0000000000000000                __vectors_start__ = .
 *(.vectors .vectors.*)
 .vectors       0x0000000000000000      0x200 Output/Debug/Obj/Plain_starter/ses_startup_nrf52.o
                0x0000000000000000                _vectors
                0x0000000000000200                __vectors_end__ = (__vectors_start__ + SIZEOF (.vectors))
                0x0000000000000200                __vectors_size__ = SIZEOF (.vectors)
                0x0000000000000200                __vectors_load_end__ = __vectors_end__
                0x0000000000000001                . = ASSERT (((__vectors_start__ == __vectors_end__) || ((__vectors_end__ - __FLASH_segment_start__) <= __FLASH_segment_size__)), error: .vectors is too large to fit in FLASH memory segment)
                0x0000000000000200                __init_load_start__ = ALIGN (__vectors_end__, 0x4)

.init           0x0000000000000200      0x1cc
                0x0000000000000200                __init_start__ = .
 *(.init .init.*)
 .init          0x0000000000000200      0x158 Output/Debug/Obj/Plain_starter/thumb_crt0.o
                0x0000000000000200                _start
                0x00000000000002ae                exit
 .init          0x0000000000000358       0x18 Output/Debug/Obj/Plain_starter/ses_startup_nrf52.o
                0x0000000000000358                NMI_Handler
                0x000000000000035a                HardFault_Handler
                0x000000000000035c                MemoryManagement_Handler
                0x000000000000035e                BusFault_Handler
                0x0000000000000360                UsageFault_Handler
                0x0000000000000362                SVC_Handler
                0x0000000000000364                DebugMon_Handler
                0x0000000000000366                PendSV_Handler
                0x000000000000036a                PWM1_IRQHandler
                0x000000000000036a                SWI0_EGU0_IRQHandler
                0x000000000000036a                POWER_CLOCK_IRQHandler
                0x000000000000036a                RADIO_IRQHandler
                0x000000000000036a                PDM_IRQHandler
                0x000000000000036a                TEMP_IRQHandler
                0x000000000000036a                QDEC_IRQHandler
                0x000000000000036a                TIMER3_IRQHandler
                0x000000000000036a                RTC0_IRQHandler
                0x000000000000036a                SPIM0_SPIS0_TWIM0_TWIS0_SPI0_TWI0_IRQHandler
                0x000000000000036a                SWI2_EGU2_IRQHandler
                0x000000000000036a                TIMER4_IRQHandler
                0x000000000000036a                I2S_IRQHandler
                0x000000000000036a                SWI4_EGU4_IRQHandler
                0x000000000000036a                TIMER0_IRQHandler
                0x000000000000036a                Dummy_Handler
                0x000000000000036a                TIMER1_IRQHandler
                0x000000000000036a                PWM2_IRQHandler
                0x000000000000036a                ECB_IRQHandler
                0x000000000000036a                SPIM1_SPIS1_TWIM1_TWIS1_SPI1_TWI1_IRQHandler
                0x000000000000036a                SAADC_IRQHandler
                0x000000000000036a                CCM_AAR_IRQHandler
                0x000000000000036a                WDT_IRQHandler
                0x000000000000036a                FPU_IRQHandler
                0x000000000000036a                SWI5_EGU5_IRQHandler
                0x000000000000036a                RNG_IRQHandler
                0x000000000000036a                RTC2_IRQHandler
                0x000000000000036a                PWM0_IRQHandler
                0x000000000000036a                SWI3_EGU3_IRQHandler
                0x000000000000036a                RTC1_IRQHandler
                0x000000000000036a                SWI1_EGU1_IRQHandler
                0x000000000000036a                SPIM2_SPIS2_SPI2_IRQHandler
                0x000000000000036a                NFCT_IRQHandler
                0x000000000000036a                TIMER2_IRQHandler
                0x000000000000036a                MWU_IRQHandler
                0x000000000000036a                COMP_LPCOMP_IRQHandler
                0x000000000000036c                nRFInitialize
 .init          0x0000000000000370       0x5c Output/Debug/Obj/Plain_starter/ses_startup_nrf_common.o
                0x0000000000000370                Reset_Handler
                0x0000000000000374                afterInitialize
                0x0000000000000398                InitializeUserMemorySections
                0x00000000000003cc                __init_end__ = (__init_start__ + SIZEOF (.init))
                0x00000000000001cc                __init_size__ = SIZEOF (.init)
                0x00000000000003cc                __init_load_end__ = __init_end__
                0x0000000000000001                . = ASSERT (((__init_start__ == __init_end__) || ((__init_end__ - __FLASH_segment_start__) <= __FLASH_segment_size__)), error: .init is too large to fit in FLASH memory segment)
                0x00000000000003cc                __init_rodata_load_start__ = ALIGN (__init_end__, 0x4)

.init_rodata    0x00000000000003cc        0x0
                0x00000000000003cc                __init_rodata_start__ = .
 *(.init_rodata .init_rodata.*)
                0x00000000000003cc                __init_rodata_end__ = (__init_rodata_start__ + SIZEOF (.init_rodata))
                0x0000000000000000                __init_rodata_size__ = SIZEOF (.init_rodata)
                0x00000000000003cc                __init_rodata_load_end__ = __init_rodata_end__
                0x0000000000000001                . = ASSERT (((__init_rodata_start__ == __init_rodata_end__) || ((__init_rodata_end__ - __FLASH_segment_start__) <= __FLASH_segment_size__)), error: .init_rodata is too large to fit in FLASH memory segment)
                0x00000000000003cc                __text_load_start__ = ALIGN (__init_rodata_end__, 0x4)

.text           0x00000000000003cc     0x8770
                0x00000000000003cc                __text_start__ = .
 *(.text .text.* .gnu.linkonce.t.* .glue_7t .glue_7 .gcc_except_table .ARM.extab* .gnu.linkonce.armextab.*)
 .glue_7        0x00000000000003cc        0x0 linker stubs
 .glue_7t       0x00000000000003cc        0x0 linker stubs
 .text.Blinky_ctor
                0x00000000000003cc       0x24 Output/Debug/Obj/Plain_starter/Blinky_AO.o
                0x00000000000003cc                Blinky_ctor
 .text.Blinky_initial
                0x00000000000003f0       0x3c Output/Debug/Obj/Plain_starter/Blinky_AO.o
 .text.Blinky_HSM
                0x000000000000042c       0x24 Output/Debug/Obj/Plain_starter/Blinky_AO.o
 .text.Blinky_ON
                0x0000000000000450       0x54 Output/Debug/Obj/Plain_starter/Blinky_AO.o
 .text.Blinky_OFF
                0x00000000000004a4       0x54 Output/Debug/Obj/Plain_starter/Blinky_AO.o
 .text.QS_rxPut
                0x00000000000004f8       0x60 Output/Debug/Obj/Plain_starter/bsp.o
 .text.NVIC_SetPriorityGrouping
                0x0000000000000558       0x40 Output/Debug/Obj/Plain_starter/bsp.o
 .text.NVIC_SetPriority
                0x0000000000000598       0x50 Output/Debug/Obj/Plain_starter/bsp.o
 .text.NVIC_SystemReset
                0x00000000000005e8       0x2c Output/Debug/Obj/Plain_starter/bsp.o
 .text.SysTick_Config
                0x0000000000000614       0x40 Output/Debug/Obj/Plain_starter/bsp.o
 .text.nrf_gpio_pin_port_decode
                0x0000000000000654       0x28 Output/Debug/Obj/Plain_starter/bsp.o
 .text.nrf_gpio_cfg
                0x000000000000067c       0x62 Output/Debug/Obj/Plain_starter/bsp.o
 .text.nrf_gpio_cfg_output
                0x00000000000006de       0x22 Output/Debug/Obj/Plain_starter/bsp.o
 .text.nrf_gpio_pin_toggle
                0x0000000000000700       0x44 Output/Debug/Obj/Plain_starter/bsp.o
 .text.Q_onError
                0x0000000000000744       0x16 Output/Debug/Obj/Plain_starter/bsp.o
                0x0000000000000744                Q_onError
 *fill*         0x000000000000075a        0x2 
 .text.SysTick_Handler
                0x000000000000075c       0x2c Output/Debug/Obj/Plain_starter/bsp.o
                0x000000000000075c                SysTick_Handler
 .text.BSP_Toggle
                0x0000000000000788        0xc Output/Debug/Obj/Plain_starter/bsp.o
                0x0000000000000788                BSP_Toggle
 .text.uart_event_handler
                0x0000000000000794       0x78 Output/Debug/Obj/Plain_starter/bsp.o
                0x0000000000000794                uart_event_handler
 .text.uart_init
                0x000000000000080c       0x68 Output/Debug/Obj/Plain_starter/bsp.o
 .text.button_handler
                0x0000000000000874       0x30 Output/Debug/Obj/Plain_starter/bsp.o
 .text.BSP_init
                0x00000000000008a4       0xe4 Output/Debug/Obj/Plain_starter/bsp.o
                0x00000000000008a4                BSP_init
 .text.BSP_start
                0x0000000000000988       0x34 Output/Debug/Obj/Plain_starter/bsp.o
                0x0000000000000988                BSP_start
 .text.QF_onStartup
                0x00000000000009bc       0x30 Output/Debug/Obj/Plain_starter/bsp.o
                0x00000000000009bc                QF_onStartup
 .text.QV_onIdle
                0x00000000000009ec       0x4c Output/Debug/Obj/Plain_starter/bsp.o
                0x00000000000009ec                QV_onIdle
 .text.QS_onStartup
                0x0000000000000a38       0x54 Output/Debug/Obj/Plain_starter/bsp.o
                0x0000000000000a38                QS_onStartup
 .text.QS_onCleanup
                0x0000000000000a8c        0x4 Output/Debug/Obj/Plain_starter/bsp.o
                0x0000000000000a8c                QS_onCleanup
 .text.QS_onGetTime
                0x0000000000000a90       0x38 Output/Debug/Obj/Plain_starter/bsp.o
                0x0000000000000a90                QS_onGetTime
 .text.QS_onFlush
                0x0000000000000ac8       0x40 Output/Debug/Obj/Plain_starter/bsp.o
                0x0000000000000ac8                QS_onFlush
 .text.QS_onReset
                0x0000000000000b08        0xa Output/Debug/Obj/Plain_starter/bsp.o
                0x0000000000000b08                QS_onReset
 .text.QS_onCommand
                0x0000000000000b12       0x14 Output/Debug/Obj/Plain_starter/bsp.o
                0x0000000000000b12                QS_onCommand
 .text.main     0x0000000000000b26       0x18 Output/Debug/Obj/Plain_starter/main.o
                0x0000000000000b26                main
 *fill*         0x0000000000000b3e        0x2 
 .text.NVIC_EnableIRQ
                0x0000000000000b40       0x2c Output/Debug/Obj/Plain_starter/nrfx_uart.o
 .text.NVIC_SetPriority
                0x0000000000000b6c       0x50 Output/Debug/Obj/Plain_starter/nrfx_uart.o
 .text.nrfx_get_irq_number
                0x0000000000000bbc       0x10 Output/Debug/Obj/Plain_starter/nrfx_uart.o
 .text._NRFX_IRQ_PRIORITY_SET
                0x0000000000000bcc       0x40 Output/Debug/Obj/Plain_starter/nrfx_uart.o
 .text._NRFX_IRQ_ENABLE
                0x0000000000000c0c       0x1c Output/Debug/Obj/Plain_starter/nrfx_uart.o
 .text.nrf_uart_event_clear
                0x0000000000000c28       0x2a Output/Debug/Obj/Plain_starter/nrfx_uart.o
 .text.nrf_uart_event_check
                0x0000000000000c52       0x24 Output/Debug/Obj/Plain_starter/nrfx_uart.o
 .text.nrf_uart_int_enable
                0x0000000000000c76       0x14 Output/Debug/Obj/Plain_starter/nrfx_uart.o
 .text.nrf_uart_int_enable_check
                0x0000000000000c8a       0x20 Output/Debug/Obj/Plain_starter/nrfx_uart.o
 .text.nrf_uart_int_disable
                0x0000000000000caa       0x14 Output/Debug/Obj/Plain_starter/nrfx_uart.o
 .text.nrf_uart_errorsrc_get_and_clear
                0x0000000000000cbe       0x1c Output/Debug/Obj/Plain_starter/nrfx_uart.o
 .text.nrf_uart_enable
                0x0000000000000cda       0x12 Output/Debug/Obj/Plain_starter/nrfx_uart.o
 .text.nrf_uart_txrx_pins_set
                0x0000000000000cec       0x1e Output/Debug/Obj/Plain_starter/nrfx_uart.o
 .text.nrf_uart_hwfc_pins_set
                0x0000000000000d0a       0x1e Output/Debug/Obj/Plain_starter/nrfx_uart.o
 .text.nrf_uart_rxd_get
                0x0000000000000d28       0x12 Output/Debug/Obj/Plain_starter/nrfx_uart.o
 .text.nrf_uart_txd_set
                0x0000000000000d3a       0x1a Output/Debug/Obj/Plain_starter/nrfx_uart.o
 .text.nrf_uart_task_trigger
                0x0000000000000d54       0x1c Output/Debug/Obj/Plain_starter/nrfx_uart.o
 .text.nrf_uart_configure
                0x0000000000000d70       0x2a Output/Debug/Obj/Plain_starter/nrfx_uart.o
 .text.nrf_uart_baudrate_set
                0x0000000000000d9a       0x14 Output/Debug/Obj/Plain_starter/nrfx_uart.o
 *fill*         0x0000000000000dae        0x2 
 .text.nrf_gpio_pin_port_decode
                0x0000000000000db0       0x28 Output/Debug/Obj/Plain_starter/nrfx_uart.o
 .text.nrf_gpio_cfg
                0x0000000000000dd8       0x62 Output/Debug/Obj/Plain_starter/nrfx_uart.o
 .text.nrf_gpio_cfg_output
                0x0000000000000e3a       0x22 Output/Debug/Obj/Plain_starter/nrfx_uart.o
 .text.nrf_gpio_cfg_input
                0x0000000000000e5c       0x2a Output/Debug/Obj/Plain_starter/nrfx_uart.o
 .text.nrf_gpio_pin_set
                0x0000000000000e86       0x28 Output/Debug/Obj/Plain_starter/nrfx_uart.o
 .text.nrf_gpio_port_out_set
                0x0000000000000eae       0x14 Output/Debug/Obj/Plain_starter/nrfx_uart.o
 .text.apply_config
                0x0000000000000ec2       0xc6 Output/Debug/Obj/Plain_starter/nrfx_uart.o
 .text.interrupts_enable
                0x0000000000000f88       0x6c Output/Debug/Obj/Plain_starter/nrfx_uart.o
 .text.nrfx_uart_init
                0x0000000000000ff4       0xd4 Output/Debug/Obj/Plain_starter/nrfx_uart.o
                0x0000000000000ff4                nrfx_uart_init
 .text.tx_byte  0x00000000000010c8       0x40 Output/Debug/Obj/Plain_starter/nrfx_uart.o
 .text.tx_blocking
                0x0000000000001108       0x52 Output/Debug/Obj/Plain_starter/nrfx_uart.o
 *fill*         0x000000000000115a        0x2 
 .text.nrfx_uart_tx
                0x000000000000115c      0x110 Output/Debug/Obj/Plain_starter/nrfx_uart.o
                0x000000000000115c                nrfx_uart_tx
 .text.nrfx_uart_tx_in_progress
                0x000000000000126c       0x2c Output/Debug/Obj/Plain_starter/nrfx_uart.o
                0x000000000000126c                nrfx_uart_tx_in_progress
 .text.rx_enable
                0x0000000000001298       0x36 Output/Debug/Obj/Plain_starter/nrfx_uart.o
 .text.rx_byte  0x00000000000012ce       0x4e Output/Debug/Obj/Plain_starter/nrfx_uart.o
 .text.nrfx_uart_rx
                0x000000000000131c      0x21c Output/Debug/Obj/Plain_starter/nrfx_uart.o
                0x000000000000131c                nrfx_uart_rx
 .text.rx_done_event
                0x0000000000001538       0x2e Output/Debug/Obj/Plain_starter/nrfx_uart.o
 .text.tx_done_event
                0x0000000000001566       0x34 Output/Debug/Obj/Plain_starter/nrfx_uart.o
 .text.uart_irq_handler
                0x000000000000159a      0x1de Output/Debug/Obj/Plain_starter/nrfx_uart.o
 .text.nrfx_uart_0_irq_handler
                0x0000000000001778       0x18 Output/Debug/Obj/Plain_starter/nrfx_uart.o
                0x0000000000001778                nrfx_uart_0_irq_handler
 .text.NVIC_EnableIRQ
                0x0000000000001790       0x2c Output/Debug/Obj/Plain_starter/nrfx_uarte.o
 .text.NVIC_SetPriority
                0x00000000000017bc       0x50 Output/Debug/Obj/Plain_starter/nrfx_uarte.o
 .text.nrfx_is_in_ram
                0x000000000000180c       0x1c Output/Debug/Obj/Plain_starter/nrfx_uarte.o
 .text.nrfx_get_irq_number
                0x0000000000001828       0x10 Output/Debug/Obj/Plain_starter/nrfx_uarte.o
 .text._NRFX_IRQ_PRIORITY_SET
                0x0000000000001838       0x40 Output/Debug/Obj/Plain_starter/nrfx_uarte.o
 .text._NRFX_IRQ_ENABLE
                0x0000000000001878       0x1c Output/Debug/Obj/Plain_starter/nrfx_uarte.o
 .text.nrf_uarte_event_clear
                0x0000000000001894       0x2a Output/Debug/Obj/Plain_starter/nrfx_uarte.o
 .text.nrf_uarte_event_check
                0x00000000000018be       0x24 Output/Debug/Obj/Plain_starter/nrfx_uarte.o
 .text.nrf_uarte_shorts_enable
                0x00000000000018e2       0x1c Output/Debug/Obj/Plain_starter/nrfx_uarte.o
 .text.nrf_uarte_shorts_disable
                0x00000000000018fe       0x1e Output/Debug/Obj/Plain_starter/nrfx_uarte.o
 .text.nrf_uarte_int_enable
                0x000000000000191c       0x14 Output/Debug/Obj/Plain_starter/nrfx_uarte.o
 .text.nrf_uarte_int_disable
                0x0000000000001930       0x14 Output/Debug/Obj/Plain_starter/nrfx_uarte.o
 .text.nrf_uarte_errorsrc_get_and_clear
                0x0000000000001944       0x1c Output/Debug/Obj/Plain_starter/nrfx_uarte.o
 .text.nrf_uarte_enable
                0x0000000000001960       0x12 Output/Debug/Obj/Plain_starter/nrfx_uarte.o
 .text.nrf_uarte_txrx_pins_set
                0x0000000000001972       0x1e Output/Debug/Obj/Plain_starter/nrfx_uarte.o
 .text.nrf_uarte_hwfc_pins_set
                0x0000000000001990       0x1e Output/Debug/Obj/Plain_starter/nrfx_uarte.o
 .text.nrf_uarte_task_trigger
                0x00000000000019ae       0x1c Output/Debug/Obj/Plain_starter/nrfx_uarte.o
 .text.nrf_uarte_configure
                0x00000000000019ca       0x2a Output/Debug/Obj/Plain_starter/nrfx_uarte.o
 .text.nrf_uarte_baudrate_set
                0x00000000000019f4       0x14 Output/Debug/Obj/Plain_starter/nrfx_uarte.o
 .text.nrf_uarte_tx_buffer_set
                0x0000000000001a08       0x1e Output/Debug/Obj/Plain_starter/nrfx_uarte.o
 .text.nrf_uarte_tx_amount_get
                0x0000000000001a26       0x10 Output/Debug/Obj/Plain_starter/nrfx_uarte.o
 .text.nrf_uarte_rx_buffer_set
                0x0000000000001a36       0x1e Output/Debug/Obj/Plain_starter/nrfx_uarte.o
 .text.nrf_uarte_rx_amount_get
                0x0000000000001a54       0x10 Output/Debug/Obj/Plain_starter/nrfx_uarte.o
 .text.nrf_gpio_pin_port_decode
                0x0000000000001a64       0x28 Output/Debug/Obj/Plain_starter/nrfx_uarte.o
 .text.nrf_gpio_cfg
                0x0000000000001a8c       0x62 Output/Debug/Obj/Plain_starter/nrfx_uarte.o
 .text.nrf_gpio_cfg_output
                0x0000000000001aee       0x22 Output/Debug/Obj/Plain_starter/nrfx_uarte.o
 .text.nrf_gpio_cfg_input
                0x0000000000001b10       0x2a Output/Debug/Obj/Plain_starter/nrfx_uarte.o
 .text.nrf_gpio_pin_set
                0x0000000000001b3a       0x28 Output/Debug/Obj/Plain_starter/nrfx_uarte.o
 .text.nrf_gpio_port_out_set
                0x0000000000001b62       0x14 Output/Debug/Obj/Plain_starter/nrfx_uarte.o
 .text.apply_config
                0x0000000000001b76       0xc6 Output/Debug/Obj/Plain_starter/nrfx_uarte.o
 .text.interrupts_enable
                0x0000000000001c3c       0x98 Output/Debug/Obj/Plain_starter/nrfx_uarte.o
 .text.nrfx_uarte_init
                0x0000000000001cd4       0xcc Output/Debug/Obj/Plain_starter/nrfx_uarte.o
                0x0000000000001cd4                nrfx_uarte_init
 .text.nrfx_uarte_tx
                0x0000000000001da0      0x17c Output/Debug/Obj/Plain_starter/nrfx_uarte.o
                0x0000000000001da0                nrfx_uarte_tx
 .text.nrfx_uarte_tx_in_progress
                0x0000000000001f1c       0x30 Output/Debug/Obj/Plain_starter/nrfx_uarte.o
                0x0000000000001f1c                nrfx_uarte_tx_in_progress
 .text.nrfx_uarte_rx
                0x0000000000001f4c      0x23c Output/Debug/Obj/Plain_starter/nrfx_uarte.o
                0x0000000000001f4c                nrfx_uarte_rx
 .text.rx_done_event
                0x0000000000002188       0x2e Output/Debug/Obj/Plain_starter/nrfx_uarte.o
 .text.tx_done_event
                0x00000000000021b6       0x34 Output/Debug/Obj/Plain_starter/nrfx_uarte.o
 .text.uarte_irq_handler
                0x00000000000021ea      0x18c Output/Debug/Obj/Plain_starter/nrfx_uarte.o
 *fill*         0x0000000000002376        0x2 
 .text.nrfx_uarte_0_irq_handler
                0x0000000000002378       0x18 Output/Debug/Obj/Plain_starter/nrfx_uarte.o
                0x0000000000002378                nrfx_uarte_0_irq_handler
 .text.UARTE0_UART0_IRQHandler
                0x0000000000002390       0x24 Output/Debug/Obj/Plain_starter/nrfx_prs.o
                0x0000000000002390                UARTE0_UART0_IRQHandler
 .text.prs_box_get
                0x00000000000023b4       0x20 Output/Debug/Obj/Plain_starter/nrfx_prs.o
 .text.nrfx_prs_acquire
                0x00000000000023d4       0x74 Output/Debug/Obj/Plain_starter/nrfx_prs.o
                0x00000000000023d4                nrfx_prs_acquire
 .text.NVIC_EnableIRQ
                0x0000000000002448       0x2c Output/Debug/Obj/Plain_starter/nrfx_gpiote.o
 .text.NVIC_SetPriority
                0x0000000000002474       0x50 Output/Debug/Obj/Plain_starter/nrfx_gpiote.o
 .text._NRFX_IRQ_PRIORITY_SET
                0x00000000000024c4       0x40 Output/Debug/Obj/Plain_starter/nrfx_gpiote.o
 .text._NRFX_IRQ_ENABLE
                0x0000000000002504       0x1c Output/Debug/Obj/Plain_starter/nrfx_gpiote.o
 .text.nrf_gpiote_event_is_set
                0x0000000000002520       0x2a Output/Debug/Obj/Plain_starter/nrfx_gpiote.o
 .text.nrf_gpiote_event_clear
                0x000000000000254a       0x36 Output/Debug/Obj/Plain_starter/nrfx_gpiote.o
 .text.nrf_gpiote_event_addr_get
                0x0000000000002580       0x1a Output/Debug/Obj/Plain_starter/nrfx_gpiote.o
 *fill*         0x000000000000259a        0x2 
 .text.nrf_gpiote_int_enable
                0x000000000000259c       0x18 Output/Debug/Obj/Plain_starter/nrfx_gpiote.o
 .text.nrf_gpiote_int_is_enabled
                0x00000000000025b4       0x18 Output/Debug/Obj/Plain_starter/nrfx_gpiote.o
 .text.nrf_gpiote_event_enable
                0x00000000000025cc       0x2c Output/Debug/Obj/Plain_starter/nrfx_gpiote.o
 .text.nrf_gpiote_event_configure
                0x00000000000025f8       0x64 Output/Debug/Obj/Plain_starter/nrfx_gpiote.o
 .text.nrf_gpiote_event_pin_get
                0x000000000000265c       0x20 Output/Debug/Obj/Plain_starter/nrfx_gpiote.o
 .text.nrf_gpiote_event_polarity_get
                0x000000000000267c       0x24 Output/Debug/Obj/Plain_starter/nrfx_gpiote.o
 .text.nrf_gpio_pin_port_decode
                0x00000000000026a0       0x28 Output/Debug/Obj/Plain_starter/nrfx_gpiote.o
 .text.nrf_gpio_cfg
                0x00000000000026c8       0x62 Output/Debug/Obj/Plain_starter/nrfx_gpiote.o
 .text.nrf_gpio_cfg_input
                0x000000000000272a       0x2a Output/Debug/Obj/Plain_starter/nrfx_gpiote.o
 .text.nrf_gpio_cfg_watcher
                0x0000000000002754       0x38 Output/Debug/Obj/Plain_starter/nrfx_gpiote.o
 .text.nrf_gpio_cfg_sense_set
                0x000000000000278c       0x5c Output/Debug/Obj/Plain_starter/nrfx_gpiote.o
 .text.nrf_gpio_pin_read
                0x00000000000027e8       0x2a Output/Debug/Obj/Plain_starter/nrfx_gpiote.o
 .text.nrf_gpio_pin_sense_get
                0x0000000000002812       0x2c Output/Debug/Obj/Plain_starter/nrfx_gpiote.o
 .text.nrf_gpio_port_in_read
                0x000000000000283e       0x10 Output/Debug/Obj/Plain_starter/nrfx_gpiote.o
 *fill*         0x000000000000284e        0x2 
 .text.nrf_gpio_ports_read
                0x0000000000002850       0x68 Output/Debug/Obj/Plain_starter/nrfx_gpiote.o
 .text.nrf_bitmask_bit_is_set
                0x00000000000028b8       0x30 Output/Debug/Obj/Plain_starter/nrfx_gpiote.o
 .text.nrf_bitmask_bit_set
                0x00000000000028e8       0x40 Output/Debug/Obj/Plain_starter/nrfx_gpiote.o
 .text.pin_in_use_by_te
                0x0000000000002928       0x3c Output/Debug/Obj/Plain_starter/nrfx_gpiote.o
 .text.pin_in_use_by_port
                0x0000000000002964       0x24 Output/Debug/Obj/Plain_starter/nrfx_gpiote.o
 .text.pin_in_use_by_gpiote
                0x0000000000002988       0x24 Output/Debug/Obj/Plain_starter/nrfx_gpiote.o
 .text.pin_in_use_by_te_set
                0x00000000000029ac       0x50 Output/Debug/Obj/Plain_starter/nrfx_gpiote.o
 .text.pin_in_use_clear
                0x00000000000029fc       0x1c Output/Debug/Obj/Plain_starter/nrfx_gpiote.o
 .text.pin_configured_set
                0x0000000000002a18       0x1c Output/Debug/Obj/Plain_starter/nrfx_gpiote.o
 .text.channel_port_get
                0x0000000000002a34       0x1c Output/Debug/Obj/Plain_starter/nrfx_gpiote.o
 .text.channel_handler_get
                0x0000000000002a50       0x18 Output/Debug/Obj/Plain_starter/nrfx_gpiote.o
 .text.channel_port_alloc
                0x0000000000002a68       0x7c Output/Debug/Obj/Plain_starter/nrfx_gpiote.o
 .text.channel_free
                0x0000000000002ae4       0x38 Output/Debug/Obj/Plain_starter/nrfx_gpiote.o
 .text.nrfx_gpiote_init
                0x0000000000002b1c       0xa4 Output/Debug/Obj/Plain_starter/nrfx_gpiote.o
                0x0000000000002b1c                nrfx_gpiote_init
 .text.nrfx_gpiote_in_init
                0x0000000000002bc0       0xf4 Output/Debug/Obj/Plain_starter/nrfx_gpiote.o
                0x0000000000002bc0                nrfx_gpiote_in_init
 .text.nrfx_gpiote_in_event_enable
                0x0000000000002cb4      0x110 Output/Debug/Obj/Plain_starter/nrfx_gpiote.o
                0x0000000000002cb4                nrfx_gpiote_in_event_enable
 .text.GPIOTE_IRQHandler
                0x0000000000002dc4      0x2e0 Output/Debug/Obj/Plain_starter/nrfx_gpiote.o
                0x0000000000002dc4                GPIOTE_IRQHandler
 .text.app_error_save_and_stop
                0x00000000000030a4       0x9c Output/Debug/Obj/Plain_starter/app_error.o
                0x00000000000030a4                app_error_save_and_stop
 .text.app_error_handler
                0x0000000000003140       0x1c Output/Debug/Obj/Plain_starter/app_error_handler_gcc.o
                0x0000000000003140                app_error_handler
 .text.app_error_fault_handler
                0x000000000000315c       0x54 Output/Debug/Obj/Plain_starter/app_error_weak.o
                0x000000000000315c                app_error_fault_handler
 .text.fifo_length
                0x00000000000031b0       0x18 Output/Debug/Obj/Plain_starter/app_fifo.o
 .text.fifo_put
                0x00000000000031c8       0x30 Output/Debug/Obj/Plain_starter/app_fifo.o
 .text.fifo_peek
                0x00000000000031f8       0x2e Output/Debug/Obj/Plain_starter/app_fifo.o
 .text.fifo_get
                0x0000000000003226       0x24 Output/Debug/Obj/Plain_starter/app_fifo.o
 .text.app_fifo_init
                0x000000000000324a       0x58 Output/Debug/Obj/Plain_starter/app_fifo.o
                0x000000000000324a                app_fifo_init
 .text.app_fifo_put
                0x00000000000032a2       0x36 Output/Debug/Obj/Plain_starter/app_fifo.o
                0x00000000000032a2                app_fifo_put
 .text.app_fifo_get
                0x00000000000032d8       0x2a Output/Debug/Obj/Plain_starter/app_fifo.o
                0x00000000000032d8                app_fifo_get
 *fill*         0x0000000000003302        0x2 
 .text.nrf_drv_uart_tx
                0x0000000000003304       0x64 Output/Debug/Obj/Plain_starter/app_uart_fifo.o
 .text.nrf_drv_uart_tx_in_progress
                0x0000000000003368       0x5c Output/Debug/Obj/Plain_starter/app_uart_fifo.o
 .text.nrf_drv_uart_rx
                0x00000000000033c4       0x64 Output/Debug/Obj/Plain_starter/app_uart_fifo.o
 .text.fifo_length
                0x0000000000003428       0x18 Output/Debug/Obj/Plain_starter/app_uart_fifo.o
 .text.uart_event_handler
                0x0000000000003440      0x110 Output/Debug/Obj/Plain_starter/app_uart_fifo.o
 .text.app_uart_init
                0x0000000000003550      0x120 Output/Debug/Obj/Plain_starter/app_uart_fifo.o
                0x0000000000003550                app_uart_init
 .text.app_uart_get
                0x0000000000003670       0x74 Output/Debug/Obj/Plain_starter/app_uart_fifo.o
                0x0000000000003670                app_uart_get
 .text.app_uart_put
                0x00000000000036e4       0x60 Output/Debug/Obj/Plain_starter/app_uart_fifo.o
                0x00000000000036e4                app_uart_put
 .text.app_util_disable_irq
                0x0000000000003744       0x18 Output/Debug/Obj/Plain_starter/app_util_platform.o
                0x0000000000003744                app_util_disable_irq
 .text.app_util_enable_irq
                0x000000000000375c       0x20 Output/Debug/Obj/Plain_starter/app_util_platform.o
                0x000000000000375c                app_util_enable_irq
 .text.app_util_critical_region_enter
                0x000000000000377c       0x28 Output/Debug/Obj/Plain_starter/app_util_platform.o
                0x000000000000377c                app_util_critical_region_enter
 .text.app_util_critical_region_exit
                0x00000000000037a4       0x2c Output/Debug/Obj/Plain_starter/app_util_platform.o
                0x00000000000037a4                app_util_critical_region_exit
 .text.privilege_level_get
                0x00000000000037d0       0x3a Output/Debug/Obj/Plain_starter/app_util_platform.o
                0x00000000000037d0                privilege_level_get
 .text.assert_nrf_callback
                0x000000000000380a       0x2e Output/Debug/Obj/Plain_starter/nrf_assert.o
                0x000000000000380a                assert_nrf_callback
 .text.uarte_evt_handler
                0x0000000000003838       0x50 Output/Debug/Obj/Plain_starter/nrf_drv_uart.o
 .text.uart_evt_handler
                0x0000000000003888       0x50 Output/Debug/Obj/Plain_starter/nrf_drv_uart.o
 .text.nrf_drv_uart_init
                0x00000000000038d8       0xc0 Output/Debug/Obj/Plain_starter/nrf_drv_uart.o
                0x00000000000038d8                nrf_drv_uart_init
 .text.QEvt_verify_
                0x0000000000003998       0x28 Output/Debug/Obj/Plain_starter/qep_hsm.o
 .text.QHsm_ctor
                0x00000000000039c0       0x28 Output/Debug/Obj/Plain_starter/qep_hsm.o
                0x00000000000039c0                QHsm_ctor
 .text.QHsm_init_
                0x00000000000039e8      0x2e8 Output/Debug/Obj/Plain_starter/qep_hsm.o
                0x00000000000039e8                QHsm_init_
 .text.QHsm_dispatch_
                0x0000000000003cd0      0x5b4 Output/Debug/Obj/Plain_starter/qep_hsm.o
                0x0000000000003cd0                QHsm_dispatch_
 .text.QHsm_getStateHandler_
                0x0000000000004284        0xe Output/Debug/Obj/Plain_starter/qep_hsm.o
                0x0000000000004284                QHsm_getStateHandler_
 *fill*         0x0000000000004292        0x2 
 .text.QHsm_isIn_
                0x0000000000004294       0xb0 Output/Debug/Obj/Plain_starter/qep_hsm.o
                0x0000000000004294                QHsm_isIn_
 .text.QHsm_tran_
                0x0000000000004344      0x3c0 Output/Debug/Obj/Plain_starter/qep_hsm.o
                0x0000000000004344                QHsm_tran_
 .text.QHsm_top
                0x0000000000004704        0xe Output/Debug/Obj/Plain_starter/qep_hsm.o
                0x0000000000004704                QHsm_top
 .text.QF_bzero_
                0x0000000000004712       0x30 Output/Debug/Obj/Plain_starter/qf_act.o
                0x0000000000004712                QF_bzero_
 .text.QEvt_verify_
                0x0000000000004742       0x28 Output/Debug/Obj/Plain_starter/qf_actq.o
 .text.QEvt_getPoolNum_
                0x000000000000476a       0x12 Output/Debug/Obj/Plain_starter/qf_actq.o
 .text.QPSet_insert
                0x000000000000477c       0x20 Output/Debug/Obj/Plain_starter/qf_actq.o
 .text.QPSet_update_
                0x000000000000479c       0x16 Output/Debug/Obj/Plain_starter/qf_actq.o
 .text.QEvt_refCtr_inc_
                0x00000000000047b2       0x18 Output/Debug/Obj/Plain_starter/qf_actq.o
 *fill*         0x00000000000047ca        0x2 
 .text.QActive_post_
                0x00000000000047cc      0x264 Output/Debug/Obj/Plain_starter/qf_actq.o
                0x00000000000047cc                QActive_post_
 .text.QActive_get_
                0x0000000000004a30      0x198 Output/Debug/Obj/Plain_starter/qf_actq.o
                0x0000000000004a30                QActive_get_
 .text.QEvt_verify_
                0x0000000000004bc8       0x28 Output/Debug/Obj/Plain_starter/qf_dyn.o
 .text.QEvt_getPoolNum_
                0x0000000000004bf0       0x12 Output/Debug/Obj/Plain_starter/qf_dyn.o
 .text.QEvt_refCtr_dec_
                0x0000000000004c02       0x18 Output/Debug/Obj/Plain_starter/qf_dyn.o
 *fill*         0x0000000000004c1a        0x2 
 .text.QF_poolGetMaxBlockSize
                0x0000000000004c1c       0x34 Output/Debug/Obj/Plain_starter/qf_dyn.o
                0x0000000000004c1c                QF_poolGetMaxBlockSize
 .text.QF_newX_
                0x0000000000004c50      0x194 Output/Debug/Obj/Plain_starter/qf_dyn.o
                0x0000000000004c50                QF_newX_
 .text.QF_gc    0x0000000000004de4      0x158 Output/Debug/Obj/Plain_starter/qf_dyn.o
                0x0000000000004de4                QF_gc
 .text.QMPool_get
                0x0000000000004f3c      0x18c Output/Debug/Obj/Plain_starter/qf_mem.o
                0x0000000000004f3c                QMPool_get
 .text.QMPool_put
                0x00000000000050c8       0xc8 Output/Debug/Obj/Plain_starter/qf_mem.o
                0x00000000000050c8                QMPool_put
 .text.QEvt_getPoolNum_
                0x0000000000005190       0x12 Output/Debug/Obj/Plain_starter/qf_ps.o
 .text.QPSet_notEmpty
                0x00000000000051a2       0x18 Output/Debug/Obj/Plain_starter/qf_ps.o
 .text.QPSet_remove
                0x00000000000051ba       0x22 Output/Debug/Obj/Plain_starter/qf_ps.o
 .text.QPSet_findMax
                0x00000000000051dc       0x16 Output/Debug/Obj/Plain_starter/qf_ps.o
 .text.QPSet_verify_
                0x00000000000051f2       0x20 Output/Debug/Obj/Plain_starter/qf_ps.o
 .text.QEvt_refCtr_inc_
                0x0000000000005212       0x18 Output/Debug/Obj/Plain_starter/qf_ps.o
 *fill*         0x000000000000522a        0x2 
 .text.QActive_publish_
                0x000000000000522c      0x1c8 Output/Debug/Obj/Plain_starter/qf_ps.o
                0x000000000000522c                QActive_publish_
 .text.QActive_ctor
                0x00000000000053f4       0x2c Output/Debug/Obj/Plain_starter/qf_qact.o
                0x00000000000053f4                QActive_ctor
 .text.QActive_register_
                0x0000000000005420      0x120 Output/Debug/Obj/Plain_starter/qf_qact.o
                0x0000000000005420                QActive_register_
 .text.QEQueue_init
                0x0000000000005540       0x4a Output/Debug/Obj/Plain_starter/qf_qeq.o
                0x0000000000005540                QEQueue_init
 .text.QEvt_verify_
                0x000000000000558a       0x28 Output/Debug/Obj/Plain_starter/qf_time.o
 *fill*         0x00000000000055b2        0x2 
 .text.QTimeEvt_ctorX
                0x00000000000055b4       0x64 Output/Debug/Obj/Plain_starter/qf_time.o
                0x00000000000055b4                QTimeEvt_ctorX
 .text.QTimeEvt_tick_
                0x0000000000005618      0x26c Output/Debug/Obj/Plain_starter/qf_time.o
                0x0000000000005618                QTimeEvt_tick_
 .text.QS_initBuf
                0x0000000000005884       0x6c Output/Debug/Obj/Plain_starter/qs.o
                0x0000000000005884                QS_initBuf
 .text.QS_getByte
                0x00000000000058f0       0x74 Output/Debug/Obj/Plain_starter/qs.o
                0x00000000000058f0                QS_getByte
 .text.QS_glbFilter_
                0x0000000000005964      0x5b8 Output/Debug/Obj/Plain_starter/qs.o
                0x0000000000005964                QS_glbFilter_
 .text.QS_locFilter_
                0x0000000000005f1c      0x200 Output/Debug/Obj/Plain_starter/qs.o
                0x0000000000005f1c                QS_locFilter_
 .text.QS_beginRec_
                0x000000000000611c      0x144 Output/Debug/Obj/Plain_starter/qs.o
                0x000000000000611c                QS_beginRec_
 .text.QS_endRec_
                0x0000000000006260      0x134 Output/Debug/Obj/Plain_starter/qs.o
                0x0000000000006260                QS_endRec_
 .text.QS_u8_raw_
                0x0000000000006394      0x100 Output/Debug/Obj/Plain_starter/qs.o
                0x0000000000006394                QS_u8_raw_
 .text.QS_2u8_raw_
                0x0000000000006494      0x1b8 Output/Debug/Obj/Plain_starter/qs.o
                0x0000000000006494                QS_2u8_raw_
 .text.QS_u16_raw_
                0x000000000000664c      0x1d4 Output/Debug/Obj/Plain_starter/qs.o
                0x000000000000664c                QS_u16_raw_
 .text.QS_u32_raw_
                0x0000000000006820      0x118 Output/Debug/Obj/Plain_starter/qs.o
                0x0000000000006820                QS_u32_raw_
 .text.QS_obj_raw_
                0x0000000000006938       0x16 Output/Debug/Obj/Plain_starter/qs.o
                0x0000000000006938                QS_obj_raw_
 *fill*         0x000000000000694e        0x2 
 .text.QS_str_raw_
                0x0000000000006950       0xd4 Output/Debug/Obj/Plain_starter/qs.o
                0x0000000000006950                QS_str_raw_
 .text.QS_sig_dict_pre_
                0x0000000000006a24       0x52 Output/Debug/Obj/Plain_starter/qs.o
                0x0000000000006a24                QS_sig_dict_pre_
 .text.QS_obj_dict_pre_
                0x0000000000006a76       0x42 Output/Debug/Obj/Plain_starter/qs.o
                0x0000000000006a76                QS_obj_dict_pre_
 .text.QS_fun_dict_pre_
                0x0000000000006ab8       0x44 Output/Debug/Obj/Plain_starter/qs.o
                0x0000000000006ab8                QS_fun_dict_pre_
 .text.QS_assertion_pre_
                0x0000000000006afc       0x64 Output/Debug/Obj/Plain_starter/qs.o
                0x0000000000006afc                QS_assertion_pre_
 .text.QS_target_info_pre_
                0x0000000000006b60      0x30c Output/Debug/Obj/Plain_starter/qs.o
                0x0000000000006b60                QS_target_info_pre_
 .text.QS_rxInitBuf
                0x0000000000006e6c       0x90 Output/Debug/Obj/Plain_starter/qs_rx.o
                0x0000000000006e6c                QS_rxInitBuf
 .text.QS_rxParse
                0x0000000000006efc      0x128 Output/Debug/Obj/Plain_starter/qs_rx.o
                0x0000000000006efc                QS_rxParse
 .text.QS_rxParseData_
                0x0000000000007024      0x82c Output/Debug/Obj/Plain_starter/qs_rx.o
 .text.QS_rxHandleGoodFrame_
                0x0000000000007850      0x588 Output/Debug/Obj/Plain_starter/qs_rx.o
 .text.QS_rxHandleBadFrame_
                0x0000000000007dd8       0x50 Output/Debug/Obj/Plain_starter/qs_rx.o
 .text.QS_rxReportAck_
                0x0000000000007e28       0x2e Output/Debug/Obj/Plain_starter/qs_rx.o
 .text.QS_rxReportError_
                0x0000000000007e56       0x34 Output/Debug/Obj/Plain_starter/qs_rx.o
 .text.QS_rxReportDone_
                0x0000000000007e8a       0x3a Output/Debug/Obj/Plain_starter/qs_rx.o
 .text.QS_queryCurrObj
                0x0000000000007ec4      0x180 Output/Debug/Obj/Plain_starter/qs_rx.o
 .text.QS_rxPoke_
                0x0000000000008044       0x8c Output/Debug/Obj/Plain_starter/qs_rx.o
 .text.QPSet_notEmpty
                0x00000000000080d0       0x18 Output/Debug/Obj/Plain_starter/qv.o
 .text.QPSet_remove
                0x00000000000080e8       0x22 Output/Debug/Obj/Plain_starter/qv.o
 .text.QPSet_findMax
                0x000000000000810a       0x16 Output/Debug/Obj/Plain_starter/qv.o
 .text.QPSet_update_
                0x0000000000008120       0x16 Output/Debug/Obj/Plain_starter/qv.o
 .text.QPSet_verify_
                0x0000000000008136       0x20 Output/Debug/Obj/Plain_starter/qv.o
 *fill*         0x0000000000008156        0x2 
 .text.QF_init  0x0000000000008158       0x78 Output/Debug/Obj/Plain_starter/qv.o
                0x0000000000008158                QF_init
 .text.QF_run   0x00000000000081d0      0x18c Output/Debug/Obj/Plain_starter/qv.o
                0x00000000000081d0                QF_run
 .text.QActive_start_
                0x000000000000835c       0x6c Output/Debug/Obj/Plain_starter/qv.o
                0x000000000000835c                QActive_start_
 .text.QF_int_disable_
                0x00000000000083c8       0x24 Output/Debug/Obj/Plain_starter/qv_port.o
                0x00000000000083c8                QF_int_disable_
 .text.QF_int_enable_
                0x00000000000083ec       0x24 Output/Debug/Obj/Plain_starter/qv_port.o
                0x00000000000083ec                QF_int_enable_
 .text.QF_crit_entry_
                0x0000000000008410       0x24 Output/Debug/Obj/Plain_starter/qv_port.o
                0x0000000000008410                QF_crit_entry_
 .text.QF_crit_exit_
                0x0000000000008434       0x24 Output/Debug/Obj/Plain_starter/qv_port.o
                0x0000000000008434                QF_crit_exit_
 .text.QV_init  0x0000000000008458       0x5c Output/Debug/Obj/Plain_starter/qv_port.o
                0x0000000000008458                QV_init
 .text.NVIC_SystemReset
                0x00000000000084b4       0x2c Output/Debug/Obj/Plain_starter/system_nrf52.o
 .text.SystemCoreClockUpdate
                0x00000000000084e0       0x14 Output/Debug/Obj/Plain_starter/system_nrf52.o
                0x00000000000084e0                SystemCoreClockUpdate
 .text.SystemInit
                0x00000000000084f4      0x2d8 Output/Debug/Obj/Plain_starter/system_nrf52.o
                0x00000000000084f4                SystemInit
 .text.errata_12
                0x00000000000087cc       0x58 Output/Debug/Obj/Plain_starter/system_nrf52.o
 .text.errata_16
                0x0000000000008824       0x38 Output/Debug/Obj/Plain_starter/system_nrf52.o
 .text.errata_31
                0x000000000000885c       0x58 Output/Debug/Obj/Plain_starter/system_nrf52.o
 .text.errata_32
                0x00000000000088b4       0x38 Output/Debug/Obj/Plain_starter/system_nrf52.o
 .text.errata_36
                0x00000000000088ec       0x58 Output/Debug/Obj/Plain_starter/system_nrf52.o
 .text.errata_37
                0x0000000000008944       0x38 Output/Debug/Obj/Plain_starter/system_nrf52.o
 .text.errata_57
                0x000000000000897c       0x38 Output/Debug/Obj/Plain_starter/system_nrf52.o
 .text.errata_66
                0x00000000000089b4       0x38 Output/Debug/Obj/Plain_starter/system_nrf52.o
 .text.errata_108
                0x00000000000089ec       0x58 Output/Debug/Obj/Plain_starter/system_nrf52.o
 .text.errata_136
                0x0000000000008a44       0x58 Output/Debug/Obj/Plain_starter/system_nrf52.o
 .text.errata_182
                0x0000000000008a9c       0x24 Output/Debug/Obj/Plain_starter/system_nrf52.o
 .text.libc.__aeabi_memclr
                0x0000000000008ac0       0x68 C:/Program Files/SEGGER/SEGGER Embedded Studio for ARM 6.30/lib/libc_v7em_fpv4_sp_d16_hard_t_le_eabi_balanced.a(strasmops_arm.o)
                0x0000000000008ac0                __aeabi_memclr8
                0x0000000000008ac0                __aeabi_memclr
                0x0000000000008ac0                __aeabi_memclr4
                0x0000000000008ac2                __aeabi_memset4
                0x0000000000008ac2                __aeabi_memset8
                0x0000000000008ac2                __aeabi_memset
                0x0000000000008ac8                memset
 .text.__SEGGER_RTL_init_heap
                0x0000000000008b28       0x14 C:/Program Files/SEGGER/SEGGER Embedded Studio for ARM 6.30/lib/heapops_basic_v7em_little.a(heapops_basic.o)
                0x0000000000008b28                __SEGGER_RTL_init_heap
                0x0000000000008b3c                __text_end__ = (__text_start__ + SIZEOF (.text))
                0x0000000000008770                __text_size__ = SIZEOF (.text)
                0x0000000000008b3c                __text_load_end__ = __text_end__

.vfp11_veneer   0x0000000100000000        0x0
 .vfp11_veneer  0x0000000100000000        0x0 linker stubs

.v4_bx          0x0000000100000000        0x0
 .v4_bx         0x0000000100000000        0x0 linker stubs

.iplt           0x0000000100000000        0x0
 .iplt          0x0000000100000000        0x0 Output/Debug/Obj/Plain_starter/Blinky_AO.o
                0x0000000000000001                . = ASSERT (((__text_start__ == __text_end__) || ((__text_end__ - __FLASH_segment_start__) <= __FLASH_segment_size__)), error: .text is too large to fit in FLASH memory segment)
                0x0000000000008b3c                __log_const_data_load_start__ = ALIGN (__text_end__, 0x4)

.log_const_data
                0x0000000000008b3c        0x0
                0x0000000000008b3c                __log_const_data_start__ = .
                0x0000000000008b3c                __start_log_const_data = __log_const_data_start__
 *(SORT_BY_NAME(.log_const_data*))
                0x0000000000008b3c                __log_const_data_end__ = (__log_const_data_start__ + SIZEOF (.log_const_data))
                0x0000000000000000                __log_const_data_size__ = SIZEOF (.log_const_data)
                0x0000000000008b3c                __stop_log_const_data = __log_const_data_end__
                0x0000000000008b3c                __log_const_data_load_end__ = __log_const_data_end__
                0x0000000000000001                . = ASSERT (((__log_const_data_start__ == __log_const_data_end__) || ((__log_const_data_end__ - __FLASH_segment_start__) <= __FLASH_segment_size__)), error: .log_const_data is too large to fit in FLASH memory segment)
                0x0000000000008b3c                __log_backends_load_start__ = ALIGN (__log_const_data_end__, 0x4)

.log_backends   0x0000000000008b3c        0x0
                0x0000000000008b3c                __log_backends_start__ = .
                0x0000000000008b3c                __start_log_backends = __log_backends_start__
 *(SORT_BY_NAME(.log_backends*))
                0x0000000000008b3c                __log_backends_end__ = (__log_backends_start__ + SIZEOF (.log_backends))
                0x0000000000000000                __log_backends_size__ = SIZEOF (.log_backends)
                0x0000000000008b3c                __stop_log_backends = __log_backends_end__
                0x0000000000008b3c                __log_backends_load_end__ = __log_backends_end__
                0x0000000000000001                . = ASSERT (((__log_backends_start__ == __log_backends_end__) || ((__log_backends_end__ - __FLASH_segment_start__) <= __FLASH_segment_size__)), error: .log_backends is too large to fit in FLASH memory segment)
                0x0000000000008b3c                __nrf_balloc_load_start__ = ALIGN (__log_backends_end__, 0x4)

.nrf_balloc     0x0000000000008b3c        0x0
                0x0000000000008b3c                __nrf_balloc_start__ = .
                0x0000000000008b3c                __start_nrf_balloc = __nrf_balloc_start__
 *(.nrf_balloc*)
                0x0000000000008b3c                __nrf_balloc_end__ = (__nrf_balloc_start__ + SIZEOF (.nrf_balloc))
                0x0000000000000000                __nrf_balloc_size__ = SIZEOF (.nrf_balloc)
                0x0000000000008b3c                __stop_nrf_balloc = __nrf_balloc_end__
                0x0000000000008b3c                __nrf_balloc_load_end__ = __nrf_balloc_end__
                0x0000000000000001                . = ASSERT (((__nrf_balloc_start__ == __nrf_balloc_end__) || ((__nrf_balloc_end__ - __FLASH_segment_start__) <= __FLASH_segment_size__)), error: .nrf_balloc is too large to fit in FLASH memory segment)
                0x0000000000008b3c                __nrf_sections_load_start__ = ALIGN (__nrf_balloc_end__, 0x4)

.nrf_sections   0x0000000000008b3c        0x0
                0x0000000000008b3c                __nrf_sections_start__ = .
                0x0000000000008b3c                __start_nrf_sections = __nrf_sections_start__
 *(.nrf_sections .nrf_sections.*)
                0x0000000000008b3c                __nrf_sections_end__ = (__nrf_sections_start__ + SIZEOF (.nrf_sections))
                0x0000000000000000                __nrf_sections_size__ = SIZEOF (.nrf_sections)
                0x0000000000008b3c                __nrf_sections_load_end__ = __nrf_sections_end__
                0x0000000000000001                . = ASSERT (((__nrf_sections_start__ == __nrf_sections_end__) || ((__nrf_sections_end__ - __FLASH_segment_start__) <= __FLASH_segment_size__)), error: .nrf_sections is too large to fit in FLASH memory segment)
                0x0000000000008b3c                __log_dynamic_data_load_start__ = ALIGN (__nrf_sections_end__, 0x4)

.log_dynamic_data
                0x0000000020000000        0x0 load address 0x0000000000008b3c
                0x0000000020000000                __log_dynamic_data_start__ = .
 *(SORT_BY_NAME(.log_dynamic_data*))
                0x0000000020000000                __log_dynamic_data_end__ = (__log_dynamic_data_start__ + SIZEOF (.log_dynamic_data))
                0x0000000000000000                __log_dynamic_data_size__ = SIZEOF (.log_dynamic_data)
                0x0000000000008b3c                __log_dynamic_data_load_end__ = (__log_dynamic_data_load_start__ + SIZEOF (.log_dynamic_data))
                0x0000000000000001                . = ASSERT (((__log_dynamic_data_load_start__ == __log_dynamic_data_load_end__) || ((__log_dynamic_data_load_end__ - __FLASH_segment_start__) <= __FLASH_segment_size__)), error: .log_dynamic_data is too large to fit in FLASH memory segment)

.log_dynamic_data_run
                0x0000000020000000        0x0
                0x0000000020000000                __log_dynamic_data_run_start__ = .
                0x0000000020000000                __start_log_dynamic_data = __log_dynamic_data_run_start__
                0x0000000020000000                __log_dynamic_data_run_end__ = (__log_dynamic_data_run_start__ + SIZEOF (.log_dynamic_data))
                0x0000000000000000                __log_dynamic_data_run_size__ = (__log_dynamic_data_run_end__ - __log_dynamic_data_run_start__)
                0x0000000020000000                __stop_log_dynamic_data = __log_dynamic_data_run_end__
                0x0000000020000000                __log_dynamic_data_run_load_end__ = __log_dynamic_data_run_end__
                0x0000000000000001                . = ASSERT (((__log_dynamic_data_run_start__ == __log_dynamic_data_run_end__) || ((__log_dynamic_data_run_end__ - __RAM_segment_start__) <= __RAM_segment_size__)), error: .log_dynamic_data_run is too large to fit in RAM memory segment)
                0x0000000000008b3c                __log_filter_data_load_start__ = ALIGN ((__log_dynamic_data_load_start__ + SIZEOF (.log_dynamic_data)), 0x4)

.log_filter_data
                0x0000000020000000        0x0 load address 0x0000000000008b3c
                0x0000000020000000                __log_filter_data_start__ = .
 *(SORT_BY_NAME(.log_filter_data*))
                0x0000000020000000                __log_filter_data_end__ = (__log_filter_data_start__ + SIZEOF (.log_filter_data))
                0x0000000000000000                __log_filter_data_size__ = SIZEOF (.log_filter_data)
                0x0000000000008b3c                __log_filter_data_load_end__ = (__log_filter_data_load_start__ + SIZEOF (.log_filter_data))
                0x0000000000000001                . = ASSERT (((__log_filter_data_load_start__ == __log_filter_data_load_end__) || ((__log_filter_data_load_end__ - __FLASH_segment_start__) <= __FLASH_segment_size__)), error: .log_filter_data is too large to fit in FLASH memory segment)

.log_filter_data_run
                0x0000000020000000        0x0
                0x0000000020000000                __log_filter_data_run_start__ = .
                0x0000000020000000                __start_log_filter_data = __log_filter_data_run_start__
                0x0000000020000000                __log_filter_data_run_end__ = (__log_filter_data_run_start__ + SIZEOF (.log_filter_data))
                0x0000000000000000                __log_filter_data_run_size__ = (__log_filter_data_run_end__ - __log_filter_data_run_start__)
                0x0000000020000000                __stop_log_filter_data = __log_filter_data_run_end__
                0x0000000020000000                __log_filter_data_run_load_end__ = __log_filter_data_run_end__
                0x0000000000000001                . = ASSERT (((__log_filter_data_run_start__ == __log_filter_data_run_end__) || ((__log_filter_data_run_end__ - __RAM_segment_start__) <= __RAM_segment_size__)), error: .log_filter_data_run is too large to fit in RAM memory segment)
                0x0000000020000000                __nrf_sections_run_end_load_start__ = ALIGN (__log_filter_data_run_end__, 0x4)

.nrf_sections_run_end
                0x0000000020000000        0x0
                0x0000000020000000                __nrf_sections_run_end_start__ = .
                0x0000000020000000                __end_nrf_sections_run = __nrf_sections_run_end_start__
 *(.nrf_sections_run_end .nrf_sections_run_end.*)
                0x0000000020000000                __nrf_sections_run_end_end__ = (__nrf_sections_run_end_start__ + SIZEOF (.nrf_sections_run_end))
                0x0000000000000000                __nrf_sections_run_end_size__ = SIZEOF (.nrf_sections_run_end)
                0x0000000020000000                __nrf_sections_run_end_load_end__ = __nrf_sections_run_end_end__
                0x0000000000000001                . = ASSERT (((__nrf_sections_run_end_start__ == __nrf_sections_run_end_end__) || ((__nrf_sections_run_end_end__ - __RAM_segment_start__) <= __RAM_segment_size__)), error: .nrf_sections_run_end is too large to fit in RAM memory segment)
                0x0000000000008b3c                __dtors_load_start__ = ALIGN ((__log_filter_data_load_start__ + SIZEOF (.log_filter_data)), 0x4)

.dtors          0x0000000000008b3c        0x0
                0x0000000000008b3c                __dtors_start__ = .
 *(SORT_BY_NAME(.dtors.*))
 *(.dtors)
 *(.fini_array)
 *(SORT_BY_NAME(.fini_array.*))
                0x0000000000008b3c                __dtors_end__ = (__dtors_start__ + SIZEOF (.dtors))
                0x0000000000000000                __dtors_size__ = SIZEOF (.dtors)
                0x0000000000008b3c                __dtors_load_end__ = __dtors_end__
                0x0000000000000001                . = ASSERT (((__dtors_start__ == __dtors_end__) || ((__dtors_end__ - __FLASH_segment_start__) <= __FLASH_segment_size__)), error: .dtors is too large to fit in FLASH memory segment)
                0x0000000000008b3c                __ctors_load_start__ = ALIGN (__dtors_end__, 0x4)

.ctors          0x0000000000008b3c        0x0
                0x0000000000008b3c                __ctors_start__ = .
 *(SORT_BY_NAME(.ctors.*))
 *(.ctors)
 *(.init_array)
 *(SORT_BY_NAME(.init_array.*))
                0x0000000000008b3c                __ctors_end__ = (__ctors_start__ + SIZEOF (.ctors))
                0x0000000000000000                __ctors_size__ = SIZEOF (.ctors)
                0x0000000000008b3c                __ctors_load_end__ = __ctors_end__
                0x0000000000000001                . = ASSERT (((__ctors_start__ == __ctors_end__) || ((__ctors_end__ - __FLASH_segment_start__) <= __FLASH_segment_size__)), error: .ctors is too large to fit in FLASH memory segment)
                0x0000000000008b3c                __rodata_load_start__ = ALIGN (__ctors_end__, 0x4)

.rodata         0x0000000000008b3c      0x4c0
                0x0000000000008b3c                __rodata_start__ = .
 *(.rodata .rodata.* .gnu.linkonce.r.*)
 .rodata.Blinky_AO
                0x0000000000008b3c        0x4 Output/Debug/Obj/Plain_starter/Blinky_AO.o
                0x0000000000008b3c                Blinky_AO
 .rodata        0x0000000000008b40       0x20 Output/Debug/Obj/Plain_starter/Blinky_AO.o
 .rodata        0x0000000000008b60       0xc7 Output/Debug/Obj/Plain_starter/bsp.o
 *fill*         0x0000000000008c27        0x1 
 .rodata.Q_this_module_
                0x0000000000008c28       0x52 Output/Debug/Obj/Plain_starter/bsp.o
 *fill*         0x0000000000008c7a        0x2 
 .rodata.l_SysTick_Handler
                0x0000000000008c7c        0x1 Output/Debug/Obj/Plain_starter/bsp.o
 *fill*         0x0000000000008c7d        0x3 
 .rodata.btn_pressed.3
                0x0000000000008c80        0x4 Output/Debug/Obj/Plain_starter/bsp.o
 .rodata        0x0000000000008c84       0x99 Output/Debug/Obj/Plain_starter/nrfx_uart.o
 *fill*         0x0000000000008d1d        0x3 
 .rodata.irq_handlers.0
                0x0000000000008d20        0x4 Output/Debug/Obj/Plain_starter/nrfx_uart.o
 .rodata        0x0000000000008d24       0x9a Output/Debug/Obj/Plain_starter/nrfx_uarte.o
 *fill*         0x0000000000008dbe        0x2 
 .rodata.irq_handlers.0
                0x0000000000008dc0        0x4 Output/Debug/Obj/Plain_starter/nrfx_uarte.o
 .rodata        0x0000000000008dc4       0x3c Output/Debug/Obj/Plain_starter/nrfx_prs.o
 .rodata        0x0000000000008e00       0x9b Output/Debug/Obj/Plain_starter/nrfx_gpiote.o
 *fill*         0x0000000000008e9b        0x1 
 .rodata        0x0000000000008e9c       0x5e Output/Debug/Obj/Plain_starter/app_uart_fifo.o
 *fill*         0x0000000000008efa        0x2 
 .rodata        0x0000000000008efc       0x42 Output/Debug/Obj/Plain_starter/app_util_platform.o
 *fill*         0x0000000000008f3e        0x2 
 .rodata.Q_this_module_
                0x0000000000008f40        0x8 Output/Debug/Obj/Plain_starter/qep_hsm.o
 .rodata.QEvt_reserved_
                0x0000000000008f48       0x10 Output/Debug/Obj/Plain_starter/qep_hsm.o
                0x0000000000008f48                QEvt_reserved_
 .rodata        0x0000000000008f58        0xa Output/Debug/Obj/Plain_starter/qep_hsm.o
 *fill*         0x0000000000008f62        0x2 
 .rodata.vtable.0
                0x0000000000008f64       0x10 Output/Debug/Obj/Plain_starter/qep_hsm.o
 .rodata.Q_this_module_
                0x0000000000008f74        0x8 Output/Debug/Obj/Plain_starter/qf_actq.o
 .rodata.Q_this_module_
                0x0000000000008f7c        0x7 Output/Debug/Obj/Plain_starter/qf_dyn.o
 *fill*         0x0000000000008f83        0x1 
 .rodata.Q_this_module_
                0x0000000000008f84        0x7 Output/Debug/Obj/Plain_starter/qf_mem.o
 *fill*         0x0000000000008f8b        0x1 
 .rodata.Q_this_module_
                0x0000000000008f8c        0x6 Output/Debug/Obj/Plain_starter/qf_ps.o
 *fill*         0x0000000000008f92        0x2 
 .rodata.Q_this_module_
                0x0000000000008f94        0x8 Output/Debug/Obj/Plain_starter/qf_qact.o
 .rodata.vtable.0
                0x0000000000008f9c       0x10 Output/Debug/Obj/Plain_starter/qf_qact.o
 .rodata.Q_this_module_
                0x0000000000008fac        0x8 Output/Debug/Obj/Plain_starter/qf_time.o
 .rodata.Q_this_module_
                0x0000000000008fb4        0x3 Output/Debug/Obj/Plain_starter/qs.o
 *fill*         0x0000000000008fb7        0x1 
 .rodata        0x0000000000008fb8        0x2 Output/Debug/Obj/Plain_starter/qs.o
 *fill*         0x0000000000008fba        0x2 
 .rodata.TIME.2
                0x0000000000008fbc        0x4 Output/Debug/Obj/Plain_starter/qs.o
 .rodata.ZERO.1
                0x0000000000008fc0        0x1 Output/Debug/Obj/Plain_starter/qs.o
 *fill*         0x0000000000008fc1        0x3 
 .rodata.DATE.0
                0x0000000000008fc4        0x4 Output/Debug/Obj/Plain_starter/qs.o
 .rodata.Q_this_module_
                0x0000000000008fc8        0x6 Output/Debug/Obj/Plain_starter/qs_rx.o
 *fill*         0x0000000000008fce        0x2 
 .rodata        0x0000000000008fd0        0x6 Output/Debug/Obj/Plain_starter/qs_rx.o
 *fill*         0x0000000000008fd6        0x2 
 .rodata.Q_BUILD_DATE
                0x0000000000008fd8        0xc Output/Debug/Obj/Plain_starter/qstamp.o
                0x0000000000008fd8                Q_BUILD_DATE
 .rodata.Q_BUILD_TIME
                0x0000000000008fe4        0x9 Output/Debug/Obj/Plain_starter/qstamp.o
                0x0000000000008fe4                Q_BUILD_TIME
 *fill*         0x0000000000008fed        0x3 
 .rodata.Q_this_module_
                0x0000000000008ff0        0x3 Output/Debug/Obj/Plain_starter/qv.o
 *fill*         0x0000000000008ff3        0x1 
 .rodata.QF_port_module_
                0x0000000000008ff4        0x8 Output/Debug/Obj/Plain_starter/qv_port.o
                0x0000000000008ff4                QF_port_module_
                0x0000000000008ffc                __rodata_end__ = (__rodata_start__ + SIZEOF (.rodata))
                0x00000000000004c0                __rodata_size__ = SIZEOF (.rodata)
                0x0000000000008ffc                __rodata_load_end__ = __rodata_end__

.rel.dyn        0x0000000000008ffc        0x0
 .rel.iplt      0x0000000000008ffc        0x0 Output/Debug/Obj/Plain_starter/Blinky_AO.o
                0x0000000000000001                . = ASSERT (((__rodata_start__ == __rodata_end__) || ((__rodata_end__ - __FLASH_segment_start__) <= __FLASH_segment_size__)), error: .rodata is too large to fit in FLASH memory segment)
                0x0000000000008ffc                __ARM.exidx_load_start__ = ALIGN (__rodata_end__, 0x4)

.ARM.exidx      0x0000000000008ffc        0x0
                0x0000000000008ffc                __ARM.exidx_start__ = .
                0x0000000000008ffc                __exidx_start = __ARM.exidx_start__
 *(.ARM.exidx .ARM.exidx.*)
                0x0000000000008ffc                __ARM.exidx_end__ = (__ARM.exidx_start__ + SIZEOF (.ARM.exidx))
                0x0000000000000000                __ARM.exidx_size__ = SIZEOF (.ARM.exidx)
                0x0000000000008ffc                __exidx_end = __ARM.exidx_end__
                0x0000000000008ffc                __ARM.exidx_load_end__ = __ARM.exidx_end__
                0x0000000000000001                . = ASSERT (((__ARM.exidx_start__ == __ARM.exidx_end__) || ((__ARM.exidx_end__ - __FLASH_segment_start__) <= __FLASH_segment_size__)), error: .ARM.exidx is too large to fit in FLASH memory segment)
                0x0000000000008ffc                __fast_load_start__ = ALIGN (__ARM.exidx_end__, 0x4)

.fast           0x0000000020000000        0x0 load address 0x0000000000008ffc
                0x0000000020000000                __fast_start__ = .
 *(.fast .fast.*)
                0x0000000020000000                __fast_end__ = (__fast_start__ + SIZEOF (.fast))
                0x0000000000000000                __fast_size__ = SIZEOF (.fast)
                0x0000000000008ffc                __fast_load_end__ = (__fast_load_start__ + SIZEOF (.fast))
                0x0000000000000001                . = ASSERT (((__fast_load_start__ == __fast_load_end__) || ((__fast_load_end__ - __FLASH_segment_start__) <= __FLASH_segment_size__)), error: .fast is too large to fit in FLASH memory segment)

.fast_run       0x0000000020000000        0x0
                0x0000000020000000                __fast_run_start__ = .
                0x0000000020000000                __fast_run_end__ = (__fast_run_start__ + SIZEOF (.fast))
                0x0000000000000000                __fast_run_size__ = (__fast_run_end__ - __fast_run_start__)
                0x0000000020000000                __fast_run_load_end__ = __fast_run_end__
                0x0000000000000001                . = ASSERT (((__fast_run_start__ == __fast_run_end__) || ((__fast_run_end__ - __RAM_segment_start__) <= __RAM_segment_size__)), error: .fast_run is too large to fit in RAM memory segment)
                0x0000000000008ffc                __data_load_start__ = ALIGN ((__fast_load_start__ + SIZEOF (.fast)), 0x4)

.data           0x0000000020000000       0x1c load address 0x0000000000008ffc
                0x0000000020000000                __data_start__ = .
 *(.data .data.* .gnu.linkonce.d.*)
 .data.tx_empty
                0x0000000020000000        0x1 Output/Debug/Obj/Plain_starter/bsp.o
 *fill*         0x0000000020000001        0x3 
 .data.app_uart_inst
                0x0000000020000004       0x14 Output/Debug/Obj/Plain_starter/app_uart_fifo.o
 .data.SystemCoreClock
                0x0000000020000018        0x4 Output/Debug/Obj/Plain_starter/system_nrf52.o
                0x0000000020000018                SystemCoreClock
                0x000000002000001c                __data_end__ = (__data_start__ + SIZEOF (.data))
                0x000000000000001c                __data_size__ = SIZEOF (.data)
                0x0000000000009018                __data_load_end__ = (__data_load_start__ + SIZEOF (.data))

.igot.plt       0x0000000100000000        0x0
 .igot.plt      0x0000000100000000        0x0 Output/Debug/Obj/Plain_starter/Blinky_AO.o
                0x0000000000000001                . = ASSERT (((__data_load_start__ == __data_load_end__) || ((__data_load_end__ - __FLASH_segment_start__) <= __FLASH_segment_size__)), error: .data is too large to fit in FLASH memory segment)

.data_run       0x0000000020000000        0x0
                0x0000000020000000                __data_run_start__ = .
                0x000000002000001c                __data_run_end__ = (__data_run_start__ + SIZEOF (.data))
                0x000000000000001c                __data_run_size__ = (__data_run_end__ - __data_run_start__)
                0x000000002000001c                __data_run_load_end__ = __data_run_end__
                0x0000000000000001                . = ASSERT (((__data_run_start__ == __data_run_end__) || ((__data_run_end__ - __RAM_segment_start__) <= __RAM_segment_size__)), error: .data_run is too large to fit in RAM memory segment)
                0x0000000000009018                __tdata_load_start__ = ALIGN ((__data_load_start__ + SIZEOF (.data)), 0x4)

.tdata          0x000000002000001c        0x0 load address 0x0000000000009018
                0x000000002000001c                __tdata_start__ = .
 *(.tdata .tdata.*)
                0x000000002000001c                __tdata_end__ = (__tdata_start__ + SIZEOF (.tdata))
                0x0000000000000000                __tdata_size__ = SIZEOF (.tdata)
                0x0000000000009018                __tdata_load_end__ = (__tdata_load_start__ + SIZEOF (.tdata))
                0x0000000000009018                __FLASH_segment_used_end__ = (ALIGN ((__data_load_start__ + SIZEOF (.data)), 0x4) + SIZEOF (.tdata))
                0x0000000000009018                __FLASH_segment_used_size__ = (__FLASH_segment_used_end__ - __FLASH_segment_start__)
                0x0000000000000001                . = ASSERT (((__tdata_load_start__ == __tdata_load_end__) || ((__tdata_load_end__ - __FLASH_segment_start__) <= __FLASH_segment_size__)), error: .tdata is too large to fit in FLASH memory segment)

.tdata_run      0x000000002000001c        0x0
                0x000000002000001c                __tdata_run_start__ = .
                0x000000002000001c                __tdata_run_end__ = (__tdata_run_start__ + SIZEOF (.tdata))
                0x0000000000000000                __tdata_run_size__ = (__tdata_run_end__ - __tdata_run_start__)
                0x000000002000001c                __tdata_run_load_end__ = __tdata_run_end__
                0x0000000000000001                . = ASSERT (((__tdata_run_start__ == __tdata_run_end__) || ((__tdata_run_end__ - __RAM_segment_start__) <= __RAM_segment_size__)), error: .tdata_run is too large to fit in RAM memory segment)
                0x000000002000001c                __bss_load_start__ = ALIGN (__tdata_run_end__, 0x4)

.bss            0x000000002000001c     0x1b30
                0x000000002000001c                __bss_start__ = .
 *(.bss .bss.* .gnu.linkonce.b.*)
 .bss.Blinky_inst
                0x000000002000001c       0x28 Output/Debug/Obj/Plain_starter/Blinky_AO.o
                0x000000002000001c                Blinky_inst
 .bss.QS_tickTime_
                0x0000000020000044        0x4 Output/Debug/Obj/Plain_starter/bsp.o
                0x0000000020000044                QS_tickTime_
 .bss.QS_tickPeriod_
                0x0000000020000048        0x4 Output/Debug/Obj/Plain_starter/bsp.o
                0x0000000020000048                QS_tickPeriod_
 .bss.l_button_handler
                0x000000002000004c        0x1 Output/Debug/Obj/Plain_starter/bsp.o
 *fill*         0x000000002000004d        0x3 
 .bss.rx_buf.5  0x0000000020000050      0x800 Output/Debug/Obj/Plain_starter/bsp.o
 .bss.tx_buf.4  0x0000000020000850      0x800 Output/Debug/Obj/Plain_starter/bsp.o
 .bss.Blinky_Queue_Storage.2
                0x0000000020001050       0x28 Output/Debug/Obj/Plain_starter/bsp.o
 .bss.qsTxBuf.1
                0x0000000020001078      0x800 Output/Debug/Obj/Plain_starter/bsp.o
 .bss.qsRxBuf.0
                0x0000000020001878       0x64 Output/Debug/Obj/Plain_starter/bsp.o
 .bss.m_cb      0x00000000200018dc       0x2c Output/Debug/Obj/Plain_starter/nrfx_uart.o
 .bss.m_cb      0x0000000020001908       0x24 Output/Debug/Obj/Plain_starter/nrfx_uarte.o
 .bss.m_prs_box_4
                0x000000002000192c        0x8 Output/Debug/Obj/Plain_starter/nrfx_prs.o
 .bss.m_cb      0x0000000020001934       0x4c Output/Debug/Obj/Plain_starter/nrfx_gpiote.o
 .bss.m_error_data.0
                0x0000000020001980       0x20 Output/Debug/Obj/Plain_starter/app_error.o
 .bss.m_event_handler
                0x00000000200019a0        0x4 Output/Debug/Obj/Plain_starter/app_uart_fifo.o
 .bss.tx_buffer
                0x00000000200019a4        0x1 Output/Debug/Obj/Plain_starter/app_uart_fifo.o
 *fill*         0x00000000200019a5        0x3 
 .bss.rx_buffer
                0x00000000200019a8        0x1 Output/Debug/Obj/Plain_starter/app_uart_fifo.o
 .bss.m_rx_ovf  0x00000000200019a9        0x1 Output/Debug/Obj/Plain_starter/app_uart_fifo.o
 *fill*         0x00000000200019aa        0x2 
 .bss.m_rx_fifo
                0x00000000200019ac       0x10 Output/Debug/Obj/Plain_starter/app_uart_fifo.o
 .bss.m_tx_fifo
                0x00000000200019bc       0x10 Output/Debug/Obj/Plain_starter/app_uart_fifo.o
 .bss.m_in_critical_region
                0x00000000200019cc        0x4 Output/Debug/Obj/Plain_starter/app_util_platform.o
 .bss.m_handlers
                0x00000000200019d0        0x4 Output/Debug/Obj/Plain_starter/nrf_drv_uart.o
 .bss.m_contexts
                0x00000000200019d4        0x4 Output/Debug/Obj/Plain_starter/nrf_drv_uart.o
 .bss.nrf_drv_uart_use_easy_dma
                0x00000000200019d8        0x1 Output/Debug/Obj/Plain_starter/nrf_drv_uart.o
                0x00000000200019d8                nrf_drv_uart_use_easy_dma
 *fill*         0x00000000200019d9        0x3 
 .bss.QActive_registry_
                0x00000000200019dc       0x84 Output/Debug/Obj/Plain_starter/qf_act.o
                0x00000000200019dc                QActive_registry_
 .bss.QF_priv_  0x0000000020001a60       0x40 Output/Debug/Obj/Plain_starter/qf_act.o
                0x0000000020001a60                QF_priv_
 .bss.QActive_subscrList_
                0x0000000020001aa0        0x4 Output/Debug/Obj/Plain_starter/qf_ps.o
                0x0000000020001aa0                QActive_subscrList_
 .bss.QActive_maxPubSignal_
                0x0000000020001aa4        0x4 Output/Debug/Obj/Plain_starter/qf_ps.o
                0x0000000020001aa4                QActive_maxPubSignal_
 .bss.QTimeEvt_timeEvtHead_
                0x0000000020001aa8       0x14 Output/Debug/Obj/Plain_starter/qf_time.o
                0x0000000020001aa8                QTimeEvt_timeEvtHead_
 .bss.QS_filt_  0x0000000020001abc       0x20 Output/Debug/Obj/Plain_starter/qs.o
                0x0000000020001abc                QS_filt_
 .bss.QS_priv_  0x0000000020001adc       0x14 Output/Debug/Obj/Plain_starter/qs.o
                0x0000000020001adc                QS_priv_
 .bss.endian_test.3
                0x0000000020001af0        0x2 Output/Debug/Obj/Plain_starter/qs.o
 *fill*         0x0000000020001af2        0x2 
 .bss.QS_rxPriv_
                0x0000000020001af4       0x44 Output/Debug/Obj/Plain_starter/qs_rx.o
                0x0000000020001af4                QS_rxPriv_
 .bss.QV_priv_  0x0000000020001b38       0x10 Output/Debug/Obj/Plain_starter/qv.o
                0x0000000020001b38                QV_priv_
 .bss.__SEGGER_RTL_heap_globals
                0x0000000020001b48        0x4 C:/Program Files/SEGGER/SEGGER Embedded Studio for ARM 6.30/lib/heapops_basic_v7em_little.a(heapops_basic.o)
 *(COMMON)
                0x0000000020001b4c                __bss_end__ = (__bss_start__ + SIZEOF (.bss))
                0x0000000000001b30                __bss_size__ = SIZEOF (.bss)
                0x0000000020001b4c                __bss_load_end__ = __bss_end__
                0x0000000000000001                . = ASSERT (((__bss_start__ == __bss_end__) || ((__bss_end__ - __RAM_segment_start__) <= __RAM_segment_size__)), error: .bss is too large to fit in RAM memory segment)
                0x0000000020001b4c                __tbss_load_start__ = ALIGN (__bss_end__, 0x4)

.tbss           0x0000000020001b4c        0x0
                0x0000000020001b4c                __tbss_start__ = .
 *(.tbss .tbss.*)
                0x0000000020001b4c                __tbss_end__ = (__tbss_start__ + SIZEOF (.tbss))
                0x0000000000000000                __tbss_size__ = SIZEOF (.tbss)
                0x0000000020001b4c                __tbss_load_end__ = __tbss_end__
                0x0000000000000001                . = ASSERT (((__tbss_start__ == __tbss_end__) || ((__tbss_end__ - __RAM_segment_start__) <= __RAM_segment_size__)), error: .tbss is too large to fit in RAM memory segment)
                0x0000000020001b4c                __non_init_load_start__ = ALIGN (__tbss_end__, 0x4)

.non_init       0x0000000020001b4c        0x0
                0x0000000020001b4c                __non_init_start__ = .
 *(.non_init .non_init.*)
                0x0000000020001b4c                __non_init_end__ = (__non_init_start__ + SIZEOF (.non_init))
                0x0000000000000000                __non_init_size__ = SIZEOF (.non_init)
                0x0000000020001b4c                __non_init_load_end__ = __non_init_end__
                0x0000000000000001                . = ASSERT (((__non_init_start__ == __non_init_end__) || ((__non_init_end__ - __RAM_segment_start__) <= __RAM_segment_size__)), error: .non_init is too large to fit in RAM memory segment)
                0x0000000020001b4c                __heap_load_start__ = ALIGN (__non_init_end__, 0x4)

.heap           0x0000000020001b4c     0x2000
                0x0000000020001b4c                __heap_start__ = .
 *(.heap .heap.*)
                0x0000000020003b4c                . = ALIGN (MAX ((__heap_start__ + __HEAPSIZE__), .), 0x4)
 *fill*         0x0000000020001b4c     0x2000 
                0x0000000020003b4c                __heap_end__ = (__heap_start__ + SIZEOF (.heap))
                0x0000000000002000                __heap_size__ = SIZEOF (.heap)
                0x0000000020003b4c                __heap_load_end__ = __heap_end__
                0x0000000000000001                . = ASSERT (((__heap_start__ == __heap_end__) || ((__heap_end__ - __RAM_segment_start__) <= __RAM_segment_size__)), error: .heap is too large to fit in RAM memory segment)
                0x000000002000e000                __stack_load_start__ = (__RAM_segment_start__ + (__RAM_segment_size__ - 0x2000))

.stack          0x000000002000e000     0x2000
                0x000000002000e000                __stack_start__ = .
                0x000000002000e000                __StackLimit = __stack_start__
 *(.stack .stack.*)
                0x0000000020010000                . = ALIGN (MAX ((__stack_start__ + __STACKSIZE__), .), 0x8)
 *fill*         0x000000002000e000     0x2000 
                0x0000000020010000                __stack_end__ = (__stack_start__ + SIZEOF (.stack))
                0x0000000000002000                __stack_size__ = SIZEOF (.stack)
                0x0000000020010000                __StackTop = __stack_end__
                0x0000000020010000                __stack_load_end__ = __stack_end__
                0x0000000000000001                . = ASSERT (((__stack_start__ == __stack_end__) || ((__stack_end__ - __RAM_segment_start__) <= __RAM_segment_size__)), error: .stack is too large to fit in RAM memory segment)
                0x0000000000000001                . = ASSERT ((__heap_end__ <= __stack_start__), error: section .heap overlaps absolute placed section .stack)
                0x0000000020010000                __stack_process_load_start__ = ALIGN (__stack_end__, 0x8)

.stack_process  0x0000000020010000        0x0
                0x0000000020010000                __stack_process_start__ = .
 *(.stack_process .stack_process.*)
                0x0000000020010000                . = ALIGN (MAX ((__stack_process_start__ + __STACKSIZE_PROCESS__), .), 0x8)
                0x0000000020010000                __stack_process_end__ = (__stack_process_start__ + SIZEOF (.stack_process))
                0x0000000000000000                __stack_process_size__ = SIZEOF (.stack_process)
                0x0000000020010000                __stack_process_load_end__ = __stack_process_end__
                0x0000000020010000                __RAM_segment_used_end__ = (ALIGN (__stack_end__, 0x8) + SIZEOF (.stack_process))
                0x0000000000010000                __RAM_segment_used_size__ = (__RAM_segment_used_end__ - __RAM_segment_start__)
                0x0000000000000001                . = ASSERT (((__stack_process_start__ == __stack_process_end__) || ((__stack_process_end__ - __RAM_segment_start__) <= __RAM_segment_size__)), error: .stack_process is too large to fit in RAM memory segment)
START GROUP
LOAD Output/Debug/Obj/Plain_starter/Blinky_AO.o
LOAD Output/Debug/Obj/Plain_starter/bsp.o
LOAD Output/Debug/Obj/Plain_starter/main.o
LOAD Output/Debug/Obj/Plain_starter/nrfx_atomic.o
LOAD Output/Debug/Obj/Plain_starter/nrfx_systick.o
LOAD Output/Debug/Obj/Plain_starter/nrfx_uart.o
LOAD Output/Debug/Obj/Plain_starter/nrfx_uarte.o
LOAD Output/Debug/Obj/Plain_starter/nrfx_prs.o
LOAD Output/Debug/Obj/Plain_starter/nrfx_gpiote.o
LOAD Output/Debug/Obj/Plain_starter/app_error.o
LOAD Output/Debug/Obj/Plain_starter/app_error_handler_gcc.o
LOAD Output/Debug/Obj/Plain_starter/app_error_weak.o
LOAD Output/Debug/Obj/Plain_starter/app_fifo.o
LOAD Output/Debug/Obj/Plain_starter/app_uart_fifo.o
LOAD Output/Debug/Obj/Plain_starter/app_util_platform.o
LOAD Output/Debug/Obj/Plain_starter/nrf_assert.o
LOAD Output/Debug/Obj/Plain_starter/nrf_atomic.o
LOAD Output/Debug/Obj/Plain_starter/nrf_balloc.o
LOAD Output/Debug/Obj/Plain_starter/nrf_drv_uart.o
LOAD Output/Debug/Obj/Plain_starter/nrf_fprintf.o
LOAD Output/Debug/Obj/Plain_starter/nrf_fprintf_format.o
LOAD Output/Debug/Obj/Plain_starter/nrf_memobj.o
LOAD Output/Debug/Obj/Plain_starter/nrf_ringbuf.o
LOAD Output/Debug/Obj/Plain_starter/nrf_strerror.o
LOAD Output/Debug/Obj/Plain_starter/nrf_log_frontend.o
LOAD Output/Debug/Obj/Plain_starter/nrf_log_str_formatter.o
LOAD Output/Debug/Obj/Plain_starter/qep_hsm.o
LOAD Output/Debug/Obj/Plain_starter/qep_msm.o
LOAD Output/Debug/Obj/Plain_starter/qf_act.o
LOAD Output/Debug/Obj/Plain_starter/qf_actq.o
LOAD Output/Debug/Obj/Plain_starter/qf_defer.o
LOAD Output/Debug/Obj/Plain_starter/qf_dyn.o
LOAD Output/Debug/Obj/Plain_starter/qf_mem.o
LOAD Output/Debug/Obj/Plain_starter/qf_ps.o
LOAD Output/Debug/Obj/Plain_starter/qf_qact.o
LOAD Output/Debug/Obj/Plain_starter/qf_qeq.o
LOAD Output/Debug/Obj/Plain_starter/qf_qmact.o
LOAD Output/Debug/Obj/Plain_starter/qf_time.o
LOAD Output/Debug/Obj/Plain_starter/qs.o
LOAD Output/Debug/Obj/Plain_starter/qs_fp.o
LOAD Output/Debug/Obj/Plain_starter/qs_rx.o
LOAD Output/Debug/Obj/Plain_starter/qstamp.o
LOAD Output/Debug/Obj/Plain_starter/qv.o
LOAD Output/Debug/Obj/Plain_starter/qv_port.o
LOAD Output/Debug/Obj/Plain_starter/thumb_crt0.o
LOAD Output/Debug/Obj/Plain_starter/ses_startup_nrf52.o
LOAD Output/Debug/Obj/Plain_starter/ses_startup_nrf_common.o
LOAD Output/Debug/Obj/Plain_starter/system_nrf52.o
LOAD C:/Users/jsirs/AppData/Local/SEGGER/SEGGER Embedded Studio/v3/packages/libraries/libcxx/lib/libcxx_noexcept_v7em_fpv4_sp_d16_hard_t_le_eabi_balanced.a
LOAD C:/Program Files/SEGGER/SEGGER Embedded Studio for ARM 6.30/lib/libc_v7em_fpv4_sp_d16_hard_t_le_eabi_balanced.a
LOAD C:/Program Files/SEGGER/SEGGER Embedded Studio for ARM 6.30/lib/prinops_rtt_v7em_little.a
LOAD C:/Program Files/SEGGER/SEGGER Embedded Studio for ARM 6.30/lib/heapops_basic_v7em_little.a
END GROUP
OUTPUT(C:/nrf_experimental/examples/HSM_Experimental/Direct_posting/pca10040/blank/ses/Output/Debug/Exe/Plain_starter.elf elf32-littlearm)
LOAD linker stubs

.debug_frame    0x0000000000000000     0x39b0
 .debug_frame   0x0000000000000000       0xd0 Output/Debug/Obj/Plain_starter/Blinky_AO.o
 .debug_frame   0x00000000000000d0      0x3ac Output/Debug/Obj/Plain_starter/bsp.o
 .debug_frame   0x000000000000047c       0x2c Output/Debug/Obj/Plain_starter/main.o
 .debug_frame   0x00000000000004a8      0x850 Output/Debug/Obj/Plain_starter/nrfx_uart.o
 .debug_frame   0x0000000000000cf8      0x7dc Output/Debug/Obj/Plain_starter/nrfx_uarte.o
 .debug_frame   0x00000000000014d4       0x9c Output/Debug/Obj/Plain_starter/nrfx_prs.o
 .debug_frame   0x0000000000001570      0xb60 Output/Debug/Obj/Plain_starter/nrfx_gpiote.o
 .debug_frame   0x00000000000020d0       0x58 Output/Debug/Obj/Plain_starter/app_error.o
 .debug_frame   0x0000000000002128       0x20 Output/Debug/Obj/Plain_starter/app_error_handler_gcc.o
 .debug_frame   0x0000000000002148       0x38 Output/Debug/Obj/Plain_starter/app_error_weak.o
 .debug_frame   0x0000000000002180      0x1a4 Output/Debug/Obj/Plain_starter/app_fifo.o
 .debug_frame   0x0000000000002324      0x1b8 Output/Debug/Obj/Plain_starter/app_uart_fifo.o
 .debug_frame   0x00000000000024dc       0xe8 Output/Debug/Obj/Plain_starter/app_util_platform.o
 .debug_frame   0x00000000000025c4       0x38 Output/Debug/Obj/Plain_starter/nrf_assert.o
 .debug_frame   0x00000000000025fc       0x8c Output/Debug/Obj/Plain_starter/nrf_drv_uart.o
 .debug_frame   0x0000000000002688      0x158 Output/Debug/Obj/Plain_starter/qep_hsm.o
 .debug_frame   0x00000000000027e0       0x30 Output/Debug/Obj/Plain_starter/qf_act.o
 .debug_frame   0x0000000000002810      0x1f0 Output/Debug/Obj/Plain_starter/qf_actq.o
 .debug_frame   0x0000000000002a00      0x1a8 Output/Debug/Obj/Plain_starter/qf_dyn.o
 .debug_frame   0x0000000000002ba8       0x88 Output/Debug/Obj/Plain_starter/qf_mem.o
 .debug_frame   0x0000000000002c30      0x218 Output/Debug/Obj/Plain_starter/qf_ps.o
 .debug_frame   0x0000000000002e48       0x88 Output/Debug/Obj/Plain_starter/qf_qact.o
 .debug_frame   0x0000000000002ed0       0xe8 Output/Debug/Obj/Plain_starter/qf_qeq.o
 .debug_frame   0x0000000000002fb8      0x170 Output/Debug/Obj/Plain_starter/qf_time.o
 .debug_frame   0x0000000000003128      0x3b0 Output/Debug/Obj/Plain_starter/qs.o
 .debug_frame   0x00000000000034d8      0x1ec Output/Debug/Obj/Plain_starter/qs_rx.o
 .debug_frame   0x00000000000036c4      0x180 Output/Debug/Obj/Plain_starter/qv.o
 .debug_frame   0x0000000000003844       0x70 Output/Debug/Obj/Plain_starter/qv_port.o
 .debug_frame   0x00000000000038b4       0xfc Output/Debug/Obj/Plain_starter/system_nrf52.o

.debug_info     0x0000000000000000    0x16c86
 .debug_info    0x0000000000000000      0x87f Output/Debug/Obj/Plain_starter/Blinky_AO.o
 .debug_info    0x000000000000087f     0x2093 Output/Debug/Obj/Plain_starter/bsp.o
 .debug_info    0x0000000000002912       0xcd Output/Debug/Obj/Plain_starter/main.o
 .debug_info    0x00000000000029df     0x1d6b Output/Debug/Obj/Plain_starter/nrfx_uart.o
 .debug_info    0x000000000000474a     0x1ea4 Output/Debug/Obj/Plain_starter/nrfx_uarte.o
 .debug_info    0x00000000000065ee      0x6fc Output/Debug/Obj/Plain_starter/nrfx_prs.o
 .debug_info    0x0000000000006cea     0x1ff8 Output/Debug/Obj/Plain_starter/nrfx_gpiote.o
 .debug_info    0x0000000000008ce2      0x28c Output/Debug/Obj/Plain_starter/app_error.o
 .debug_info    0x0000000000008f6e       0xf8 Output/Debug/Obj/Plain_starter/app_error_handler_gcc.o
 .debug_info    0x0000000000009066      0x258 Output/Debug/Obj/Plain_starter/app_error_weak.o
 .debug_info    0x00000000000092be      0x41c Output/Debug/Obj/Plain_starter/app_fifo.o
 .debug_info    0x00000000000096da     0x13cc Output/Debug/Obj/Plain_starter/app_uart_fifo.o
 .debug_info    0x000000000000aaa6      0x742 Output/Debug/Obj/Plain_starter/app_util_platform.o
 .debug_info    0x000000000000b1e8      0x12b Output/Debug/Obj/Plain_starter/nrf_assert.o
 .debug_info    0x000000000000b313     0x1187 Output/Debug/Obj/Plain_starter/nrf_drv_uart.o
 .debug_info    0x000000000000c49a      0xd8f Output/Debug/Obj/Plain_starter/qep_hsm.o
 .debug_info    0x000000000000d229      0x7a0 Output/Debug/Obj/Plain_starter/qf_act.o
 .debug_info    0x000000000000d9c9      0xe54 Output/Debug/Obj/Plain_starter/qf_actq.o
 .debug_info    0x000000000000e81d      0x955 Output/Debug/Obj/Plain_starter/qf_dyn.o
 .debug_info    0x000000000000f172      0x6c7 Output/Debug/Obj/Plain_starter/qf_mem.o
 .debug_info    0x000000000000f839      0xe57 Output/Debug/Obj/Plain_starter/qf_ps.o
 .debug_info    0x0000000000010690      0x80d Output/Debug/Obj/Plain_starter/qf_qact.o
 .debug_info    0x0000000000010e9d      0x79b Output/Debug/Obj/Plain_starter/qf_qeq.o
 .debug_info    0x0000000000011638      0xd4e Output/Debug/Obj/Plain_starter/qf_time.o
 .debug_info    0x0000000000012386     0x121f Output/Debug/Obj/Plain_starter/qs.o
 .debug_info    0x00000000000135a5     0x1395 Output/Debug/Obj/Plain_starter/qs_rx.o
 .debug_info    0x000000000001493a       0x92 Output/Debug/Obj/Plain_starter/qstamp.o
 .debug_info    0x00000000000149cc      0xf66 Output/Debug/Obj/Plain_starter/qv.o
 .debug_info    0x0000000000015932      0x153 Output/Debug/Obj/Plain_starter/qv_port.o
 .debug_info    0x0000000000015a85       0x22 Output/Debug/Obj/Plain_starter/thumb_crt0.o
 .debug_info    0x0000000000015aa7       0x23 Output/Debug/Obj/Plain_starter/ses_startup_nrf52.o
 .debug_info    0x0000000000015aca       0x23 Output/Debug/Obj/Plain_starter/ses_startup_nrf_common.o
 .debug_info    0x0000000000015aed     0x1199 Output/Debug/Obj/Plain_starter/system_nrf52.o

.debug_abbrev   0x0000000000000000     0x47c5
 .debug_abbrev  0x0000000000000000      0x260 Output/Debug/Obj/Plain_starter/Blinky_AO.o
 .debug_abbrev  0x0000000000000260      0x562 Output/Debug/Obj/Plain_starter/bsp.o
 .debug_abbrev  0x00000000000007c2       0x94 Output/Debug/Obj/Plain_starter/main.o
 .debug_abbrev  0x0000000000000856      0x3a2 Output/Debug/Obj/Plain_starter/nrfx_uart.o
 .debug_abbrev  0x0000000000000bf8      0x36a Output/Debug/Obj/Plain_starter/nrfx_uarte.o
 .debug_abbrev  0x0000000000000f62      0x1e3 Output/Debug/Obj/Plain_starter/nrfx_prs.o
 .debug_abbrev  0x0000000000001145      0x39a Output/Debug/Obj/Plain_starter/nrfx_gpiote.o
 .debug_abbrev  0x00000000000014df      0x130 Output/Debug/Obj/Plain_starter/app_error.o
 .debug_abbrev  0x000000000000160f       0x96 Output/Debug/Obj/Plain_starter/app_error_handler_gcc.o
 .debug_abbrev  0x00000000000016a5      0x159 Output/Debug/Obj/Plain_starter/app_error_weak.o
 .debug_abbrev  0x00000000000017fe      0x133 Output/Debug/Obj/Plain_starter/app_fifo.o
 .debug_abbrev  0x0000000000001931      0x2bb Output/Debug/Obj/Plain_starter/app_uart_fifo.o
 .debug_abbrev  0x0000000000001bec      0x251 Output/Debug/Obj/Plain_starter/app_util_platform.o
 .debug_abbrev  0x0000000000001e3d       0xc7 Output/Debug/Obj/Plain_starter/nrf_assert.o
 .debug_abbrev  0x0000000000001f04      0x205 Output/Debug/Obj/Plain_starter/nrf_drv_uart.o
 .debug_abbrev  0x0000000000002109      0x370 Output/Debug/Obj/Plain_starter/qep_hsm.o
 .debug_abbrev  0x0000000000002479      0x207 Output/Debug/Obj/Plain_starter/qf_act.o
 .debug_abbrev  0x0000000000002680      0x390 Output/Debug/Obj/Plain_starter/qf_actq.o
 .debug_abbrev  0x0000000000002a10      0x32e Output/Debug/Obj/Plain_starter/qf_dyn.o
 .debug_abbrev  0x0000000000002d3e      0x23b Output/Debug/Obj/Plain_starter/qf_mem.o
 .debug_abbrev  0x0000000000002f79      0x341 Output/Debug/Obj/Plain_starter/qf_ps.o
 .debug_abbrev  0x00000000000032ba      0x266 Output/Debug/Obj/Plain_starter/qf_qact.o
 .debug_abbrev  0x0000000000003520      0x27d Output/Debug/Obj/Plain_starter/qf_qeq.o
 .debug_abbrev  0x000000000000379d      0x345 Output/Debug/Obj/Plain_starter/qf_time.o
 .debug_abbrev  0x0000000000003ae2      0x2b1 Output/Debug/Obj/Plain_starter/qs.o
 .debug_abbrev  0x0000000000003d93      0x34b Output/Debug/Obj/Plain_starter/qs_rx.o
 .debug_abbrev  0x00000000000040de       0x69 Output/Debug/Obj/Plain_starter/qstamp.o
 .debug_abbrev  0x0000000000004147      0x374 Output/Debug/Obj/Plain_starter/qv.o
 .debug_abbrev  0x00000000000044bb       0xcf Output/Debug/Obj/Plain_starter/qv_port.o
 .debug_abbrev  0x000000000000458a       0x12 Output/Debug/Obj/Plain_starter/thumb_crt0.o
 .debug_abbrev  0x000000000000459c       0x14 Output/Debug/Obj/Plain_starter/ses_startup_nrf52.o
 .debug_abbrev  0x00000000000045b0       0x14 Output/Debug/Obj/Plain_starter/ses_startup_nrf_common.o
 .debug_abbrev  0x00000000000045c4      0x201 Output/Debug/Obj/Plain_starter/system_nrf52.o

.debug_pubnames
                0x0000000000000000     0xb95e
 .debug_pubnames
                0x0000000000000000      0x2ba Output/Debug/Obj/Plain_starter/Blinky_AO.o
 .debug_pubnames
                0x00000000000002ba     0x1682 Output/Debug/Obj/Plain_starter/bsp.o
 .debug_pubnames
                0x000000000000193c       0x4d Output/Debug/Obj/Plain_starter/main.o
 .debug_pubnames
                0x0000000000001989      0xacd Output/Debug/Obj/Plain_starter/nrfx_uart.o
 .debug_pubnames
                0x0000000000002456      0xc7d Output/Debug/Obj/Plain_starter/nrfx_uarte.o
 .debug_pubnames
                0x00000000000030d3      0x17a Output/Debug/Obj/Plain_starter/nrfx_prs.o
 .debug_pubnames
                0x000000000000324d     0x139d Output/Debug/Obj/Plain_starter/nrfx_gpiote.o
 .debug_pubnames
                0x00000000000045ea       0x88 Output/Debug/Obj/Plain_starter/app_error.o
 .debug_pubnames
                0x0000000000004672       0x44 Output/Debug/Obj/Plain_starter/app_error_handler_gcc.o
 .debug_pubnames
                0x00000000000046b6      0x101 Output/Debug/Obj/Plain_starter/app_error_weak.o
 .debug_pubnames
                0x00000000000047b7       0xc8 Output/Debug/Obj/Plain_starter/app_fifo.o
 .debug_pubnames
                0x000000000000487f      0x4da Output/Debug/Obj/Plain_starter/app_uart_fifo.o
 .debug_pubnames
                0x0000000000004d59      0x239 Output/Debug/Obj/Plain_starter/app_util_platform.o
 .debug_pubnames